******************************************************************************
                  TI ARM Linker PC v16.9.6                     
******************************************************************************
>> Linked Fri Feb 09 12:55:12 2018

OUTPUT FILE NAME:   <LAB2_A2.out>
ENTRY POINT SYMBOL: "_c_int00"  address: 00000709


MEMORY CONFIGURATION

         name            origin    length      used     unused   attr    fill
----------------------  --------  ---------  --------  --------  ----  --------
  FLASH                 00000000   00040000  00000b8a  0003f476  R  X
  SRAM                  20000000   00008000  00000498  00007b68  RW X


SEGMENT ALLOCATION MAP

run origin  load origin   length   init length attrs members
----------  ----------- ---------- ----------- ----- -------
00000000    00000000    00000b90   00000b90    r-x
  00000000    00000000    0000026c   0000026c    r-- .intvecs
  0000026c    0000026c    000006de   000006de    r-x .text
  0000094c    0000094c    00000208   00000208    r-- .const
  00000b58    00000b58    00000038   00000038    r-- .cinit
20000000    20000000    00000498   00000000    rw-
  20000000    20000000    0000026c   00000000    rw- .vtable
  2000026c    2000026c    00000200   00000000    rw- .stack
  2000046c    2000046c    0000002c   00000000    rw- .data


SECTION ALLOCATION MAP

 output                                  attributes/
section   page    origin      length       input sections
--------  ----  ----------  ----------   ----------------
.intvecs   0    00000000    0000026c     
                  00000000    0000026c     tm4c123gh6pm_startup_ccs.obj (.intvecs)

.text      0    0000026c    000006de     
                  0000026c    000001c8     main.obj (.text)
                  00000434    0000009c     rtsv7M4_T_le_v4SPD16_eabi.lib : memcpy_t2.obj (.text)
                  000004d0    0000007c     PLL.obj (.text)
                  0000054c    0000007a     rtsv7M4_T_le_v4SPD16_eabi.lib : memset_t2.obj (.text)
                  000005c6    00000002                                   : mpu_init.obj (.text)
                  000005c8    00000070                                   : autoinit.obj (.text)
                  00000638    00000068     driverlib.lib : interrupt.obj (.text:IntEnable)
                  000006a0    00000068     rtsv7M4_T_le_v4SPD16_eabi.lib : copy_decompress_lzss.obj (.text:decompress:lzss)
                  00000708    00000054                                   : boot.obj (.text)
                  0000075c    00000054                                   : exit.obj (.text)
                  000007b0    0000004c                                   : cpy_tbl.obj (.text)
                  000007fc    00000048     SysTickInts.obj (.text)
                  00000844    00000044     driverlib.lib : gpio.obj (.text:_GPIOIntNumberGet)
                  00000888    00000034                   : interrupt.obj (.text:IntRegister)
                  000008bc    00000018                   : gpio.obj (.text:GPIOIntRegister)
                  000008d4    00000018     rtsv7M4_T_le_v4SPD16_eabi.lib : args_main.obj (.text)
                  000008ec    00000014                                   : _lock.obj (.text)
                  00000900    0000000e                                   : copy_decompress_none.obj (.text:decompress:none)
                  0000090e    0000000c     driverlib.lib : gpio.obj (.text:GPIOIntEnable)
                  0000091a    0000000c     rtsv7M4_T_le_v4SPD16_eabi.lib : copy_zero_init.obj (.text:decompress:ZI)
                  00000926    0000000c     tm4c123gh6pm_startup_ccs.obj (.text)
                  00000932    00000006     driverlib.lib : gpio.obj (.text:GPIOIntClear)
                  00000938    00000006                   : gpio.obj (.text:GPIOPinRead)
                  0000093e    00000006                   : gpio.obj (.text:GPIOPinWrite)
                  00000944    00000004     rtsv7M4_T_le_v4SPD16_eabi.lib : pre_init.obj (.text)
                  00000948    00000002                                   : startup.obj (.text)

.const     0    0000094c    00000208     
                  0000094c    000000d8     driverlib.lib : gpio.obj (.const:g_ppui32GPIOIntMapSnowflake)
                  00000a24    000000c0                   : gpio.obj (.const:g_ppui32GPIOIntMapBlizzard)
                  00000ae4    00000070                   : interrupt.obj (.const)

.cinit     0    00000b58    00000038     
                  00000b58    00000011     (.cinit..data.load) [load image, compression = lzss]
                  00000b69    00000003     --HOLE-- [fill = 0]
                  00000b6c    0000000c     (__TI_handler_table)
                  00000b78    00000008     (.cinit..vtable.load) [load image, compression = zero_init]
                  00000b80    00000010     (__TI_cinit_table)

.init_array 
*          0    00000000    00000000     UNINITIALIZED

.vtable    0    20000000    0000026c     UNINITIALIZED
                  20000000    0000026c     driverlib.lib : interrupt.obj (.vtable)

.stack     0    2000026c    00000200     UNINITIALIZED
                  2000026c    00000200     --HOLE--

.data      0    2000046c    0000002c     UNINITIALIZED
                  2000046c    00000011     main.obj (.data)
                  2000047d    00000003     --HOLE--
                  20000480    0000000c     rtsv7M4_T_le_v4SPD16_eabi.lib : exit.obj (.data:$O1$$)
                  2000048c    00000008                                   : _lock.obj (.data:$O1$$)
                  20000494    00000004                                   : stkdepth_vars.obj (.data)

MODULE SUMMARY

       Module                         code   ro data   rw data
       ------                         ----   -------   -------
    .\
       tm4c123gh6pm_startup_ccs.obj   12     620       0      
       main.obj                       456    0         17     
       PLL.obj                        124    0         0      
       SysTickInts.obj                72     0         0      
    +--+------------------------------+------+---------+---------+
       Total:                         664    620       17     
                                                              
    C:/ti/TivaWare_C_Series-2.1.4.178/driverlib/ccs/Debug/driverlib.lib
       interrupt.obj                  156    112       620    
       gpio.obj                       122    408       0      
    +--+------------------------------+------+---------+---------+
       Total:                         278    520       620    
                                                              
    C:\ti\ccsv7\tools\compiler\ti-cgt-arm_16.9.6.LTS\lib\rtsv7M4_T_le_v4SPD16_eabi.lib
       memcpy_t2.obj                  156    0         0      
       memset_t2.obj                  122    0         0      
       autoinit.obj                   112    0         0      
       copy_decompress_lzss.obj       104    0         0      
       exit.obj                       84     0         12     
       boot.obj                       84     0         0      
       cpy_tbl.obj                    76     0         0      
       _lock.obj                      20     0         8      
       args_main.obj                  24     0         0      
       copy_decompress_none.obj       14     0         0      
       copy_zero_init.obj             12     0         0      
       pre_init.obj                   4      0         0      
       stkdepth_vars.obj              0      0         4      
       mpu_init.obj                   2      0         0      
       startup.obj                    2      0         0      
    +--+------------------------------+------+---------+---------+
       Total:                         816    0         24     
                                                              
       Stack:                         0      0         512    
       Linker Generated:              0      53        0      
    +--+------------------------------+------+---------+---------+
       Grand Total:                   1758   1193      1173   


LINKER GENERATED COPY TABLES

__TI_cinit_table @ 00000b80 records: 2, size/record: 8, table size: 16
	.data: load addr=00000b58, load size=00000011 bytes, run addr=2000046c, run size=0000002c bytes, compression=lzss
	.vtable: load addr=00000b78, load size=00000008 bytes, run addr=20000000, run size=0000026c bytes, compression=zero_init


LINKER GENERATED HANDLER TABLE

__TI_handler_table @ 00000b6c records: 3, size/record: 4, table size: 12
	index: 0, handler: __TI_zero_init
	index: 1, handler: __TI_decompress_lzss
	index: 2, handler: __TI_decompress_none


GLOBAL SYMBOLS: SORTED ALPHABETICALLY BY Name 

address   name                           
-------   ----                           
00000343  Button_Handler                 
0000075d  C$$EXIT                        
00000933  GPIOIntClear                   
0000090f  GPIOIntEnable                  
000008bd  GPIOIntRegister                
00000939  GPIOPinRead                    
0000093f  GPIOPinWrite                   
00000639  IntEnable                      
00000889  IntRegister                    
000004d1  PLL_Init                       
00000299  PortF_Init                     
00000927  ResetISR                       
UNDEFED   SHT$$INIT_ARRAY$$Base          
UNDEFED   SHT$$INIT_ARRAY$$Limit         
00000301  SysTick_Handler                
000007fd  SysTick_Init                   
2000046c  __STACK_END                    
00000200  __STACK_SIZE                   
2000046c  __STACK_TOP                    
00000b80  __TI_CINIT_Base                
00000b90  __TI_CINIT_Limit               
00000b6c  __TI_Handler_Table_Base        
00000b78  __TI_Handler_Table_Limit       
000005c9  __TI_auto_init                 
20000480  __TI_cleanup_ptr               
000006a1  __TI_decompress_lzss           
00000901  __TI_decompress_none           
20000484  __TI_dtors_ptr                 
20000488  __TI_enable_exit_profile_output
ffffffff  __TI_pprof_out_hndl            
ffffffff  __TI_prof_data_size            
ffffffff  __TI_prof_data_start           
00000000  __TI_static_base__             
0000091b  __TI_zero_init                 
0000054d  __aeabi_memclr                 
0000054d  __aeabi_memclr4                
0000054d  __aeabi_memclr8                
00000435  __aeabi_memcpy                 
00000435  __aeabi_memcpy4                
00000435  __aeabi_memcpy8                
0000054f  __aeabi_memset                 
0000054f  __aeabi_memset4                
0000054f  __aeabi_memset8                
ffffffff  __binit__                      
ffffffff  __c_args__                     
000005c7  __mpu_init                     
2000026c  __stack                        
000008d5  _args_main                     
00000709  _c_int00                       
2000048c  _lock                          
000008fb  _nop                           
000008f3  _register_lock                 
000008ed  _register_unlock               
00000949  _system_post_cinit             
00000945  _system_pre_init               
20000490  _unlock                        
00000761  abort                          
2000047c  areButtonsToggledOff           
ffffffff  binit                          
000007b1  copy_in                        
2000046c  count                          
00000379  debounce_buttons               
000002ef  disable_interrupts             
000002f5  enable_interrupts              
00000769  exit                           
20000000  g_pfnRAMVectors                
00000000  g_pfnVectors                   
20000478  lastDebounceTime               
20000474  ledState                       
0000026d  main                           
20000494  main_func_sp                   
00000435  memcpy                         
00000555  memset                         
20000470  timeCount                      
000002fb  wait_for_interrupts            


GLOBAL SYMBOLS: SORTED BY Symbol Address 

address   name                           
-------   ----                           
00000000  __TI_static_base__             
00000000  g_pfnVectors                   
00000200  __STACK_SIZE                   
0000026d  main                           
00000299  PortF_Init                     
000002ef  disable_interrupts             
000002f5  enable_interrupts              
000002fb  wait_for_interrupts            
00000301  SysTick_Handler                
00000343  Button_Handler                 
00000379  debounce_buttons               
00000435  __aeabi_memcpy                 
00000435  __aeabi_memcpy4                
00000435  __aeabi_memcpy8                
00000435  memcpy                         
000004d1  PLL_Init                       
0000054d  __aeabi_memclr                 
0000054d  __aeabi_memclr4                
0000054d  __aeabi_memclr8                
0000054f  __aeabi_memset                 
0000054f  __aeabi_memset4                
0000054f  __aeabi_memset8                
00000555  memset                         
000005c7  __mpu_init                     
000005c9  __TI_auto_init                 
00000639  IntEnable                      
000006a1  __TI_decompress_lzss           
00000709  _c_int00                       
0000075d  C$$EXIT                        
00000761  abort                          
00000769  exit                           
000007b1  copy_in                        
000007fd  SysTick_Init                   
00000889  IntRegister                    
000008bd  GPIOIntRegister                
000008d5  _args_main                     
000008ed  _register_unlock               
000008f3  _register_lock                 
000008fb  _nop                           
00000901  __TI_decompress_none           
0000090f  GPIOIntEnable                  
0000091b  __TI_zero_init                 
00000927  ResetISR                       
00000933  GPIOIntClear                   
00000939  GPIOPinRead                    
0000093f  GPIOPinWrite                   
00000945  _system_pre_init               
00000949  _system_post_cinit             
00000b6c  __TI_Handler_Table_Base        
00000b78  __TI_Handler_Table_Limit       
00000b80  __TI_CINIT_Base                
00000b90  __TI_CINIT_Limit               
20000000  g_pfnRAMVectors                
2000026c  __stack                        
2000046c  __STACK_END                    
2000046c  __STACK_TOP                    
2000046c  count                          
20000470  timeCount                      
20000474  ledState                       
20000478  lastDebounceTime               
2000047c  areButtonsToggledOff           
20000480  __TI_cleanup_ptr               
20000484  __TI_dtors_ptr                 
20000488  __TI_enable_exit_profile_output
2000048c  _lock                          
20000490  _unlock                        
20000494  main_func_sp                   
ffffffff  __TI_pprof_out_hndl            
ffffffff  __TI_prof_data_size            
ffffffff  __TI_prof_data_start           
ffffffff  __binit__                      
ffffffff  __c_args__                     
ffffffff  binit                          
UNDEFED   SHT$$INIT_ARRAY$$Base          
UNDEFED   SHT$$INIT_ARRAY$$Limit         

[75 symbols]
