<?xml version="1.0"?>
<link_info>
   <banner>TI ARM Linker PC v16.9.6.LTS</banner>
   <copyright>Copyright (c) 1996-2017 Texas Instruments Incorporated</copyright>
   <link_time>0x5aa6caee</link_time>
   <link_errors>0x0</link_errors>
   <output_file>LAB3_A1.out</output_file>
   <entry_point>
      <name>_c_int00</name>
      <address>0x9d1</address>
   </entry_point>
   <input_file_list>
      <input_file id="fl-2">
         <path>.\</path>
         <kind>object</kind>
         <file>main.obj</file>
         <name>main.obj</name>
      </input_file>
      <input_file id="fl-3">
         <path>.\</path>
         <kind>object</kind>
         <file>tm4c123gh6pm_startup_ccs.obj</file>
         <name>tm4c123gh6pm_startup_ccs.obj</name>
      </input_file>
      <input_file id="fl-8">
         <kind>object</kind>
         <file>&lt;internal&gt;</file>
         <name>&lt;internal&gt;</name>
      </input_file>
      <input_file id="fl-be">
         <path>C:\ti\ccsv7\tools\compiler\ti-cgt-arm_16.9.6.LTS\lib\</path>
         <kind>archive</kind>
         <file>rtsv7M4_T_le_v4SPD16_eabi.lib</file>
         <name>boot.obj</name>
      </input_file>
      <input_file id="fl-bf">
         <path>C:\ti\ccsv7\tools\compiler\ti-cgt-arm_16.9.6.LTS\lib\</path>
         <kind>archive</kind>
         <file>rtsv7M4_T_le_v4SPD16_eabi.lib</file>
         <name>copy_decompress_lzss.obj</name>
      </input_file>
      <input_file id="fl-c0">
         <path>C:\ti\ccsv7\tools\compiler\ti-cgt-arm_16.9.6.LTS\lib\</path>
         <kind>archive</kind>
         <file>rtsv7M4_T_le_v4SPD16_eabi.lib</file>
         <name>copy_decompress_none.obj</name>
      </input_file>
      <input_file id="fl-c1">
         <path>C:\ti\ccsv7\tools\compiler\ti-cgt-arm_16.9.6.LTS\lib\</path>
         <kind>archive</kind>
         <file>rtsv7M4_T_le_v4SPD16_eabi.lib</file>
         <name>copy_zero_init.obj</name>
      </input_file>
      <input_file id="fl-c2">
         <path>C:\ti\ccsv7\tools\compiler\ti-cgt-arm_16.9.6.LTS\lib\</path>
         <kind>archive</kind>
         <file>rtsv7M4_T_le_v4SPD16_eabi.lib</file>
         <name>exit.obj</name>
      </input_file>
      <input_file id="fl-c3">
         <path>C:\ti\ccsv7\tools\compiler\ti-cgt-arm_16.9.6.LTS\lib\</path>
         <kind>archive</kind>
         <file>rtsv7M4_T_le_v4SPD16_eabi.lib</file>
         <name>memcpy_t2.obj</name>
      </input_file>
      <input_file id="fl-c4">
         <path>C:\ti\ccsv7\tools\compiler\ti-cgt-arm_16.9.6.LTS\lib\</path>
         <kind>archive</kind>
         <file>rtsv7M4_T_le_v4SPD16_eabi.lib</file>
         <name>memset_t2.obj</name>
      </input_file>
      <input_file id="fl-c5">
         <path>C:\ti\ccsv7\tools\compiler\ti-cgt-arm_16.9.6.LTS\lib\</path>
         <kind>archive</kind>
         <file>rtsv7M4_T_le_v4SPD16_eabi.lib</file>
         <name>mpu_init.obj</name>
      </input_file>
      <input_file id="fl-c6">
         <path>C:\ti\ccsv7\tools\compiler\ti-cgt-arm_16.9.6.LTS\lib\</path>
         <kind>archive</kind>
         <file>rtsv7M4_T_le_v4SPD16_eabi.lib</file>
         <name>pre_init.obj</name>
      </input_file>
      <input_file id="fl-c7">
         <path>C:\ti\ccsv7\tools\compiler\ti-cgt-arm_16.9.6.LTS\lib\</path>
         <kind>archive</kind>
         <file>rtsv7M4_T_le_v4SPD16_eabi.lib</file>
         <name>stkdepth_vars.obj</name>
      </input_file>
      <input_file id="fl-c8">
         <path>C:\ti\ccsv7\tools\compiler\ti-cgt-arm_16.9.6.LTS\lib\</path>
         <kind>archive</kind>
         <file>rtsv7M4_T_le_v4SPD16_eabi.lib</file>
         <name>_lock.obj</name>
      </input_file>
      <input_file id="fl-c9">
         <path>C:\ti\ccsv7\tools\compiler\ti-cgt-arm_16.9.6.LTS\lib\</path>
         <kind>archive</kind>
         <file>rtsv7M4_T_le_v4SPD16_eabi.lib</file>
         <name>args_main.obj</name>
      </input_file>
      <input_file id="fl-ca">
         <path>C:\ti\ccsv7\tools\compiler\ti-cgt-arm_16.9.6.LTS\lib\</path>
         <kind>archive</kind>
         <file>rtsv7M4_T_le_v4SPD16_eabi.lib</file>
         <name>autoinit.obj</name>
      </input_file>
      <input_file id="fl-cb">
         <path>C:\ti\ccsv7\tools\compiler\ti-cgt-arm_16.9.6.LTS\lib\</path>
         <kind>archive</kind>
         <file>rtsv7M4_T_le_v4SPD16_eabi.lib</file>
         <name>cpy_tbl.obj</name>
      </input_file>
      <input_file id="fl-cc">
         <path>C:\ti\ccsv7\tools\compiler\ti-cgt-arm_16.9.6.LTS\lib\</path>
         <kind>archive</kind>
         <file>rtsv7M4_T_le_v4SPD16_eabi.lib</file>
         <name>startup.obj</name>
      </input_file>
      <input_file id="fl-cd">
         <path>C:\ti\TivaWare_C_Series-2.1.4.178\driverlib\ccs\Debug\</path>
         <kind>archive</kind>
         <file>driverlib.lib</file>
         <name>gpio.obj</name>
      </input_file>
      <input_file id="fl-ce">
         <path>C:\ti\TivaWare_C_Series-2.1.4.178\driverlib\ccs\Debug\</path>
         <kind>archive</kind>
         <file>driverlib.lib</file>
         <name>interrupt.obj</name>
      </input_file>
      <input_file id="fl-cf">
         <path>C:\ti\TivaWare_C_Series-2.1.4.178\driverlib\ccs\Debug\</path>
         <kind>archive</kind>
         <file>driverlib.lib</file>
         <name>pwm.obj</name>
      </input_file>
      <input_file id="fl-d0">
         <path>C:\ti\TivaWare_C_Series-2.1.4.178\driverlib\ccs\Debug\</path>
         <kind>archive</kind>
         <file>driverlib.lib</file>
         <name>sysctl.obj</name>
      </input_file>
      <input_file id="fl-d1">
         <path>C:\ti\TivaWare_C_Series-2.1.4.178\driverlib\ccs\Debug\</path>
         <kind>archive</kind>
         <file>driverlib.lib</file>
         <name>timer.obj</name>
      </input_file>
      <input_file id="fl-d2">
         <path>C:\ti\TivaWare_C_Series-2.1.4.178\driverlib\ccs\Debug\</path>
         <kind>archive</kind>
         <file>driverlib.lib</file>
         <name>cpu.obj</name>
      </input_file>
   </input_file_list>
   <object_component_list>
      <object_component id="oc-f">
         <name>.intvecs</name>
         <load_address>0x0</load_address>
         <run_address>0x0</run_address>
         <size>0x26c</size>
         <input_file_ref idref="fl-3"/>
      </object_component>
      <object_component id="oc-31">
         <name>.text</name>
         <load_address>0x26c</load_address>
         <run_address>0x26c</run_address>
         <size>0x22c</size>
         <input_file_ref idref="fl-2"/>
      </object_component>
      <object_component id="oc-b0">
         <name>.text:GPIOPadConfigSet</name>
         <load_address>0x498</load_address>
         <run_address>0x498</run_address>
         <size>0x132</size>
         <input_file_ref idref="fl-cd"/>
      </object_component>
      <object_component id="oc-5d">
         <name>.text</name>
         <load_address>0x5ca</load_address>
         <run_address>0x5ca</run_address>
         <size>0x2</size>
         <input_file_ref idref="fl-c5"/>
      </object_component>
      <object_component id="oc-80">
         <name>.text:SysCtlClockSet</name>
         <load_address>0x5cc</load_address>
         <run_address>0x5cc</run_address>
         <size>0xf4</size>
         <input_file_ref idref="fl-d0"/>
      </object_component>
      <object_component id="oc-45">
         <name>.text</name>
         <load_address>0x6c0</load_address>
         <run_address>0x6c0</run_address>
         <size>0x9c</size>
         <input_file_ref idref="fl-c3"/>
      </object_component>
      <object_component id="oc-51">
         <name>.text</name>
         <load_address>0x75c</load_address>
         <run_address>0x75c</run_address>
         <size>0x7a</size>
         <input_file_ref idref="fl-c4"/>
      </object_component>
      <object_component id="oc-150">
         <name>.text</name>
         <load_address>0x7d6</load_address>
         <run_address>0x7d6</run_address>
         <size>0x2</size>
         <input_file_ref idref="fl-cc"/>
      </object_component>
      <object_component id="oc-69">
         <name>.text</name>
         <load_address>0x7d8</load_address>
         <run_address>0x7d8</run_address>
         <size>0x70</size>
         <input_file_ref idref="fl-ca"/>
      </object_component>
      <object_component id="oc-d4">
         <name>.text:IntEnable</name>
         <load_address>0x848</load_address>
         <run_address>0x848</run_address>
         <size>0x68</size>
         <input_file_ref idref="fl-ce"/>
      </object_component>
      <object_component id="oc-12">
         <name>.text:decompress:lzss</name>
         <load_address>0x8b0</load_address>
         <run_address>0x8b0</run_address>
         <size>0x68</size>
         <input_file_ref idref="fl-bf"/>
      </object_component>
      <object_component id="oc-ce">
         <name>.text:TimerConfigure</name>
         <load_address>0x918</load_address>
         <run_address>0x918</run_address>
         <size>0x60</size>
         <input_file_ref idref="fl-d1"/>
      </object_component>
      <object_component id="oc-bc">
         <name>.text:GPIOIntTypeSet</name>
         <load_address>0x978</load_address>
         <run_address>0x978</run_address>
         <size>0x56</size>
         <input_file_ref idref="fl-cd"/>
      </object_component>
      <object_component id="oc-24">
         <name>.text</name>
         <load_address>0x9d0</load_address>
         <run_address>0x9d0</run_address>
         <size>0x54</size>
         <input_file_ref idref="fl-be"/>
      </object_component>
      <object_component id="oc-75">
         <name>.text</name>
         <load_address>0xa24</load_address>
         <run_address>0xa24</run_address>
         <size>0x54</size>
         <input_file_ref idref="fl-c2"/>
      </object_component>
      <object_component id="oc-14a">
         <name>.text</name>
         <load_address>0xa78</load_address>
         <run_address>0xa78</run_address>
         <size>0x4c</size>
         <input_file_ref idref="fl-cb"/>
      </object_component>
      <object_component id="oc-c8">
         <name>.text:GPIOPinConfigure</name>
         <load_address>0xac4</load_address>
         <run_address>0xac4</run_address>
         <size>0x48</size>
         <input_file_ref idref="fl-cd"/>
      </object_component>
      <object_component id="oc-172">
         <name>.text:_GPIOIntNumberGet</name>
         <load_address>0xb0c</load_address>
         <run_address>0xb0c</run_address>
         <size>0x44</size>
         <input_file_ref idref="fl-cd"/>
      </object_component>
      <object_component id="oc-a4">
         <name>.text:SysCtlPeripheralReady</name>
         <load_address>0xb50</load_address>
         <run_address>0xb50</run_address>
         <size>0x38</size>
         <input_file_ref idref="fl-d0"/>
      </object_component>
      <object_component id="oc-178">
         <name>.text:IntRegister</name>
         <load_address>0xb88</load_address>
         <run_address>0xb88</run_address>
         <size>0x34</size>
         <input_file_ref idref="fl-ce"/>
      </object_component>
      <object_component id="oc-9e">
         <name>.text:SysCtlPeripheralEnable</name>
         <load_address>0xbbc</load_address>
         <run_address>0xbbc</run_address>
         <size>0x34</size>
         <input_file_ref idref="fl-d0"/>
      </object_component>
      <object_component id="oc-aa">
         <name>.text:GPIODirModeSet</name>
         <load_address>0xbf0</load_address>
         <run_address>0xbf0</run_address>
         <size>0x2a</size>
         <input_file_ref idref="fl-cd"/>
      </object_component>
      <object_component id="oc-f2">
         <name>.text:PWMGenConfigure</name>
         <load_address>0xc1a</load_address>
         <run_address>0xc1a</run_address>
         <size>0x22</size>
         <input_file_ref idref="fl-cf"/>
      </object_component>
      <object_component id="oc-98">
         <name>.text:PWMPulseWidthSet</name>
         <load_address>0xc3c</load_address>
         <run_address>0xc3c</run_address>
         <size>0x1e</size>
         <input_file_ref idref="fl-cf"/>
      </object_component>
      <object_component id="oc-b6">
         <name>.text:GPIOIntRegister</name>
         <load_address>0xc5a</load_address>
         <run_address>0xc5a</run_address>
         <size>0x18</size>
         <input_file_ref idref="fl-cd"/>
      </object_component>
      <object_component id="oc-86">
         <name>.text:GPIOPinTypeGPIOOutput</name>
         <load_address>0xc72</load_address>
         <run_address>0xc72</run_address>
         <size>0x18</size>
         <input_file_ref idref="fl-cd"/>
      </object_component>
      <object_component id="oc-6f">
         <name>.text</name>
         <load_address>0xc8c</load_address>
         <run_address>0xc8c</run_address>
         <size>0x18</size>
         <input_file_ref idref="fl-c9"/>
      </object_component>
      <object_component id="oc-ec">
         <name>.text:SysCtlPWMClockSet</name>
         <load_address>0xca4</load_address>
         <run_address>0xca4</run_address>
         <size>0x14</size>
         <input_file_ref idref="fl-d0"/>
      </object_component>
      <object_component id="oc-1bb">
         <name>.text</name>
         <load_address>0xcb8</load_address>
         <run_address>0xcb8</run_address>
         <size>0x14</size>
         <input_file_ref idref="fl-c8"/>
      </object_component>
      <object_component id="oc-92">
         <name>.text:GPIOPinTypePWM</name>
         <load_address>0xccc</load_address>
         <run_address>0xccc</run_address>
         <size>0x12</size>
         <input_file_ref idref="fl-cd"/>
      </object_component>
      <object_component id="oc-fe">
         <name>.text:PWMOutputState</name>
         <load_address>0xcde</load_address>
         <run_address>0xcde</run_address>
         <size>0x12</size>
         <input_file_ref idref="fl-cf"/>
      </object_component>
      <object_component id="oc-116">
         <name>.text:TimerLoadSet</name>
         <load_address>0xcf0</load_address>
         <run_address>0xcf0</run_address>
         <size>0x12</size>
         <input_file_ref idref="fl-d1"/>
      </object_component>
      <object_component id="oc-e0">
         <name>.text:IntMasterEnable</name>
         <load_address>0xd02</load_address>
         <run_address>0xd02</run_address>
         <size>0x10</size>
         <input_file_ref idref="fl-ce"/>
      </object_component>
      <object_component id="oc-f8">
         <name>.text:PWMGenPeriodSet</name>
         <load_address>0xd12</load_address>
         <run_address>0xd12</run_address>
         <size>0x10</size>
         <input_file_ref idref="fl-cf"/>
      </object_component>
      <object_component id="oc-e6">
         <name>.text:TimerEnable</name>
         <load_address>0xd22</load_address>
         <run_address>0xd22</run_address>
         <size>0xe</size>
         <input_file_ref idref="fl-d1"/>
      </object_component>
      <object_component id="oc-18">
         <name>.text:decompress:none</name>
         <load_address>0xd30</load_address>
         <run_address>0xd30</run_address>
         <size>0xe</size>
         <input_file_ref idref="fl-c0"/>
      </object_component>
      <object_component id="oc-18d">
         <name>.text:CPUcpsie</name>
         <load_address>0xd3e</load_address>
         <run_address>0xd3e</run_address>
         <size>0xc</size>
         <input_file_ref idref="fl-d2"/>
      </object_component>
      <object_component id="oc-c2">
         <name>.text:GPIOIntEnable</name>
         <load_address>0xd4a</load_address>
         <run_address>0xd4a</run_address>
         <size>0xc</size>
         <input_file_ref idref="fl-cd"/>
      </object_component>
      <object_component id="oc-104">
         <name>.text:PWMGenEnable</name>
         <load_address>0xd56</load_address>
         <run_address>0xd56</run_address>
         <size>0xc</size>
         <input_file_ref idref="fl-cf"/>
      </object_component>
      <object_component id="oc-1e">
         <name>.text:decompress:ZI</name>
         <load_address>0xd62</load_address>
         <run_address>0xd62</run_address>
         <size>0xc</size>
         <input_file_ref idref="fl-c1"/>
      </object_component>
      <object_component id="oc-2b">
         <name>.text</name>
         <load_address>0xd6e</load_address>
         <run_address>0xd6e</run_address>
         <size>0xc</size>
         <input_file_ref idref="fl-3"/>
      </object_component>
      <object_component id="oc-da">
         <name>.text:TimerIntEnable</name>
         <load_address>0xd7a</load_address>
         <run_address>0xd7a</run_address>
         <size>0x8</size>
         <input_file_ref idref="fl-d1"/>
      </object_component>
      <object_component id="oc-10a">
         <name>.text:GPIOIntClear</name>
         <load_address>0xd82</load_address>
         <run_address>0xd82</run_address>
         <size>0x6</size>
         <input_file_ref idref="fl-cd"/>
      </object_component>
      <object_component id="oc-110">
         <name>.text:GPIOPinRead</name>
         <load_address>0xd88</load_address>
         <run_address>0xd88</run_address>
         <size>0x6</size>
         <input_file_ref idref="fl-cd"/>
      </object_component>
      <object_component id="oc-8c">
         <name>.text:GPIOPinWrite</name>
         <load_address>0xd8e</load_address>
         <run_address>0xd8e</run_address>
         <size>0x6</size>
         <input_file_ref idref="fl-cd"/>
      </object_component>
      <object_component id="oc-165">
         <name>.text:SysCtlDelay</name>
         <load_address>0xd94</load_address>
         <run_address>0xd94</run_address>
         <size>0x6</size>
         <input_file_ref idref="fl-d0"/>
      </object_component>
      <object_component id="oc-11c">
         <name>.text:TimerIntClear</name>
         <load_address>0xd9a</load_address>
         <run_address>0xd9a</run_address>
         <size>0x4</size>
         <input_file_ref idref="fl-d1"/>
      </object_component>
      <object_component id="oc-63">
         <name>.text</name>
         <load_address>0xd9e</load_address>
         <run_address>0xd9e</run_address>
         <size>0x4</size>
         <input_file_ref idref="fl-c6"/>
      </object_component>
      <object_component id="oc-1d5">
         <name>.const:g_ppui32GPIOIntMapSnowflake</name>
         <load_address>0xda4</load_address>
         <run_address>0xda4</run_address>
         <size>0xd8</size>
         <input_file_ref idref="fl-cd"/>
      </object_component>
      <object_component id="oc-1d2">
         <name>.const:g_ppui32GPIOIntMapBlizzard</name>
         <load_address>0xe7c</load_address>
         <run_address>0xe7c</run_address>
         <size>0xc0</size>
         <input_file_ref idref="fl-cd"/>
      </object_component>
      <object_component id="oc-181">
         <name>.const:g_pui32GPIOBaseAddrs</name>
         <load_address>0xf3c</load_address>
         <run_address>0xf3c</run_address>
         <size>0x90</size>
         <input_file_ref idref="fl-cd"/>
      </object_component>
      <object_component id="oc-187">
         <name>.const</name>
         <load_address>0xfcc</load_address>
         <run_address>0xfcc</run_address>
         <size>0x70</size>
         <input_file_ref idref="fl-ce"/>
      </object_component>
      <object_component id="oc-21f">
         <name>.cinit..data.load</name>
         <load_address>0x1040</load_address>
         <run_address>0x1040</run_address>
         <size>0x12</size>
      </object_component>
      <object_component id="oc-21c">
         <name>__TI_handler_table</name>
         <load_address>0x1054</load_address>
         <run_address>0x1054</run_address>
         <size>0xc</size>
      </object_component>
      <object_component id="oc-21e">
         <name>.cinit..vtable.load</name>
         <load_address>0x1060</load_address>
         <run_address>0x1060</run_address>
         <size>0x8</size>
      </object_component>
      <object_component id="oc-21d">
         <name>__TI_cinit_table</name>
         <load_address>0x1068</load_address>
         <run_address>0x1068</run_address>
         <size>0x10</size>
      </object_component>
      <object_component id="oc-1d9">
         <name>.vtable</name>
         <uninitialized>true</uninitialized>
         <run_address>0x20000000</run_address>
         <size>0x26c</size>
         <input_file_ref idref="fl-ce"/>
      </object_component>
      <object_component id="oc-122">
         <name>.data</name>
         <load_address>0x20000480</load_address>
         <run_address>0x20000480</run_address>
         <size>0x4</size>
         <input_file_ref idref="fl-2"/>
      </object_component>
      <object_component id="oc-15a">
         <name>.data:$O1$$</name>
         <load_address>0x2000046c</load_address>
         <run_address>0x2000046c</run_address>
         <size>0xc</size>
         <input_file_ref idref="fl-c2"/>
      </object_component>
      <object_component id="oc-7b">
         <name>.data</name>
         <load_address>0x20000484</load_address>
         <run_address>0x20000484</run_address>
         <size>0x4</size>
         <input_file_ref idref="fl-c7"/>
      </object_component>
      <object_component id="oc-15d">
         <name>.data:$O1$$</name>
         <load_address>0x20000478</load_address>
         <run_address>0x20000478</run_address>
         <size>0x8</size>
         <input_file_ref idref="fl-c8"/>
      </object_component>
      <object_component id="oc-2a">
         <name>.stack</name>
         <uninitialized>true</uninitialized>
         <run_address>0x2000026c</run_address>
         <size>0x0</size>
         <input_file_ref idref="fl-be"/>
      </object_component>
      <object_component id="oc-220">
         <name>.stack</name>
         <uninitialized>true</uninitialized>
         <run_address>0x2000026c</run_address>
         <size>0x0</size>
      </object_component>
      <object_component id="oc-1a0">
         <name>.debug_info</name>
         <load_address>0x0</load_address>
         <run_address>0x0</run_address>
         <size>0x7e4</size>
         <input_file_ref idref="fl-2"/>
      </object_component>
      <object_component id="oc-123">
         <name>.debug_info</name>
         <load_address>0x7e4</load_address>
         <run_address>0x7e4</run_address>
         <size>0xd6</size>
         <input_file_ref idref="fl-2"/>
      </object_component>
      <object_component id="oc-32">
         <name>.debug_info</name>
         <load_address>0x8ba</load_address>
         <run_address>0x8ba</run_address>
         <size>0x6ff</size>
         <input_file_ref idref="fl-2"/>
      </object_component>
      <object_component id="oc-126">
         <name>.debug_info</name>
         <load_address>0xfb9</load_address>
         <run_address>0xfb9</run_address>
         <size>0x8b</size>
         <input_file_ref idref="fl-2"/>
      </object_component>
      <object_component id="oc-12d">
         <name>.debug_info</name>
         <load_address>0x1044</load_address>
         <run_address>0x1044</run_address>
         <size>0x18b</size>
         <input_file_ref idref="fl-2"/>
      </object_component>
      <object_component id="oc-39">
         <name>.debug_info</name>
         <load_address>0x11cf</load_address>
         <run_address>0x11cf</run_address>
         <size>0x2dd</size>
         <input_file_ref idref="fl-3"/>
      </object_component>
      <object_component id="oc-10">
         <name>.debug_info</name>
         <load_address>0x14ac</load_address>
         <run_address>0x14ac</run_address>
         <size>0xe2</size>
         <input_file_ref idref="fl-3"/>
      </object_component>
      <object_component id="oc-2d">
         <name>.debug_info</name>
         <load_address>0x158e</load_address>
         <run_address>0x158e</run_address>
         <size>0x25e</size>
         <input_file_ref idref="fl-3"/>
      </object_component>
      <object_component id="oc-40">
         <name>.debug_info</name>
         <load_address>0x17ec</load_address>
         <run_address>0x17ec</run_address>
         <size>0x84</size>
         <input_file_ref idref="fl-3"/>
      </object_component>
      <object_component id="oc-25">
         <name>.debug_info</name>
         <load_address>0x1870</load_address>
         <run_address>0x1870</run_address>
         <size>0x160</size>
         <input_file_ref idref="fl-be"/>
      </object_component>
      <object_component id="oc-137">
         <name>.debug_info</name>
         <load_address>0x19d0</load_address>
         <run_address>0x19d0</run_address>
         <size>0x293</size>
         <input_file_ref idref="fl-bf"/>
      </object_component>
      <object_component id="oc-14">
         <name>.debug_info</name>
         <load_address>0x1c63</load_address>
         <run_address>0x1c63</run_address>
         <size>0x245</size>
         <input_file_ref idref="fl-bf"/>
      </object_component>
      <object_component id="oc-3b">
         <name>.debug_info</name>
         <load_address>0x1ea8</load_address>
         <run_address>0x1ea8</run_address>
         <size>0x60</size>
         <input_file_ref idref="fl-bf"/>
      </object_component>
      <object_component id="oc-132">
         <name>.debug_info</name>
         <load_address>0x1f08</load_address>
         <run_address>0x1f08</run_address>
         <size>0x46</size>
         <input_file_ref idref="fl-bf"/>
      </object_component>
      <object_component id="oc-50">
         <name>.debug_info</name>
         <load_address>0x1f4e</load_address>
         <run_address>0x1f4e</run_address>
         <size>0x2da</size>
         <input_file_ref idref="fl-c0"/>
      </object_component>
      <object_component id="oc-1b">
         <name>.debug_info</name>
         <load_address>0x2228</load_address>
         <run_address>0x2228</run_address>
         <size>0x1df</size>
         <input_file_ref idref="fl-c0"/>
      </object_component>
      <object_component id="oc-4b">
         <name>.debug_info</name>
         <load_address>0x2407</load_address>
         <run_address>0x2407</run_address>
         <size>0x46</size>
         <input_file_ref idref="fl-c0"/>
      </object_component>
      <object_component id="oc-139">
         <name>.debug_info</name>
         <load_address>0x244d</load_address>
         <run_address>0x244d</run_address>
         <size>0x2c</size>
         <input_file_ref idref="fl-c0"/>
      </object_component>
      <object_component id="oc-5c">
         <name>.debug_info</name>
         <load_address>0x2479</load_address>
         <run_address>0x2479</run_address>
         <size>0x2c9</size>
         <input_file_ref idref="fl-c1"/>
      </object_component>
      <object_component id="oc-1f">
         <name>.debug_info</name>
         <load_address>0x2742</load_address>
         <run_address>0x2742</run_address>
         <size>0x1aa</size>
         <input_file_ref idref="fl-c1"/>
      </object_component>
      <object_component id="oc-57">
         <name>.debug_info</name>
         <load_address>0x28ec</load_address>
         <run_address>0x28ec</run_address>
         <size>0x46</size>
         <input_file_ref idref="fl-c1"/>
      </object_component>
      <object_component id="oc-141">
         <name>.debug_info</name>
         <load_address>0x2932</load_address>
         <run_address>0x2932</run_address>
         <size>0x2c</size>
         <input_file_ref idref="fl-c1"/>
      </object_component>
      <object_component id="oc-161">
         <name>.debug_info</name>
         <load_address>0x295e</load_address>
         <run_address>0x295e</run_address>
         <size>0x3ce</size>
         <input_file_ref idref="fl-c2"/>
      </object_component>
      <object_component id="oc-15b">
         <name>.debug_info</name>
         <load_address>0x2d2c</load_address>
         <run_address>0x2d2c</run_address>
         <size>0x185</size>
         <input_file_ref idref="fl-c2"/>
      </object_component>
      <object_component id="oc-76">
         <name>.debug_info</name>
         <load_address>0x2eb1</load_address>
         <run_address>0x2eb1</run_address>
         <size>0x214</size>
         <input_file_ref idref="fl-c2"/>
      </object_component>
      <object_component id="oc-48">
         <name>.debug_info</name>
         <load_address>0x30c5</load_address>
         <run_address>0x30c5</run_address>
         <size>0x111</size>
         <input_file_ref idref="fl-c3"/>
      </object_component>
      <object_component id="oc-52">
         <name>.debug_info</name>
         <load_address>0x31d6</load_address>
         <run_address>0x31d6</run_address>
         <size>0x13f</size>
         <input_file_ref idref="fl-c4"/>
      </object_component>
      <object_component id="oc-61">
         <name>.debug_info</name>
         <load_address>0x3315</load_address>
         <run_address>0x3315</run_address>
         <size>0x138</size>
         <input_file_ref idref="fl-c5"/>
      </object_component>
      <object_component id="oc-64">
         <name>.debug_info</name>
         <load_address>0x344d</load_address>
         <run_address>0x344d</run_address>
         <size>0x148</size>
         <input_file_ref idref="fl-c6"/>
      </object_component>
      <object_component id="oc-7c">
         <name>.debug_info</name>
         <load_address>0x3595</load_address>
         <run_address>0x3595</run_address>
         <size>0x109</size>
         <input_file_ref idref="fl-c7"/>
      </object_component>
      <object_component id="oc-1c3">
         <name>.debug_info</name>
         <load_address>0x369e</load_address>
         <run_address>0x369e</run_address>
         <size>0x2be</size>
         <input_file_ref idref="fl-c8"/>
      </object_component>
      <object_component id="oc-15e">
         <name>.debug_info</name>
         <load_address>0x395c</load_address>
         <run_address>0x395c</run_address>
         <size>0x113</size>
         <input_file_ref idref="fl-c8"/>
      </object_component>
      <object_component id="oc-1bf">
         <name>.debug_info</name>
         <load_address>0x3a6f</load_address>
         <run_address>0x3a6f</run_address>
         <size>0x21f</size>
         <input_file_ref idref="fl-c8"/>
      </object_component>
      <object_component id="oc-159">
         <name>.debug_info</name>
         <load_address>0x3c8e</load_address>
         <run_address>0x3c8e</run_address>
         <size>0x300</size>
         <input_file_ref idref="fl-c9"/>
      </object_component>
      <object_component id="oc-70">
         <name>.debug_info</name>
         <load_address>0x3f8e</load_address>
         <run_address>0x3f8e</run_address>
         <size>0x167</size>
         <input_file_ref idref="fl-c9"/>
      </object_component>
      <object_component id="oc-1b4">
         <name>.debug_info</name>
         <load_address>0x40f5</load_address>
         <run_address>0x40f5</run_address>
         <size>0x5e</size>
         <input_file_ref idref="fl-c9"/>
      </object_component>
      <object_component id="oc-157">
         <name>.debug_info</name>
         <load_address>0x4153</load_address>
         <run_address>0x4153</run_address>
         <size>0x483</size>
         <input_file_ref idref="fl-ca"/>
      </object_component>
      <object_component id="oc-6a">
         <name>.debug_info</name>
         <load_address>0x45d6</load_address>
         <run_address>0x45d6</run_address>
         <size>0x190</size>
         <input_file_ref idref="fl-ca"/>
      </object_component>
      <object_component id="oc-1a8">
         <name>.debug_info</name>
         <load_address>0x4766</load_address>
         <run_address>0x4766</run_address>
         <size>0x39</size>
         <input_file_ref idref="fl-ca"/>
      </object_component>
      <object_component id="oc-1ef">
         <name>.debug_info</name>
         <load_address>0x479f</load_address>
         <run_address>0x479f</run_address>
         <size>0x39</size>
         <input_file_ref idref="fl-ca"/>
      </object_component>
      <object_component id="oc-1ad">
         <name>.debug_info</name>
         <load_address>0x47d8</load_address>
         <run_address>0x47d8</run_address>
         <size>0xcd</size>
         <input_file_ref idref="fl-ca"/>
      </object_component>
      <object_component id="oc-1a4">
         <name>.debug_info</name>
         <load_address>0x48a5</load_address>
         <run_address>0x48a5</run_address>
         <size>0x37a</size>
         <input_file_ref idref="fl-cb"/>
      </object_component>
      <object_component id="oc-14d">
         <name>.debug_info</name>
         <load_address>0x4c1f</load_address>
         <run_address>0x4c1f</run_address>
         <size>0x183</size>
         <input_file_ref idref="fl-cb"/>
      </object_component>
      <object_component id="oc-1ea">
         <name>.debug_info</name>
         <load_address>0x4da2</load_address>
         <run_address>0x4da2</run_address>
         <size>0x2c</size>
         <input_file_ref idref="fl-cb"/>
      </object_component>
      <object_component id="oc-151">
         <name>.debug_info</name>
         <load_address>0x4dce</load_address>
         <run_address>0x4dce</run_address>
         <size>0x145</size>
         <input_file_ref idref="fl-cc"/>
      </object_component>
      <object_component id="oc-169">
         <name>.debug_info</name>
         <load_address>0x4f13</load_address>
         <run_address>0x4f13</run_address>
         <size>0x240</size>
         <input_file_ref idref="fl-cd"/>
      </object_component>
      <object_component id="oc-1d3">
         <name>.debug_info</name>
         <load_address>0x5153</load_address>
         <run_address>0x5153</run_address>
         <size>0x167</size>
         <input_file_ref idref="fl-cd"/>
      </object_component>
      <object_component id="oc-1d6">
         <name>.debug_info</name>
         <load_address>0x52ba</load_address>
         <run_address>0x52ba</run_address>
         <size>0x169</size>
         <input_file_ref idref="fl-cd"/>
      </object_component>
      <object_component id="oc-182">
         <name>.debug_info</name>
         <load_address>0x5423</load_address>
         <run_address>0x5423</run_address>
         <size>0x15b</size>
         <input_file_ref idref="fl-cd"/>
      </object_component>
      <object_component id="oc-8d">
         <name>.debug_info</name>
         <load_address>0x557e</load_address>
         <run_address>0x557e</run_address>
         <size>0x2a3</size>
         <input_file_ref idref="fl-cd"/>
      </object_component>
      <object_component id="oc-ab">
         <name>.debug_info</name>
         <load_address>0x5821</load_address>
         <run_address>0x5821</run_address>
         <size>0x2b3</size>
         <input_file_ref idref="fl-cd"/>
      </object_component>
      <object_component id="oc-b1">
         <name>.debug_info</name>
         <load_address>0x5ad4</load_address>
         <run_address>0x5ad4</run_address>
         <size>0x316</size>
         <input_file_ref idref="fl-cd"/>
      </object_component>
      <object_component id="oc-93">
         <name>.debug_info</name>
         <load_address>0x5dea</load_address>
         <run_address>0x5dea</run_address>
         <size>0x279</size>
         <input_file_ref idref="fl-cd"/>
      </object_component>
      <object_component id="oc-87">
         <name>.debug_info</name>
         <load_address>0x6063</load_address>
         <run_address>0x6063</run_address>
         <size>0x2b7</size>
         <input_file_ref idref="fl-cd"/>
      </object_component>
      <object_component id="oc-112">
         <name>.debug_info</name>
         <load_address>0x631a</load_address>
         <run_address>0x631a</run_address>
         <size>0x27b</size>
         <input_file_ref idref="fl-cd"/>
      </object_component>
      <object_component id="oc-ca">
         <name>.debug_info</name>
         <load_address>0x6595</load_address>
         <run_address>0x6595</run_address>
         <size>0x280</size>
         <input_file_ref idref="fl-cd"/>
      </object_component>
      <object_component id="oc-174">
         <name>.debug_info</name>
         <load_address>0x6815</load_address>
         <run_address>0x6815</run_address>
         <size>0x298</size>
         <input_file_ref idref="fl-cd"/>
      </object_component>
      <object_component id="oc-be">
         <name>.debug_info</name>
         <load_address>0x6aad</load_address>
         <run_address>0x6aad</run_address>
         <size>0x2bb</size>
         <input_file_ref idref="fl-cd"/>
      </object_component>
      <object_component id="oc-b8">
         <name>.debug_info</name>
         <load_address>0x6d68</load_address>
         <run_address>0x6d68</run_address>
         <size>0x2cf</size>
         <input_file_ref idref="fl-cd"/>
      </object_component>
      <object_component id="oc-c4">
         <name>.debug_info</name>
         <load_address>0x7037</load_address>
         <run_address>0x7037</run_address>
         <size>0x28f</size>
         <input_file_ref idref="fl-cd"/>
      </object_component>
      <object_component id="oc-10c">
         <name>.debug_info</name>
         <load_address>0x72c6</load_address>
         <run_address>0x72c6</run_address>
         <size>0x28d</size>
         <input_file_ref idref="fl-cd"/>
      </object_component>
      <object_component id="oc-18b">
         <name>.debug_info</name>
         <load_address>0x7553</load_address>
         <run_address>0x7553</run_address>
         <size>0x20e</size>
         <input_file_ref idref="fl-ce"/>
      </object_component>
      <object_component id="oc-188">
         <name>.debug_info</name>
         <load_address>0x7761</load_address>
         <run_address>0x7761</run_address>
         <size>0x210</size>
         <input_file_ref idref="fl-ce"/>
      </object_component>
      <object_component id="oc-1da">
         <name>.debug_info</name>
         <load_address>0x7971</load_address>
         <run_address>0x7971</run_address>
         <size>0x157</size>
         <input_file_ref idref="fl-ce"/>
      </object_component>
      <object_component id="oc-17a">
         <name>.debug_info</name>
         <load_address>0x7ac8</load_address>
         <run_address>0x7ac8</run_address>
         <size>0x2c1</size>
         <input_file_ref idref="fl-ce"/>
      </object_component>
      <object_component id="oc-e1">
         <name>.debug_info</name>
         <load_address>0x7d89</load_address>
         <run_address>0x7d89</run_address>
         <size>0x23e</size>
         <input_file_ref idref="fl-ce"/>
      </object_component>
      <object_component id="oc-d5">
         <name>.debug_info</name>
         <load_address>0x7fc7</load_address>
         <run_address>0x7fc7</run_address>
         <size>0x268</size>
         <input_file_ref idref="fl-ce"/>
      </object_component>
      <object_component id="oc-16d">
         <name>.debug_info</name>
         <load_address>0x822f</load_address>
         <run_address>0x822f</run_address>
         <size>0x1ed</size>
         <input_file_ref idref="fl-cf"/>
      </object_component>
      <object_component id="oc-9c">
         <name>.debug_info</name>
         <load_address>0x841c</load_address>
         <run_address>0x841c</run_address>
         <size>0x2f6</size>
         <input_file_ref idref="fl-cf"/>
      </object_component>
      <object_component id="oc-102">
         <name>.debug_info</name>
         <load_address>0x8712</load_address>
         <run_address>0x8712</run_address>
         <size>0x2c4</size>
         <input_file_ref idref="fl-cf"/>
      </object_component>
      <object_component id="oc-fc">
         <name>.debug_info</name>
         <load_address>0x89d6</load_address>
         <run_address>0x89d6</run_address>
         <size>0x2b6</size>
         <input_file_ref idref="fl-cf"/>
      </object_component>
      <object_component id="oc-108">
         <name>.debug_info</name>
         <load_address>0x8c8c</load_address>
         <run_address>0x8c8c</run_address>
         <size>0x276</size>
         <input_file_ref idref="fl-cf"/>
      </object_component>
      <object_component id="oc-f6">
         <name>.debug_info</name>
         <load_address>0x8f02</load_address>
         <run_address>0x8f02</run_address>
         <size>0x2b3</size>
         <input_file_ref idref="fl-cf"/>
      </object_component>
      <object_component id="oc-167">
         <name>.debug_info</name>
         <load_address>0x91b5</load_address>
         <run_address>0x91b5</run_address>
         <size>0x298</size>
         <input_file_ref idref="fl-d0"/>
      </object_component>
      <object_component id="oc-a8">
         <name>.debug_info</name>
         <load_address>0x944d</load_address>
         <run_address>0x944d</run_address>
         <size>0x27f</size>
         <input_file_ref idref="fl-d0"/>
      </object_component>
      <object_component id="oc-a2">
         <name>.debug_info</name>
         <load_address>0x96cc</load_address>
         <run_address>0x96cc</run_address>
         <size>0x27d</size>
         <input_file_ref idref="fl-d0"/>
      </object_component>
      <object_component id="oc-f0">
         <name>.debug_info</name>
         <load_address>0x9949</load_address>
         <run_address>0x9949</run_address>
         <size>0x263</size>
         <input_file_ref idref="fl-d0"/>
      </object_component>
      <object_component id="oc-81">
         <name>.debug_info</name>
         <load_address>0x9bac</load_address>
         <run_address>0x9bac</run_address>
         <size>0x2db</size>
         <input_file_ref idref="fl-d0"/>
      </object_component>
      <object_component id="oc-1c9">
         <name>.debug_info</name>
         <load_address>0x9e87</load_address>
         <run_address>0x9e87</run_address>
         <size>0x5f</size>
         <input_file_ref idref="fl-d0"/>
      </object_component>
      <object_component id="oc-186">
         <name>.debug_info</name>
         <load_address>0x9ee6</load_address>
         <run_address>0x9ee6</run_address>
         <size>0x223</size>
         <input_file_ref idref="fl-d1"/>
      </object_component>
      <object_component id="oc-117">
         <name>.debug_info</name>
         <load_address>0xa109</load_address>
         <run_address>0xa109</run_address>
         <size>0x2ba</size>
         <input_file_ref idref="fl-d1"/>
      </object_component>
      <object_component id="oc-db">
         <name>.debug_info</name>
         <load_address>0xa3c3</load_address>
         <run_address>0xa3c3</run_address>
         <size>0x294</size>
         <input_file_ref idref="fl-d1"/>
      </object_component>
      <object_component id="oc-120">
         <name>.debug_info</name>
         <load_address>0xa657</load_address>
         <run_address>0xa657</run_address>
         <size>0x292</size>
         <input_file_ref idref="fl-d1"/>
      </object_component>
      <object_component id="oc-ea">
         <name>.debug_info</name>
         <load_address>0xa8e9</load_address>
         <run_address>0xa8e9</run_address>
         <size>0x27f</size>
         <input_file_ref idref="fl-d1"/>
      </object_component>
      <object_component id="oc-cf">
         <name>.debug_info</name>
         <load_address>0xab68</load_address>
         <run_address>0xab68</run_address>
         <size>0x28c</size>
         <input_file_ref idref="fl-d1"/>
      </object_component>
      <object_component id="oc-18e">
         <name>.debug_info</name>
         <load_address>0xadf4</load_address>
         <run_address>0xadf4</run_address>
         <size>0x212</size>
         <input_file_ref idref="fl-d2"/>
      </object_component>
      <object_component id="oc-221">
         <name>.debug_info</name>
         <load_address>0xb006</load_address>
         <run_address>0xb006</run_address>
         <size>0x98</size>
      </object_component>
      <object_component id="oc-1e7">
         <name>.debug_line</name>
         <load_address>0x0</load_address>
         <run_address>0x0</run_address>
         <size>0x135</size>
         <input_file_ref idref="fl-2"/>
      </object_component>
      <object_component id="oc-19f">
         <name>.debug_line</name>
         <load_address>0x135</load_address>
         <run_address>0x135</run_address>
         <size>0x2d</size>
         <input_file_ref idref="fl-2"/>
      </object_component>
      <object_component id="oc-35">
         <name>.debug_line</name>
         <load_address>0x162</load_address>
         <run_address>0x162</run_address>
         <size>0x150</size>
         <input_file_ref idref="fl-2"/>
      </object_component>
      <object_component id="oc-129">
         <name>.debug_line</name>
         <load_address>0x2b2</load_address>
         <run_address>0x2b2</run_address>
         <size>0x20</size>
         <input_file_ref idref="fl-2"/>
      </object_component>
      <object_component id="oc-130">
         <name>.debug_line</name>
         <load_address>0x2d2</load_address>
         <run_address>0x2d2</run_address>
         <size>0x65</size>
         <input_file_ref idref="fl-2"/>
      </object_component>
      <object_component id="oc-12c">
         <name>.debug_line</name>
         <load_address>0x337</load_address>
         <run_address>0x337</run_address>
         <size>0x41</size>
         <input_file_ref idref="fl-3"/>
      </object_component>
      <object_component id="oc-38">
         <name>.debug_line</name>
         <load_address>0x378</load_address>
         <run_address>0x378</run_address>
         <size>0x41</size>
         <input_file_ref idref="fl-3"/>
      </object_component>
      <object_component id="oc-2c">
         <name>.debug_line</name>
         <load_address>0x3b9</load_address>
         <run_address>0x3b9</run_address>
         <size>0xa1</size>
         <input_file_ref idref="fl-3"/>
      </object_component>
      <object_component id="oc-43">
         <name>.debug_line</name>
         <load_address>0x45a</load_address>
         <run_address>0x45a</run_address>
         <size>0x20</size>
         <input_file_ref idref="fl-3"/>
      </object_component>
      <object_component id="oc-28">
         <name>.debug_line</name>
         <load_address>0x47a</load_address>
         <run_address>0x47a</run_address>
         <size>0x53</size>
         <input_file_ref idref="fl-be"/>
      </object_component>
      <object_component id="oc-1a2">
         <name>.debug_line</name>
         <load_address>0x4cd</load_address>
         <run_address>0x4cd</run_address>
         <size>0x20</size>
         <input_file_ref idref="fl-bf"/>
      </object_component>
      <object_component id="oc-17">
         <name>.debug_line</name>
         <load_address>0x4ed</load_address>
         <run_address>0x4ed</run_address>
         <size>0xa9</size>
         <input_file_ref idref="fl-bf"/>
      </object_component>
      <object_component id="oc-3e">
         <name>.debug_line</name>
         <load_address>0x596</load_address>
         <run_address>0x596</run_address>
         <size>0x3a</size>
         <input_file_ref idref="fl-bf"/>
      </object_component>
      <object_component id="oc-135">
         <name>.debug_line</name>
         <load_address>0x5d0</load_address>
         <run_address>0x5d0</run_address>
         <size>0x8a</size>
         <input_file_ref idref="fl-bf"/>
      </object_component>
      <object_component id="oc-13f">
         <name>.debug_line</name>
         <load_address>0x65a</load_address>
         <run_address>0x65a</run_address>
         <size>0x8a</size>
         <input_file_ref idref="fl-c0"/>
      </object_component>
      <object_component id="oc-1d">
         <name>.debug_line</name>
         <load_address>0x6e4</load_address>
         <run_address>0x6e4</run_address>
         <size>0x55</size>
         <input_file_ref idref="fl-c0"/>
      </object_component>
      <object_component id="oc-4e">
         <name>.debug_line</name>
         <load_address>0x739</load_address>
         <run_address>0x739</run_address>
         <size>0x3a</size>
         <input_file_ref idref="fl-c0"/>
      </object_component>
      <object_component id="oc-13c">
         <name>.debug_line</name>
         <load_address>0x773</load_address>
         <run_address>0x773</run_address>
         <size>0x8a</size>
         <input_file_ref idref="fl-c0"/>
      </object_component>
      <object_component id="oc-147">
         <name>.debug_line</name>
         <load_address>0x7fd</load_address>
         <run_address>0x7fd</run_address>
         <size>0x8a</size>
         <input_file_ref idref="fl-c1"/>
      </object_component>
      <object_component id="oc-23">
         <name>.debug_line</name>
         <load_address>0x887</load_address>
         <run_address>0x887</run_address>
         <size>0x4f</size>
         <input_file_ref idref="fl-c1"/>
      </object_component>
      <object_component id="oc-5a">
         <name>.debug_line</name>
         <load_address>0x8d6</load_address>
         <run_address>0x8d6</run_address>
         <size>0x34</size>
         <input_file_ref idref="fl-c1"/>
      </object_component>
      <object_component id="oc-144">
         <name>.debug_line</name>
         <load_address>0x90a</load_address>
         <run_address>0x90a</run_address>
         <size>0x8a</size>
         <input_file_ref idref="fl-c1"/>
      </object_component>
      <object_component id="oc-1c6">
         <name>.debug_line</name>
         <load_address>0x994</load_address>
         <run_address>0x994</run_address>
         <size>0xf2</size>
         <input_file_ref idref="fl-c2"/>
      </object_component>
      <object_component id="oc-1ba">
         <name>.debug_line</name>
         <load_address>0xa86</load_address>
         <run_address>0xa86</run_address>
         <size>0x2a</size>
         <input_file_ref idref="fl-c2"/>
      </object_component>
      <object_component id="oc-79">
         <name>.debug_line</name>
         <load_address>0xab0</load_address>
         <run_address>0xab0</run_address>
         <size>0x86</size>
         <input_file_ref idref="fl-c2"/>
      </object_component>
      <object_component id="oc-46">
         <name>.debug_line</name>
         <load_address>0xb36</load_address>
         <run_address>0xb36</run_address>
         <size>0x88</size>
         <input_file_ref idref="fl-c3"/>
      </object_component>
      <object_component id="oc-55">
         <name>.debug_line</name>
         <load_address>0xbbe</load_address>
         <run_address>0xbbe</run_address>
         <size>0x79</size>
         <input_file_ref idref="fl-c4"/>
      </object_component>
      <object_component id="oc-60">
         <name>.debug_line</name>
         <load_address>0xc37</load_address>
         <run_address>0xc37</run_address>
         <size>0x3d</size>
         <input_file_ref idref="fl-c5"/>
      </object_component>
      <object_component id="oc-67">
         <name>.debug_line</name>
         <load_address>0xc74</load_address>
         <run_address>0xc74</run_address>
         <size>0x40</size>
         <input_file_ref idref="fl-c6"/>
      </object_component>
      <object_component id="oc-164">
         <name>.debug_line</name>
         <load_address>0xcb4</load_address>
         <run_address>0xcb4</run_address>
         <size>0x33</size>
         <input_file_ref idref="fl-c7"/>
      </object_component>
      <object_component id="oc-1f6">
         <name>.debug_line</name>
         <load_address>0xce7</load_address>
         <run_address>0xce7</run_address>
         <size>0x20</size>
         <input_file_ref idref="fl-c8"/>
      </object_component>
      <object_component id="oc-1c2">
         <name>.debug_line</name>
         <load_address>0xd07</load_address>
         <run_address>0xd07</run_address>
         <size>0x2b</size>
         <input_file_ref idref="fl-c8"/>
      </object_component>
      <object_component id="oc-1bd">
         <name>.debug_line</name>
         <load_address>0xd32</load_address>
         <run_address>0xd32</run_address>
         <size>0x68</size>
         <input_file_ref idref="fl-c8"/>
      </object_component>
      <object_component id="oc-1b3">
         <name>.debug_line</name>
         <load_address>0xd9a</load_address>
         <run_address>0xd9a</run_address>
         <size>0x2b</size>
         <input_file_ref idref="fl-c9"/>
      </object_component>
      <object_component id="oc-73">
         <name>.debug_line</name>
         <load_address>0xdc5</load_address>
         <run_address>0xdc5</run_address>
         <size>0x4a</size>
         <input_file_ref idref="fl-c9"/>
      </object_component>
      <object_component id="oc-1b7">
         <name>.debug_line</name>
         <load_address>0xe0f</load_address>
         <run_address>0xe0f</run_address>
         <size>0x2b</size>
         <input_file_ref idref="fl-c9"/>
      </object_component>
      <object_component id="oc-1a7">
         <name>.debug_line</name>
         <load_address>0xe3a</load_address>
         <run_address>0xe3a</run_address>
         <size>0xa9</size>
         <input_file_ref idref="fl-ca"/>
      </object_component>
      <object_component id="oc-6d">
         <name>.debug_line</name>
         <load_address>0xee3</load_address>
         <run_address>0xee3</run_address>
         <size>0x8b</size>
         <input_file_ref idref="fl-ca"/>
      </object_component>
      <object_component id="oc-1ab">
         <name>.debug_line</name>
         <load_address>0xf6e</load_address>
         <run_address>0xf6e</run_address>
         <size>0x2e</size>
         <input_file_ref idref="fl-ca"/>
      </object_component>
      <object_component id="oc-1f2">
         <name>.debug_line</name>
         <load_address>0xf9c</load_address>
         <run_address>0xf9c</run_address>
         <size>0x8a</size>
         <input_file_ref idref="fl-ca"/>
      </object_component>
      <object_component id="oc-1b0">
         <name>.debug_line</name>
         <load_address>0x1026</load_address>
         <run_address>0x1026</run_address>
         <size>0x8b</size>
         <input_file_ref idref="fl-ca"/>
      </object_component>
      <object_component id="oc-1e9">
         <name>.debug_line</name>
         <load_address>0x10b1</load_address>
         <run_address>0x10b1</run_address>
         <size>0x98</size>
         <input_file_ref idref="fl-cb"/>
      </object_component>
      <object_component id="oc-14b">
         <name>.debug_line</name>
         <load_address>0x1149</load_address>
         <run_address>0x1149</run_address>
         <size>0x68</size>
         <input_file_ref idref="fl-cb"/>
      </object_component>
      <object_component id="oc-1ed">
         <name>.debug_line</name>
         <load_address>0x11b1</load_address>
         <run_address>0x11b1</run_address>
         <size>0x2e</size>
         <input_file_ref idref="fl-cb"/>
      </object_component>
      <object_component id="oc-154">
         <name>.debug_line</name>
         <load_address>0x11df</load_address>
         <run_address>0x11df</run_address>
         <size>0x3c</size>
         <input_file_ref idref="fl-cc"/>
      </object_component>
      <object_component id="oc-1cf">
         <name>.debug_line</name>
         <load_address>0x121b</load_address>
         <run_address>0x121b</run_address>
         <size>0x82</size>
         <input_file_ref idref="fl-cd"/>
      </object_component>
      <object_component id="oc-1f8">
         <name>.debug_line</name>
         <load_address>0x129d</load_address>
         <run_address>0x129d</run_address>
         <size>0x7d</size>
         <input_file_ref idref="fl-cd"/>
      </object_component>
      <object_component id="oc-1fa">
         <name>.debug_line</name>
         <load_address>0x131a</load_address>
         <run_address>0x131a</run_address>
         <size>0x7d</size>
         <input_file_ref idref="fl-cd"/>
      </object_component>
      <object_component id="oc-1de">
         <name>.debug_line</name>
         <load_address>0x1397</load_address>
         <run_address>0x1397</run_address>
         <size>0x7d</size>
         <input_file_ref idref="fl-cd"/>
      </object_component>
      <object_component id="oc-90">
         <name>.debug_line</name>
         <load_address>0x1414</load_address>
         <run_address>0x1414</run_address>
         <size>0x92</size>
         <input_file_ref idref="fl-cd"/>
      </object_component>
      <object_component id="oc-ae">
         <name>.debug_line</name>
         <load_address>0x14a6</load_address>
         <run_address>0x14a6</run_address>
         <size>0x95</size>
         <input_file_ref idref="fl-cd"/>
      </object_component>
      <object_component id="oc-b4">
         <name>.debug_line</name>
         <load_address>0x153b</load_address>
         <run_address>0x153b</run_address>
         <size>0xd1</size>
         <input_file_ref idref="fl-cd"/>
      </object_component>
      <object_component id="oc-96">
         <name>.debug_line</name>
         <load_address>0x160c</load_address>
         <run_address>0x160c</run_address>
         <size>0x93</size>
         <input_file_ref idref="fl-cd"/>
      </object_component>
      <object_component id="oc-8a">
         <name>.debug_line</name>
         <load_address>0x169f</load_address>
         <run_address>0x169f</run_address>
         <size>0x99</size>
         <input_file_ref idref="fl-cd"/>
      </object_component>
      <object_component id="oc-111">
         <name>.debug_line</name>
         <load_address>0x1738</load_address>
         <run_address>0x1738</run_address>
         <size>0x92</size>
         <input_file_ref idref="fl-cd"/>
      </object_component>
      <object_component id="oc-c9">
         <name>.debug_line</name>
         <load_address>0x17ca</load_address>
         <run_address>0x17ca</run_address>
         <size>0xa7</size>
         <input_file_ref idref="fl-cd"/>
      </object_component>
      <object_component id="oc-173">
         <name>.debug_line</name>
         <load_address>0x1871</load_address>
         <run_address>0x1871</run_address>
         <size>0xa6</size>
         <input_file_ref idref="fl-cd"/>
      </object_component>
      <object_component id="oc-bd">
         <name>.debug_line</name>
         <load_address>0x1917</load_address>
         <run_address>0x1917</run_address>
         <size>0x99</size>
         <input_file_ref idref="fl-cd"/>
      </object_component>
      <object_component id="oc-b7">
         <name>.debug_line</name>
         <load_address>0x19b0</load_address>
         <run_address>0x19b0</run_address>
         <size>0x99</size>
         <input_file_ref idref="fl-cd"/>
      </object_component>
      <object_component id="oc-c3">
         <name>.debug_line</name>
         <load_address>0x1a49</load_address>
         <run_address>0x1a49</run_address>
         <size>0x92</size>
         <input_file_ref idref="fl-cd"/>
      </object_component>
      <object_component id="oc-10b">
         <name>.debug_line</name>
         <load_address>0x1adb</load_address>
         <run_address>0x1adb</run_address>
         <size>0x92</size>
         <input_file_ref idref="fl-cd"/>
      </object_component>
      <object_component id="oc-1e4">
         <name>.debug_line</name>
         <load_address>0x1b6d</load_address>
         <run_address>0x1b6d</run_address>
         <size>0x7c</size>
         <input_file_ref idref="fl-ce"/>
      </object_component>
      <object_component id="oc-1e2">
         <name>.debug_line</name>
         <load_address>0x1be9</load_address>
         <run_address>0x1be9</run_address>
         <size>0x82</size>
         <input_file_ref idref="fl-ce"/>
      </object_component>
      <object_component id="oc-1fc">
         <name>.debug_line</name>
         <load_address>0x1c6b</load_address>
         <run_address>0x1c6b</run_address>
         <size>0x82</size>
         <input_file_ref idref="fl-ce"/>
      </object_component>
      <object_component id="oc-179">
         <name>.debug_line</name>
         <load_address>0x1ced</load_address>
         <run_address>0x1ced</run_address>
         <size>0xaf</size>
         <input_file_ref idref="fl-ce"/>
      </object_component>
      <object_component id="oc-e5">
         <name>.debug_line</name>
         <load_address>0x1d9c</load_address>
         <run_address>0x1d9c</run_address>
         <size>0x97</size>
         <input_file_ref idref="fl-ce"/>
      </object_component>
      <object_component id="oc-d8">
         <name>.debug_line</name>
         <load_address>0x1e33</load_address>
         <run_address>0x1e33</run_address>
         <size>0xc2</size>
         <input_file_ref idref="fl-ce"/>
      </object_component>
      <object_component id="oc-1d1">
         <name>.debug_line</name>
         <load_address>0x1ef5</load_address>
         <run_address>0x1ef5</run_address>
         <size>0x82</size>
         <input_file_ref idref="fl-cf"/>
      </object_component>
      <object_component id="oc-9b">
         <name>.debug_line</name>
         <load_address>0x1f77</load_address>
         <run_address>0x1f77</run_address>
         <size>0x9e</size>
         <input_file_ref idref="fl-cf"/>
      </object_component>
      <object_component id="oc-101">
         <name>.debug_line</name>
         <load_address>0x2015</load_address>
         <run_address>0x2015</run_address>
         <size>0x95</size>
         <input_file_ref idref="fl-cf"/>
      </object_component>
      <object_component id="oc-fb">
         <name>.debug_line</name>
         <load_address>0x20aa</load_address>
         <run_address>0x20aa</run_address>
         <size>0x96</size>
         <input_file_ref idref="fl-cf"/>
      </object_component>
      <object_component id="oc-106">
         <name>.debug_line</name>
         <load_address>0x2140</load_address>
         <run_address>0x2140</run_address>
         <size>0x91</size>
         <input_file_ref idref="fl-cf"/>
      </object_component>
      <object_component id="oc-f4">
         <name>.debug_line</name>
         <load_address>0x21d1</load_address>
         <run_address>0x21d1</run_address>
         <size>0x9b</size>
         <input_file_ref idref="fl-cf"/>
      </object_component>
      <object_component id="oc-1c8">
         <name>.debug_line</name>
         <load_address>0x226c</load_address>
         <run_address>0x226c</run_address>
         <size>0x13d</size>
         <input_file_ref idref="fl-d0"/>
      </object_component>
      <object_component id="oc-a5">
         <name>.debug_line</name>
         <load_address>0x23a9</load_address>
         <run_address>0x23a9</run_address>
         <size>0x94</size>
         <input_file_ref idref="fl-d0"/>
      </object_component>
      <object_component id="oc-9f">
         <name>.debug_line</name>
         <load_address>0x243d</load_address>
         <run_address>0x243d</run_address>
         <size>0x94</size>
         <input_file_ref idref="fl-d0"/>
      </object_component>
      <object_component id="oc-ed">
         <name>.debug_line</name>
         <load_address>0x24d1</load_address>
         <run_address>0x24d1</run_address>
         <size>0x94</size>
         <input_file_ref idref="fl-d0"/>
      </object_component>
      <object_component id="oc-84">
         <name>.debug_line</name>
         <load_address>0x2565</load_address>
         <run_address>0x2565</run_address>
         <size>0xee</size>
         <input_file_ref idref="fl-d0"/>
      </object_component>
      <object_component id="oc-1cc">
         <name>.debug_line</name>
         <load_address>0x2653</load_address>
         <run_address>0x2653</run_address>
         <size>0x7f</size>
         <input_file_ref idref="fl-d0"/>
      </object_component>
      <object_component id="oc-1e0">
         <name>.debug_line</name>
         <load_address>0x26d2</load_address>
         <run_address>0x26d2</run_address>
         <size>0x82</size>
         <input_file_ref idref="fl-d1"/>
      </object_component>
      <object_component id="oc-11a">
         <name>.debug_line</name>
         <load_address>0x2754</load_address>
         <run_address>0x2754</run_address>
         <size>0x9c</size>
         <input_file_ref idref="fl-d1"/>
      </object_component>
      <object_component id="oc-de">
         <name>.debug_line</name>
         <load_address>0x27f0</load_address>
         <run_address>0x27f0</run_address>
         <size>0x93</size>
         <input_file_ref idref="fl-d1"/>
      </object_component>
      <object_component id="oc-11d">
         <name>.debug_line</name>
         <load_address>0x2883</load_address>
         <run_address>0x2883</run_address>
         <size>0x93</size>
         <input_file_ref idref="fl-d1"/>
      </object_component>
      <object_component id="oc-e7">
         <name>.debug_line</name>
         <load_address>0x2916</load_address>
         <run_address>0x2916</run_address>
         <size>0x93</size>
         <input_file_ref idref="fl-d1"/>
      </object_component>
      <object_component id="oc-d2">
         <name>.debug_line</name>
         <load_address>0x29a9</load_address>
         <run_address>0x29a9</run_address>
         <size>0xb7</size>
         <input_file_ref idref="fl-d1"/>
      </object_component>
      <object_component id="oc-192">
         <name>.debug_line</name>
         <load_address>0x2a60</load_address>
         <run_address>0x2a60</run_address>
         <size>0x91</size>
         <input_file_ref idref="fl-d2"/>
      </object_component>
      <object_component id="oc-36">
         <name>.debug_frame</name>
         <load_address>0x0</load_address>
         <run_address>0x0</run_address>
         <size>0x100</size>
         <input_file_ref idref="fl-2"/>
      </object_component>
      <object_component id="oc-30">
         <name>.debug_frame</name>
         <load_address>0x100</load_address>
         <run_address>0x100</run_address>
         <size>0x90</size>
         <input_file_ref idref="fl-3"/>
      </object_component>
      <object_component id="oc-13">
         <name>.debug_frame</name>
         <load_address>0x190</load_address>
         <run_address>0x190</run_address>
         <size>0x60</size>
         <input_file_ref idref="fl-bf"/>
      </object_component>
      <object_component id="oc-1a">
         <name>.debug_frame</name>
         <load_address>0x1f0</load_address>
         <run_address>0x1f0</run_address>
         <size>0x54</size>
         <input_file_ref idref="fl-c0"/>
      </object_component>
      <object_component id="oc-22">
         <name>.debug_frame</name>
         <load_address>0x244</load_address>
         <run_address>0x244</run_address>
         <size>0x54</size>
         <input_file_ref idref="fl-c1"/>
      </object_component>
      <object_component id="oc-7a">
         <name>.debug_frame</name>
         <load_address>0x298</load_address>
         <run_address>0x298</run_address>
         <size>0x88</size>
         <input_file_ref idref="fl-c2"/>
      </object_component>
      <object_component id="oc-5f">
         <name>.debug_frame</name>
         <load_address>0x320</load_address>
         <run_address>0x320</run_address>
         <size>0x54</size>
         <input_file_ref idref="fl-c5"/>
      </object_component>
      <object_component id="oc-68">
         <name>.debug_frame</name>
         <load_address>0x374</load_address>
         <run_address>0x374</run_address>
         <size>0x54</size>
         <input_file_ref idref="fl-c6"/>
      </object_component>
      <object_component id="oc-1be">
         <name>.debug_frame</name>
         <load_address>0x3c8</load_address>
         <run_address>0x3c8</run_address>
         <size>0x7c</size>
         <input_file_ref idref="fl-c8"/>
      </object_component>
      <object_component id="oc-74">
         <name>.debug_frame</name>
         <load_address>0x444</load_address>
         <run_address>0x444</run_address>
         <size>0x54</size>
         <input_file_ref idref="fl-c9"/>
      </object_component>
      <object_component id="oc-6e">
         <name>.debug_frame</name>
         <load_address>0x498</load_address>
         <run_address>0x498</run_address>
         <size>0x5c</size>
         <input_file_ref idref="fl-ca"/>
      </object_component>
      <object_component id="oc-14c">
         <name>.debug_frame</name>
         <load_address>0x4f4</load_address>
         <run_address>0x4f4</run_address>
         <size>0x60</size>
         <input_file_ref idref="fl-cb"/>
      </object_component>
      <object_component id="oc-155">
         <name>.debug_frame</name>
         <load_address>0x554</load_address>
         <run_address>0x554</run_address>
         <size>0x54</size>
         <input_file_ref idref="fl-cc"/>
      </object_component>
      <object_component id="oc-91">
         <name>.debug_frame</name>
         <load_address>0x5a8</load_address>
         <run_address>0x5a8</run_address>
         <size>0x7f</size>
         <input_file_ref idref="fl-cd"/>
      </object_component>
      <object_component id="oc-af">
         <name>.debug_frame</name>
         <load_address>0x627</load_address>
         <run_address>0x627</run_address>
         <size>0x7f</size>
         <input_file_ref idref="fl-cd"/>
      </object_component>
      <object_component id="oc-b5">
         <name>.debug_frame</name>
         <load_address>0x6a6</load_address>
         <run_address>0x6a6</run_address>
         <size>0x8f</size>
         <input_file_ref idref="fl-cd"/>
      </object_component>
      <object_component id="oc-97">
         <name>.debug_frame</name>
         <load_address>0x735</load_address>
         <run_address>0x735</run_address>
         <size>0x86</size>
         <input_file_ref idref="fl-cd"/>
      </object_component>
      <object_component id="oc-8b">
         <name>.debug_frame</name>
         <load_address>0x7bb</load_address>
         <run_address>0x7bb</run_address>
         <size>0x8a</size>
         <input_file_ref idref="fl-cd"/>
      </object_component>
      <object_component id="oc-115">
         <name>.debug_frame</name>
         <load_address>0x845</load_address>
         <run_address>0x845</run_address>
         <size>0x7f</size>
         <input_file_ref idref="fl-cd"/>
      </object_component>
      <object_component id="oc-cd">
         <name>.debug_frame</name>
         <load_address>0x8c4</load_address>
         <run_address>0x8c4</run_address>
         <size>0x86</size>
         <input_file_ref idref="fl-cd"/>
      </object_component>
      <object_component id="oc-177">
         <name>.debug_frame</name>
         <load_address>0x94a</load_address>
         <run_address>0x94a</run_address>
         <size>0x7f</size>
         <input_file_ref idref="fl-cd"/>
      </object_component>
      <object_component id="oc-c1">
         <name>.debug_frame</name>
         <load_address>0x9c9</load_address>
         <run_address>0x9c9</run_address>
         <size>0x7f</size>
         <input_file_ref idref="fl-cd"/>
      </object_component>
      <object_component id="oc-bb">
         <name>.debug_frame</name>
         <load_address>0xa48</load_address>
         <run_address>0xa48</run_address>
         <size>0x8a</size>
         <input_file_ref idref="fl-cd"/>
      </object_component>
      <object_component id="oc-c7">
         <name>.debug_frame</name>
         <load_address>0xad2</load_address>
         <run_address>0xad2</run_address>
         <size>0x7f</size>
         <input_file_ref idref="fl-cd"/>
      </object_component>
      <object_component id="oc-10f">
         <name>.debug_frame</name>
         <load_address>0xb51</load_address>
         <run_address>0xb51</run_address>
         <size>0x7f</size>
         <input_file_ref idref="fl-cd"/>
      </object_component>
      <object_component id="oc-17d">
         <name>.debug_frame</name>
         <load_address>0xbd0</load_address>
         <run_address>0xbd0</run_address>
         <size>0x8e</size>
         <input_file_ref idref="fl-ce"/>
      </object_component>
      <object_component id="oc-e4">
         <name>.debug_frame</name>
         <load_address>0xc5e</load_address>
         <run_address>0xc5e</run_address>
         <size>0x86</size>
         <input_file_ref idref="fl-ce"/>
      </object_component>
      <object_component id="oc-d9">
         <name>.debug_frame</name>
         <load_address>0xce4</load_address>
         <run_address>0xce4</run_address>
         <size>0x7f</size>
         <input_file_ref idref="fl-ce"/>
      </object_component>
      <object_component id="oc-99">
         <name>.debug_frame</name>
         <load_address>0xd63</load_address>
         <run_address>0xd63</run_address>
         <size>0x7f</size>
         <input_file_ref idref="fl-cf"/>
      </object_component>
      <object_component id="oc-ff">
         <name>.debug_frame</name>
         <load_address>0xde2</load_address>
         <run_address>0xde2</run_address>
         <size>0x7f</size>
         <input_file_ref idref="fl-cf"/>
      </object_component>
      <object_component id="oc-f9">
         <name>.debug_frame</name>
         <load_address>0xe61</load_address>
         <run_address>0xe61</run_address>
         <size>0x7f</size>
         <input_file_ref idref="fl-cf"/>
      </object_component>
      <object_component id="oc-107">
         <name>.debug_frame</name>
         <load_address>0xee0</load_address>
         <run_address>0xee0</run_address>
         <size>0x7f</size>
         <input_file_ref idref="fl-cf"/>
      </object_component>
      <object_component id="oc-f5">
         <name>.debug_frame</name>
         <load_address>0xf5f</load_address>
         <run_address>0xf5f</run_address>
         <size>0x7f</size>
         <input_file_ref idref="fl-cf"/>
      </object_component>
      <object_component id="oc-a6">
         <name>.debug_frame</name>
         <load_address>0xfde</load_address>
         <run_address>0xfde</run_address>
         <size>0x7f</size>
         <input_file_ref idref="fl-d0"/>
      </object_component>
      <object_component id="oc-a0">
         <name>.debug_frame</name>
         <load_address>0x105d</load_address>
         <run_address>0x105d</run_address>
         <size>0x7f</size>
         <input_file_ref idref="fl-d0"/>
      </object_component>
      <object_component id="oc-ee">
         <name>.debug_frame</name>
         <load_address>0x10dc</load_address>
         <run_address>0x10dc</run_address>
         <size>0x7f</size>
         <input_file_ref idref="fl-d0"/>
      </object_component>
      <object_component id="oc-85">
         <name>.debug_frame</name>
         <load_address>0x115b</load_address>
         <run_address>0x115b</run_address>
         <size>0x93</size>
         <input_file_ref idref="fl-d0"/>
      </object_component>
      <object_component id="oc-11b">
         <name>.debug_frame</name>
         <load_address>0x11ee</load_address>
         <run_address>0x11ee</run_address>
         <size>0x7f</size>
         <input_file_ref idref="fl-d1"/>
      </object_component>
      <object_component id="oc-df">
         <name>.debug_frame</name>
         <load_address>0x126d</load_address>
         <run_address>0x126d</run_address>
         <size>0x7f</size>
         <input_file_ref idref="fl-d1"/>
      </object_component>
      <object_component id="oc-11e">
         <name>.debug_frame</name>
         <load_address>0x12ec</load_address>
         <run_address>0x12ec</run_address>
         <size>0x7f</size>
         <input_file_ref idref="fl-d1"/>
      </object_component>
      <object_component id="oc-e8">
         <name>.debug_frame</name>
         <load_address>0x136b</load_address>
         <run_address>0x136b</run_address>
         <size>0x7f</size>
         <input_file_ref idref="fl-d1"/>
      </object_component>
      <object_component id="oc-d3">
         <name>.debug_frame</name>
         <load_address>0x13ea</load_address>
         <run_address>0x13ea</run_address>
         <size>0x86</size>
         <input_file_ref idref="fl-d1"/>
      </object_component>
      <object_component id="oc-191">
         <name>.debug_frame</name>
         <load_address>0x1470</load_address>
         <run_address>0x1470</run_address>
         <size>0x7f</size>
         <input_file_ref idref="fl-d2"/>
      </object_component>
      <object_component id="oc-1e6">
         <name>.debug_abbrev</name>
         <load_address>0x0</load_address>
         <run_address>0x0</run_address>
         <size>0xb5</size>
         <input_file_ref idref="fl-2"/>
      </object_component>
      <object_component id="oc-19e">
         <name>.debug_abbrev</name>
         <load_address>0xb5</load_address>
         <run_address>0xb5</run_address>
         <size>0x29</size>
         <input_file_ref idref="fl-2"/>
      </object_component>
      <object_component id="oc-125">
         <name>.debug_abbrev</name>
         <load_address>0xde</load_address>
         <run_address>0xde</run_address>
         <size>0x9b</size>
         <input_file_ref idref="fl-2"/>
      </object_component>
      <object_component id="oc-128">
         <name>.debug_abbrev</name>
         <load_address>0x179</load_address>
         <run_address>0x179</run_address>
         <size>0x1f</size>
         <input_file_ref idref="fl-2"/>
      </object_component>
      <object_component id="oc-12f">
         <name>.debug_abbrev</name>
         <load_address>0x198</load_address>
         <run_address>0x198</run_address>
         <size>0x35</size>
         <input_file_ref idref="fl-2"/>
      </object_component>
      <object_component id="oc-12b">
         <name>.debug_abbrev</name>
         <load_address>0x1cd</load_address>
         <run_address>0x1cd</run_address>
         <size>0x73</size>
         <input_file_ref idref="fl-3"/>
      </object_component>
      <object_component id="oc-37">
         <name>.debug_abbrev</name>
         <load_address>0x240</load_address>
         <run_address>0x240</run_address>
         <size>0x29</size>
         <input_file_ref idref="fl-3"/>
      </object_component>
      <object_component id="oc-7f">
         <name>.debug_abbrev</name>
         <load_address>0x269</load_address>
         <run_address>0x269</run_address>
         <size>0x79</size>
         <input_file_ref idref="fl-3"/>
      </object_component>
      <object_component id="oc-42">
         <name>.debug_abbrev</name>
         <load_address>0x2e2</load_address>
         <run_address>0x2e2</run_address>
         <size>0x1f</size>
         <input_file_ref idref="fl-3"/>
      </object_component>
      <object_component id="oc-7e">
         <name>.debug_abbrev</name>
         <load_address>0x301</load_address>
         <run_address>0x301</run_address>
         <size>0x3e</size>
         <input_file_ref idref="fl-be"/>
      </object_component>
      <object_component id="oc-1a1">
         <name>.debug_abbrev</name>
         <load_address>0x33f</load_address>
         <run_address>0x33f</run_address>
         <size>0x37</size>
         <input_file_ref idref="fl-bf"/>
      </object_component>
      <object_component id="oc-3a">
         <name>.debug_abbrev</name>
         <load_address>0x376</load_address>
         <run_address>0x376</run_address>
         <size>0x6f</size>
         <input_file_ref idref="fl-bf"/>
      </object_component>
      <object_component id="oc-3d">
         <name>.debug_abbrev</name>
         <load_address>0x3e5</load_address>
         <run_address>0x3e5</run_address>
         <size>0x24</size>
         <input_file_ref idref="fl-bf"/>
      </object_component>
      <object_component id="oc-134">
         <name>.debug_abbrev</name>
         <load_address>0x409</load_address>
         <run_address>0x409</run_address>
         <size>0x35</size>
         <input_file_ref idref="fl-bf"/>
      </object_component>
      <object_component id="oc-13e">
         <name>.debug_abbrev</name>
         <load_address>0x43e</load_address>
         <run_address>0x43e</run_address>
[...]
            <object_component_ref idref="oc-dd"/>
            <object_component_ref idref="oc-121"/>
            <object_component_ref idref="oc-eb"/>
            <object_component_ref idref="oc-d1"/>
            <object_component_ref idref="oc-190"/>
         </contents>
      </logical_group>
      <logical_group id="lg-21a" display="never" color="cyan">
         <name>.debug_pubtypes</name>
         <load_address>0x0</load_address>
         <run_address>0x0</run_address>
         <size>0x66d</size>
         <contents>
            <object_component_ref idref="oc-127"/>
            <object_component_ref idref="oc-12e"/>
            <object_component_ref idref="oc-41"/>
            <object_component_ref idref="oc-3c"/>
            <object_component_ref idref="oc-133"/>
            <object_component_ref idref="oc-4c"/>
            <object_component_ref idref="oc-13a"/>
            <object_component_ref idref="oc-58"/>
            <object_component_ref idref="oc-142"/>
            <object_component_ref idref="oc-162"/>
            <object_component_ref idref="oc-1c4"/>
            <object_component_ref idref="oc-1b5"/>
            <object_component_ref idref="oc-1a9"/>
            <object_component_ref idref="oc-1f0"/>
            <object_component_ref idref="oc-1ae"/>
            <object_component_ref idref="oc-1eb"/>
            <object_component_ref idref="oc-1ca"/>
         </contents>
      </logical_group>
      <load_segment id="lg-226" display="no" color="cyan">
         <name>SEGMENT_0</name>
         <load_address>0x0</load_address>
         <run_address>0x0</run_address>
         <size>0x1078</size>
         <flags>0x5</flags>
         <contents>
            <logical_group_ref idref="lg-3"/>
            <logical_group_ref idref="lg-4"/>
            <logical_group_ref idref="lg-5"/>
            <logical_group_ref idref="lg-6"/>
         </contents>
      </load_segment>
      <load_segment id="lg-227" display="no" color="cyan">
         <name>SEGMENT_1</name>
         <run_address>0x20000000</run_address>
         <size>0x488</size>
         <flags>0x6</flags>
         <contents>
            <logical_group_ref idref="lg-9"/>
            <logical_group_ref idref="lg-d"/>
            <logical_group_ref idref="lg-a"/>
         </contents>
      </load_segment>
   </logical_group_list>
   <placement_map>
      <memory_area display="yes" color="green">
         <name>FLASH</name>
         <page_id>0x0</page_id>
         <origin>0x0</origin>
         <length>0x40000</length>
         <used_space>0x1072</used_space>
         <unused_space>0x3ef8e</unused_space>
         <attributes>RX</attributes>
         <usage_details>
            <allocated_space>
               <start_address>0x0</start_address>
               <size>0x26c</size>
               <logical_group_ref idref="lg-3"/>
            </allocated_space>
            <allocated_space>
               <start_address>0x26c</start_address>
               <size>0xb36</size>
               <logical_group_ref idref="lg-4"/>
            </allocated_space>
            <available_space>
               <start_address>0xda2</start_address>
               <size>0x2</size>
            </available_space>
            <allocated_space>
               <start_address>0xda4</start_address>
               <size>0x298</size>
               <logical_group_ref idref="lg-5"/>
            </allocated_space>
            <available_space>
               <start_address>0x103c</start_address>
               <size>0x4</size>
            </available_space>
            <allocated_space>
               <start_address>0x1040</start_address>
               <size>0x38</size>
               <logical_group_ref idref="lg-6"/>
            </allocated_space>
            <available_space>
               <start_address>0x1078</start_address>
               <size>0x3ef88</size>
            </available_space>
         </usage_details>
      </memory_area>
      <memory_area display="yes" color="green">
         <name>SRAM</name>
         <page_id>0x0</page_id>
         <origin>0x20000000</origin>
         <length>0x8000</length>
         <used_space>0x488</used_space>
         <unused_space>0x7b78</unused_space>
         <attributes>RWX</attributes>
         <usage_details>
            <allocated_space>
               <start_address>0x20000000</start_address>
               <size>0x26c</size>
               <logical_group_ref idref="lg-9"/>
            </allocated_space>
            <allocated_space>
               <start_address>0x2000026c</start_address>
               <size>0x200</size>
               <logical_group_ref idref="lg-d"/>
            </allocated_space>
            <allocated_space>
               <start_address>0x2000046c</start_address>
               <size>0x1c</size>
               <logical_group_ref idref="lg-a"/>
            </allocated_space>
            <available_space>
               <start_address>0x20000488</start_address>
               <size>0x7b78</size>
            </available_space>
         </usage_details>
      </memory_area>
   </placement_map>
   <cptbl_list>
      <cptbl>
         <name>__TI_cinit_table</name>
         <cprec>
            <name>.data</name>
            <load_address>0x1040</load_address>
            <load_size>0x12</load_size>
            <run_address>0x2000046c</run_address>
            <run_size>0x1c</run_size>
            <compression>lzss</compression>
         </cprec>
         <cprec>
            <name>.vtable</name>
            <load_address>0x1060</load_address>
            <load_size>0x8</load_size>
            <run_address>0x20000000</run_address>
            <run_size>0x26c</run_size>
            <compression>zero_init</compression>
         </cprec>
      </cptbl>
   </cptbl_list>
   <handler_table>
      <handler_table_name>__TI_handler_table</handler_table_name>
      <handler>
         <index>0x0</index>
         <name>__TI_zero_init</name>
      </handler>
      <handler>
         <index>0x1</index>
         <name>__TI_decompress_lzss</name>
      </handler>
      <handler>
         <index>0x2</index>
         <name>__TI_decompress_none</name>
      </handler>
   </handler_table>
   <symbol_table>
      <symbol id="sm-1">
         <name>__STACK_TOP</name>
         <value>0x2000046c</value>
      </symbol>
      <symbol id="sm-2">
         <name>__TI_CINIT_Base</name>
         <value>0x1068</value>
      </symbol>
      <symbol id="sm-3">
         <name>__TI_CINIT_Limit</name>
         <value>0x1078</value>
      </symbol>
      <symbol id="sm-4">
         <name>__TI_Handler_Table_Base</name>
         <value>0x1054</value>
      </symbol>
      <symbol id="sm-5">
         <name>__TI_Handler_Table_Limit</name>
         <value>0x1060</value>
      </symbol>
      <symbol id="sm-6">
         <name>binit</name>
         <value>0xffffffff</value>
      </symbol>
      <symbol id="sm-7">
         <name>__binit__</name>
         <value>0xffffffff</value>
      </symbol>
      <symbol id="sm-8">
         <name>__STACK_SIZE</name>
         <value>0x200</value>
      </symbol>
      <symbol id="sm-9">
         <name>__STACK_END</name>
         <value>0x2000046c</value>
      </symbol>
      <symbol id="sm-a">
         <name>__c_args__</name>
         <value>0xffffffff</value>
      </symbol>
      <symbol id="sm-b">
         <name>__TI_pprof_out_hndl</name>
         <value>0xffffffff</value>
      </symbol>
      <symbol id="sm-c">
         <name>__TI_prof_data_start</name>
         <value>0xffffffff</value>
      </symbol>
      <symbol id="sm-d">
         <name>__TI_prof_data_size</name>
         <value>0xffffffff</value>
      </symbol>
      <symbol id="sm-63">
         <name>on_button_pushed</name>
         <value>0x287</value>
         <object_component_ref idref="oc-31"/>
      </symbol>
      <symbol id="sm-64">
         <name>Timer_Init</name>
         <value>0x365</value>
         <object_component_ref idref="oc-31"/>
      </symbol>
      <symbol id="sm-65">
         <name>PortF_Init</name>
         <value>0x2df</value>
         <object_component_ref idref="oc-31"/>
      </symbol>
      <symbol id="sm-66">
         <name>PortB_Init</name>
         <value>0x339</value>
         <object_component_ref idref="oc-31"/>
      </symbol>
      <symbol id="sm-67">
         <name>main</name>
         <value>0x26d</value>
         <object_component_ref idref="oc-31"/>
      </symbol>
      <symbol id="sm-68">
         <name>Debounce_Handler</name>
         <value>0x425</value>
         <object_component_ref idref="oc-31"/>
      </symbol>
      <symbol id="sm-69">
         <name>currentDutyCycle</name>
         <value>0x20000480</value>
         <object_component_ref idref="oc-122"/>
      </symbol>
      <symbol id="sm-6a">
         <name>PWM_Init</name>
         <value>0x391</value>
         <object_component_ref idref="oc-31"/>
      </symbol>
      <symbol id="sm-6b">
         <name>Button_Handler</name>
         <value>0x3e5</value>
         <object_component_ref idref="oc-31"/>
      </symbol>
      <symbol id="sm-8c">
         <name>ResetISR</name>
         <value>0xd6f</value>
         <object_component_ref idref="oc-2b"/>
      </symbol>
      <symbol id="sm-8d">
         <name>g_pfnVectors</name>
         <value>0x0</value>
         <object_component_ref idref="oc-f"/>
      </symbol>
      <symbol id="sm-9e">
         <name>_c_int00</name>
         <value>0x9d1</value>
         <object_component_ref idref="oc-24"/>
      </symbol>
      <symbol id="sm-9f">
         <name>__stack</name>
         <value>0x2000026c</value>
         <object_component_ref idref="oc-2a"/>
      </symbol>
      <symbol id="sm-bd">
         <name>__TI_decompress_lzss</name>
         <value>0x8b1</value>
         <object_component_ref idref="oc-12"/>
      </symbol>
      <symbol id="sm-d4">
         <name>__TI_decompress_none</name>
         <value>0xd31</value>
         <object_component_ref idref="oc-18"/>
      </symbol>
      <symbol id="sm-eb">
         <name>__TI_zero_init</name>
         <value>0xd63</value>
         <object_component_ref idref="oc-1e"/>
      </symbol>
      <symbol id="sm-10c">
         <name>C$$EXIT</name>
         <value>0xa25</value>
         <object_component_ref idref="oc-75"/>
      </symbol>
      <symbol id="sm-10d">
         <name>abort</name>
         <value>0xa29</value>
         <object_component_ref idref="oc-75"/>
      </symbol>
      <symbol id="sm-10e">
         <name>exit</name>
         <value>0xa31</value>
         <object_component_ref idref="oc-75"/>
      </symbol>
      <symbol id="sm-10f">
         <name>__TI_dtors_ptr</name>
         <value>0x20000470</value>
         <object_component_ref idref="oc-15a"/>
      </symbol>
      <symbol id="sm-110">
         <name>__TI_cleanup_ptr</name>
         <value>0x2000046c</value>
         <object_component_ref idref="oc-15a"/>
      </symbol>
      <symbol id="sm-111">
         <name>__TI_enable_exit_profile_output</name>
         <value>0x20000474</value>
         <object_component_ref idref="oc-15a"/>
      </symbol>
      <symbol id="sm-12c">
         <name>memcpy</name>
         <value>0x6c1</value>
         <object_component_ref idref="oc-45"/>
      </symbol>
      <symbol id="sm-12d">
         <name>__aeabi_memcpy</name>
         <value>0x6c1</value>
         <object_component_ref idref="oc-45"/>
      </symbol>
      <symbol id="sm-12e">
         <name>__aeabi_memcpy8</name>
         <value>0x6c1</value>
         <object_component_ref idref="oc-45"/>
      </symbol>
      <symbol id="sm-12f">
         <name>__aeabi_memcpy4</name>
         <value>0x6c1</value>
         <object_component_ref idref="oc-45"/>
      </symbol>
      <symbol id="sm-13e">
         <name>__aeabi_memset</name>
         <value>0x75f</value>
         <object_component_ref idref="oc-51"/>
      </symbol>
      <symbol id="sm-13f">
         <name>memset</name>
         <value>0x765</value>
         <object_component_ref idref="oc-51"/>
      </symbol>
      <symbol id="sm-140">
         <name>__aeabi_memset8</name>
         <value>0x75f</value>
         <object_component_ref idref="oc-51"/>
      </symbol>
      <symbol id="sm-141">
         <name>__aeabi_memset4</name>
         <value>0x75f</value>
         <object_component_ref idref="oc-51"/>
      </symbol>
      <symbol id="sm-142">
         <name>__aeabi_memclr8</name>
         <value>0x75d</value>
         <object_component_ref idref="oc-51"/>
      </symbol>
      <symbol id="sm-143">
         <name>__aeabi_memclr4</name>
         <value>0x75d</value>
         <object_component_ref idref="oc-51"/>
      </symbol>
      <symbol id="sm-144">
         <name>__aeabi_memclr</name>
         <value>0x75d</value>
         <object_component_ref idref="oc-51"/>
      </symbol>
      <symbol id="sm-14e">
         <name>__mpu_init</name>
         <value>0x5cb</value>
         <object_component_ref idref="oc-5d"/>
      </symbol>
      <symbol id="sm-158">
         <name>_system_pre_init</name>
         <value>0xd9f</value>
         <object_component_ref idref="oc-63"/>
      </symbol>
      <symbol id="sm-160">
         <name>main_func_sp</name>
         <value>0x20000484</value>
         <object_component_ref idref="oc-7b"/>
      </symbol>
      <symbol id="sm-179">
         <name>_nop</name>
         <value>0xcc7</value>
         <object_component_ref idref="oc-1bb"/>
      </symbol>
      <symbol id="sm-17a">
         <name>_lock</name>
         <value>0x20000478</value>
         <object_component_ref idref="oc-15d"/>
      </symbol>
      <symbol id="sm-17b">
         <name>_unlock</name>
         <value>0x2000047c</value>
         <object_component_ref idref="oc-15d"/>
      </symbol>
      <symbol id="sm-17c">
         <name>_register_lock</name>
         <value>0xcbf</value>
         <object_component_ref idref="oc-1bb"/>
      </symbol>
      <symbol id="sm-17d">
         <name>_register_unlock</name>
         <value>0xcb9</value>
         <object_component_ref idref="oc-1bb"/>
      </symbol>
      <symbol id="sm-191">
         <name>_args_main</name>
         <value>0xc8d</value>
         <object_component_ref idref="oc-6f"/>
      </symbol>
      <symbol id="sm-1bb">
         <name>__TI_auto_init</name>
         <value>0x7d9</value>
         <object_component_ref idref="oc-69"/>
      </symbol>
      <symbol id="sm-1d5">
         <name>copy_in</name>
         <value>0xa79</value>
         <object_component_ref idref="oc-14a"/>
      </symbol>
      <symbol id="sm-1df">
         <name>_system_post_cinit</name>
         <value>0x7d7</value>
         <object_component_ref idref="oc-150"/>
      </symbol>
      <symbol id="sm-268">
         <name>GPIOPinTypePWM</name>
         <value>0xccd</value>
         <object_component_ref idref="oc-92"/>
      </symbol>
      <symbol id="sm-269">
         <name>GPIOIntRegister</name>
         <value>0xc5b</value>
         <object_component_ref idref="oc-b6"/>
      </symbol>
      <symbol id="sm-26a">
         <name>GPIOPinConfigure</name>
         <value>0xac5</value>
         <object_component_ref idref="oc-c8"/>
      </symbol>
      <symbol id="sm-26b">
         <name>GPIOIntEnable</name>
         <value>0xd4b</value>
         <object_component_ref idref="oc-c2"/>
      </symbol>
      <symbol id="sm-26c">
         <name>GPIOIntTypeSet</name>
         <value>0x979</value>
         <object_component_ref idref="oc-bc"/>
      </symbol>
      <symbol id="sm-26d">
         <name>GPIOIntClear</name>
         <value>0xd83</value>
         <object_component_ref idref="oc-10a"/>
      </symbol>
      <symbol id="sm-26e">
         <name>GPIOPinTypeGPIOOutput</name>
         <value>0xc73</value>
         <object_component_ref idref="oc-86"/>
      </symbol>
      <symbol id="sm-26f">
         <name>GPIOPinRead</name>
         <value>0xd89</value>
         <object_component_ref idref="oc-110"/>
      </symbol>
      <symbol id="sm-270">
         <name>GPIODirModeSet</name>
         <value>0xbf1</value>
         <object_component_ref idref="oc-aa"/>
      </symbol>
      <symbol id="sm-271">
         <name>GPIOPinWrite</name>
         <value>0xd8f</value>
         <object_component_ref idref="oc-8c"/>
      </symbol>
      <symbol id="sm-272">
         <name>GPIOPadConfigSet</name>
         <value>0x499</value>
         <object_component_ref idref="oc-b0"/>
      </symbol>
      <symbol id="sm-2b4">
         <name>IntEnable</name>
         <value>0x849</value>
         <object_component_ref idref="oc-d4"/>
      </symbol>
      <symbol id="sm-2b5">
         <name>IntRegister</name>
         <value>0xb89</value>
         <object_component_ref idref="oc-178"/>
      </symbol>
      <symbol id="sm-2b6">
         <name>g_pfnRAMVectors</name>
         <value>0x20000000</value>
         <object_component_ref idref="oc-1d9"/>
      </symbol>
      <symbol id="sm-2b7">
         <name>IntMasterEnable</name>
         <value>0xd03</value>
         <object_component_ref idref="oc-e0"/>
      </symbol>
      <symbol id="sm-2e4">
         <name>PWMGenPeriodSet</name>
         <value>0xd13</value>
         <object_component_ref idref="oc-f8"/>
      </symbol>
      <symbol id="sm-2e5">
         <name>PWMPulseWidthSet</name>
         <value>0xc3d</value>
         <object_component_ref idref="oc-98"/>
      </symbol>
      <symbol id="sm-2e6">
         <name>PWMOutputState</name>
         <value>0xcdf</value>
         <object_component_ref idref="oc-fe"/>
      </symbol>
      <symbol id="sm-2e7">
         <name>PWMGenEnable</name>
         <value>0xd57</value>
         <object_component_ref idref="oc-104"/>
      </symbol>
      <symbol id="sm-2e8">
         <name>PWMGenConfigure</name>
         <value>0xc1b</value>
         <object_component_ref idref="oc-f2"/>
      </symbol>
      <symbol id="sm-329">
         <name>SysCtlClockSet</name>
         <value>0x5cd</value>
         <object_component_ref idref="oc-80"/>
      </symbol>
      <symbol id="sm-32a">
         <name>SysCtlDelay</name>
         <value>0xd95</value>
         <object_component_ref idref="oc-165"/>
      </symbol>
      <symbol id="sm-32b">
         <name>SysCtlPeripheralEnable</name>
         <value>0xbbd</value>
         <object_component_ref idref="oc-9e"/>
      </symbol>
      <symbol id="sm-32c">
         <name>SysCtlPWMClockSet</name>
         <value>0xca5</value>
         <object_component_ref idref="oc-ec"/>
      </symbol>
      <symbol id="sm-32d">
         <name>SysCtlPeripheralReady</name>
         <value>0xb51</value>
         <object_component_ref idref="oc-a4"/>
      </symbol>
      <symbol id="sm-361">
         <name>TimerLoadSet</name>
         <value>0xcf1</value>
         <object_component_ref idref="oc-116"/>
      </symbol>
      <symbol id="sm-362">
         <name>TimerEnable</name>
         <value>0xd23</value>
         <object_component_ref idref="oc-e6"/>
      </symbol>
      <symbol id="sm-363">
         <name>TimerIntEnable</name>
         <value>0xd7b</value>
         <object_component_ref idref="oc-da"/>
      </symbol>
      <symbol id="sm-364">
         <name>TimerConfigure</name>
         <value>0x919</value>
         <object_component_ref idref="oc-ce"/>
      </symbol>
      <symbol id="sm-365">
         <name>TimerIntClear</name>
         <value>0xd9b</value>
         <object_component_ref idref="oc-11c"/>
      </symbol>
      <symbol id="sm-36f">
         <name>CPUcpsie</name>
         <value>0xd3f</value>
         <object_component_ref idref="oc-18d"/>
      </symbol>
      <symbol id="sm-370">
         <name>__TI_static_base__</name>
         <value>0x0</value>
      </symbol>
      <symbol id="sm-373">
         <name>SHT$$INIT_ARRAY$$Limit</name>
         <value>0x0</value>
      </symbol>
      <symbol id="sm-374">
         <name>SHT$$INIT_ARRAY$$Base</name>
         <value>0x0</value>
      </symbol>
   </symbol_table>
   <title>Link successful</title>
</link_info>
