<?xml version="1.0"?>
<link_info>
   <banner>TI ARM Linker PC v16.9.6.LTS</banner>
   <copyright>Copyright (c) 1996-2017 Texas Instruments Incorporated</copyright>
   <link_time>0x5acaf4c3</link_time>
   <link_errors>0x0</link_errors>
   <output_file>MSE450_Project.out</output_file>
   <entry_point>
      <name>_c_int00</name>
      <address>0x1585</address>
   </entry_point>
   <input_file_list>
      <input_file id="fl-2">
         <path>.\</path>
         <kind>object</kind>
         <file>button.obj</file>
         <name>button.obj</name>
      </input_file>
      <input_file id="fl-3">
         <path>.\</path>
         <kind>object</kind>
         <file>com.obj</file>
         <name>com.obj</name>
      </input_file>
      <input_file id="fl-4">
         <path>.\</path>
         <kind>object</kind>
         <file>main.obj</file>
         <name>main.obj</name>
      </input_file>
      <input_file id="fl-5">
         <path>.\</path>
         <kind>object</kind>
         <file>servo.obj</file>
         <name>servo.obj</name>
      </input_file>
      <input_file id="fl-6">
         <path>.\</path>
         <kind>object</kind>
         <file>tm4c123gh6pm_startup_ccs.obj</file>
         <name>tm4c123gh6pm_startup_ccs.obj</name>
      </input_file>
      <input_file id="fl-7">
         <path>.\</path>
         <kind>object</kind>
         <file>touch.obj</file>
         <name>touch.obj</name>
      </input_file>
      <input_file id="fl-8">
         <path>.\</path>
         <kind>object</kind>
         <file>touchCalibration.obj</file>
         <name>touchCalibration.obj</name>
      </input_file>
      <input_file id="fl-d">
         <kind>object</kind>
         <file>&lt;internal&gt;</file>
         <name>&lt;internal&gt;</name>
      </input_file>
      <input_file id="fl-c3">
         <path>C:\ti\ccsv7\tools\compiler\ti-cgt-arm_16.9.6.LTS\lib\</path>
         <kind>archive</kind>
         <file>rtsv7M4_T_le_v4SPD16_eabi.lib</file>
         <name>boot.obj</name>
      </input_file>
      <input_file id="fl-c4">
         <path>C:\ti\ccsv7\tools\compiler\ti-cgt-arm_16.9.6.LTS\lib\</path>
         <kind>archive</kind>
         <file>rtsv7M4_T_le_v4SPD16_eabi.lib</file>
         <name>copy_decompress_lzss.obj</name>
      </input_file>
      <input_file id="fl-c5">
         <path>C:\ti\ccsv7\tools\compiler\ti-cgt-arm_16.9.6.LTS\lib\</path>
         <kind>archive</kind>
         <file>rtsv7M4_T_le_v4SPD16_eabi.lib</file>
         <name>copy_decompress_none.obj</name>
      </input_file>
      <input_file id="fl-c6">
         <path>C:\ti\ccsv7\tools\compiler\ti-cgt-arm_16.9.6.LTS\lib\</path>
         <kind>archive</kind>
         <file>rtsv7M4_T_le_v4SPD16_eabi.lib</file>
         <name>copy_zero_init.obj</name>
      </input_file>
      <input_file id="fl-c7">
         <path>C:\ti\ccsv7\tools\compiler\ti-cgt-arm_16.9.6.LTS\lib\</path>
         <kind>archive</kind>
         <file>rtsv7M4_T_le_v4SPD16_eabi.lib</file>
         <name>e_sqrt.obj</name>
      </input_file>
      <input_file id="fl-c8">
         <path>C:\ti\ccsv7\tools\compiler\ti-cgt-arm_16.9.6.LTS\lib\</path>
         <kind>archive</kind>
         <file>rtsv7M4_T_le_v4SPD16_eabi.lib</file>
         <name>errno.obj</name>
      </input_file>
      <input_file id="fl-c9">
         <path>C:\ti\ccsv7\tools\compiler\ti-cgt-arm_16.9.6.LTS\lib\</path>
         <kind>archive</kind>
         <file>rtsv7M4_T_le_v4SPD16_eabi.lib</file>
         <name>exit.obj</name>
      </input_file>
      <input_file id="fl-ca">
         <path>C:\ti\ccsv7\tools\compiler\ti-cgt-arm_16.9.6.LTS\lib\</path>
         <kind>archive</kind>
         <file>rtsv7M4_T_le_v4SPD16_eabi.lib</file>
         <name>fd_add_t2.obj</name>
      </input_file>
      <input_file id="fl-cb">
         <path>C:\ti\ccsv7\tools\compiler\ti-cgt-arm_16.9.6.LTS\lib\</path>
         <kind>archive</kind>
         <file>rtsv7M4_T_le_v4SPD16_eabi.lib</file>
         <name>fd_cmp_t2.obj</name>
      </input_file>
      <input_file id="fl-cc">
         <path>C:\ti\ccsv7\tools\compiler\ti-cgt-arm_16.9.6.LTS\lib\</path>
         <kind>archive</kind>
         <file>rtsv7M4_T_le_v4SPD16_eabi.lib</file>
         <name>fd_mul_t2.obj</name>
      </input_file>
      <input_file id="fl-cd">
         <path>C:\ti\ccsv7\tools\compiler\ti-cgt-arm_16.9.6.LTS\lib\</path>
         <kind>archive</kind>
         <file>rtsv7M4_T_le_v4SPD16_eabi.lib</file>
         <name>fd_tos_t2.obj</name>
      </input_file>
      <input_file id="fl-ce">
         <path>C:\ti\ccsv7\tools\compiler\ti-cgt-arm_16.9.6.LTS\lib\</path>
         <kind>archive</kind>
         <file>rtsv7M4_T_le_v4SPD16_eabi.lib</file>
         <name>fs_tod_t2.obj</name>
      </input_file>
      <input_file id="fl-cf">
         <path>C:\ti\ccsv7\tools\compiler\ti-cgt-arm_16.9.6.LTS\lib\</path>
         <kind>archive</kind>
         <file>rtsv7M4_T_le_v4SPD16_eabi.lib</file>
         <name>memcpy_t2.obj</name>
      </input_file>
      <input_file id="fl-d0">
         <path>C:\ti\ccsv7\tools\compiler\ti-cgt-arm_16.9.6.LTS\lib\</path>
         <kind>archive</kind>
         <file>rtsv7M4_T_le_v4SPD16_eabi.lib</file>
         <name>memset_t2.obj</name>
      </input_file>
      <input_file id="fl-d1">
         <path>C:\ti\ccsv7\tools\compiler\ti-cgt-arm_16.9.6.LTS\lib\</path>
         <kind>archive</kind>
         <file>rtsv7M4_T_le_v4SPD16_eabi.lib</file>
         <name>mpu_init.obj</name>
      </input_file>
      <input_file id="fl-d2">
         <path>C:\ti\ccsv7\tools\compiler\ti-cgt-arm_16.9.6.LTS\lib\</path>
         <kind>archive</kind>
         <file>rtsv7M4_T_le_v4SPD16_eabi.lib</file>
         <name>pre_init.obj</name>
      </input_file>
      <input_file id="fl-d3">
         <path>C:\ti\ccsv7\tools\compiler\ti-cgt-arm_16.9.6.LTS\lib\</path>
         <kind>archive</kind>
         <file>rtsv7M4_T_le_v4SPD16_eabi.lib</file>
         <name>stkdepth_vars.obj</name>
      </input_file>
      <input_file id="fl-d4">
         <path>C:\ti\ccsv7\tools\compiler\ti-cgt-arm_16.9.6.LTS\lib\</path>
         <kind>archive</kind>
         <file>rtsv7M4_T_le_v4SPD16_eabi.lib</file>
         <name>_lock.obj</name>
      </input_file>
      <input_file id="fl-d5">
         <path>C:\ti\ccsv7\tools\compiler\ti-cgt-arm_16.9.6.LTS\lib\</path>
         <kind>archive</kind>
         <file>rtsv7M4_T_le_v4SPD16_eabi.lib</file>
         <name>args_main.obj</name>
      </input_file>
      <input_file id="fl-d6">
         <path>C:\ti\ccsv7\tools\compiler\ti-cgt-arm_16.9.6.LTS\lib\</path>
         <kind>archive</kind>
         <file>rtsv7M4_T_le_v4SPD16_eabi.lib</file>
         <name>autoinit.obj</name>
      </input_file>
      <input_file id="fl-d7">
         <path>C:\ti\ccsv7\tools\compiler\ti-cgt-arm_16.9.6.LTS\lib\</path>
         <kind>archive</kind>
         <file>rtsv7M4_T_le_v4SPD16_eabi.lib</file>
         <name>cpy_tbl.obj</name>
      </input_file>
      <input_file id="fl-d8">
         <path>C:\ti\ccsv7\tools\compiler\ti-cgt-arm_16.9.6.LTS\lib\</path>
         <kind>archive</kind>
         <file>rtsv7M4_T_le_v4SPD16_eabi.lib</file>
         <name>startup.obj</name>
      </input_file>
      <input_file id="fl-d9">
         <path>C:\ti\TivaWare_C_Series-2.1.4.178\driverlib\ccs\Debug\</path>
         <kind>archive</kind>
         <file>driverlib.lib</file>
         <name>adc.obj</name>
      </input_file>
      <input_file id="fl-da">
         <path>C:\ti\TivaWare_C_Series-2.1.4.178\driverlib\ccs\Debug\</path>
         <kind>archive</kind>
         <file>driverlib.lib</file>
         <name>gpio.obj</name>
      </input_file>
      <input_file id="fl-db">
         <path>C:\ti\TivaWare_C_Series-2.1.4.178\driverlib\ccs\Debug\</path>
         <kind>archive</kind>
         <file>driverlib.lib</file>
         <name>interrupt.obj</name>
      </input_file>
      <input_file id="fl-dc">
         <path>C:\ti\TivaWare_C_Series-2.1.4.178\driverlib\ccs\Debug\</path>
         <kind>archive</kind>
         <file>driverlib.lib</file>
         <name>pwm.obj</name>
      </input_file>
      <input_file id="fl-dd">
         <path>C:\ti\TivaWare_C_Series-2.1.4.178\driverlib\ccs\Debug\</path>
         <kind>archive</kind>
         <file>driverlib.lib</file>
         <name>sysctl.obj</name>
      </input_file>
      <input_file id="fl-de">
         <path>C:\ti\TivaWare_C_Series-2.1.4.178\driverlib\ccs\Debug\</path>
         <kind>archive</kind>
         <file>driverlib.lib</file>
         <name>systick.obj</name>
      </input_file>
      <input_file id="fl-df">
         <path>C:\ti\TivaWare_C_Series-2.1.4.178\driverlib\ccs\Debug\</path>
         <kind>archive</kind>
         <file>driverlib.lib</file>
         <name>timer.obj</name>
      </input_file>
      <input_file id="fl-e0">
         <path>C:\ti\TivaWare_C_Series-2.1.4.178\driverlib\ccs\Debug\</path>
         <kind>archive</kind>
         <file>driverlib.lib</file>
         <name>uart.obj</name>
      </input_file>
      <input_file id="fl-e1">
         <path>C:\ti\TivaWare_C_Series-2.1.4.178\driverlib\ccs\Debug\</path>
         <kind>archive</kind>
         <file>driverlib.lib</file>
         <name>cpu.obj</name>
      </input_file>
   </input_file_list>
   <object_component_list>
      <object_component id="oc-f">
         <name>.intvecs</name>
         <load_address>0x0</load_address>
         <run_address>0x0</run_address>
         <size>0x26c</size>
         <input_file_ref idref="fl-6"/>
      </object_component>
      <object_component id="oc-31">
         <name>.text</name>
         <load_address>0x26c</load_address>
         <run_address>0x26c</run_address>
         <size>0x620</size>
         <input_file_ref idref="fl-4"/>
      </object_component>
      <object_component id="oc-98">
         <name>.text</name>
         <load_address>0x88c</load_address>
         <run_address>0x88c</run_address>
         <size>0x2f4</size>
         <input_file_ref idref="fl-7"/>
      </object_component>
      <object_component id="oc-13e">
         <name>.text:GPIOPadConfigSet</name>
         <load_address>0xb80</load_address>
         <run_address>0xb80</run_address>
         <size>0x132</size>
         <input_file_ref idref="fl-da"/>
      </object_component>
      <object_component id="oc-69">
         <name>.text</name>
         <load_address>0xcb2</load_address>
         <run_address>0xcb2</run_address>
         <size>0x2</size>
         <input_file_ref idref="fl-d1"/>
      </object_component>
      <object_component id="oc-3d">
         <name>.text</name>
         <load_address>0xcb4</load_address>
         <run_address>0xcb4</run_address>
         <size>0x130</size>
         <input_file_ref idref="fl-2"/>
      </object_component>
      <object_component id="oc-37">
         <name>.text</name>
         <load_address>0xde4</load_address>
         <run_address>0xde4</run_address>
         <size>0x128</size>
         <input_file_ref idref="fl-3"/>
      </object_component>
      <object_component id="oc-f5">
         <name>.text:SysCtlClockGet</name>
         <load_address>0xf0c</load_address>
         <run_address>0xf0c</run_address>
         <size>0x110</size>
         <input_file_ref idref="fl-dd"/>
      </object_component>
      <object_component id="oc-8c">
         <name>.text:SysCtlClockSet</name>
         <load_address>0x101c</load_address>
         <run_address>0x101c</run_address>
         <size>0xf4</size>
         <input_file_ref idref="fl-dd"/>
      </object_component>
      <object_component id="oc-92">
         <name>.text</name>
         <load_address>0x1110</load_address>
         <run_address>0x1110</run_address>
         <size>0xec</size>
         <input_file_ref idref="fl-5"/>
      </object_component>
      <object_component id="oc-51">
         <name>.text</name>
         <load_address>0x11fc</load_address>
         <run_address>0x11fc</run_address>
         <size>0x9c</size>
         <input_file_ref idref="fl-cf"/>
      </object_component>
      <object_component id="oc-1f3">
         <name>.text:ADCSequenceStepConfigure</name>
         <load_address>0x1298</load_address>
         <run_address>0x1298</run_address>
         <size>0x7a</size>
         <input_file_ref idref="fl-d9"/>
      </object_component>
      <object_component id="oc-5d">
         <name>.text</name>
         <load_address>0x1312</load_address>
         <run_address>0x1312</run_address>
         <size>0x7a</size>
         <input_file_ref idref="fl-d0"/>
      </object_component>
      <object_component id="oc-75">
         <name>.text</name>
         <load_address>0x138c</load_address>
         <run_address>0x138c</run_address>
         <size>0x70</size>
         <input_file_ref idref="fl-d6"/>
      </object_component>
      <object_component id="oc-101">
         <name>.text:IntEnable</name>
         <load_address>0x13fc</load_address>
         <run_address>0x13fc</run_address>
         <size>0x68</size>
         <input_file_ref idref="fl-db"/>
      </object_component>
      <object_component id="oc-12">
         <name>.text:decompress:lzss</name>
         <load_address>0x1464</load_address>
         <run_address>0x1464</run_address>
         <size>0x68</size>
         <input_file_ref idref="fl-c4"/>
      </object_component>
      <object_component id="oc-156">
         <name>.text:TimerConfigure</name>
         <load_address>0x14cc</load_address>
         <run_address>0x14cc</run_address>
         <size>0x60</size>
         <input_file_ref idref="fl-df"/>
      </object_component>
      <object_component id="oc-14a">
         <name>.text:GPIOIntTypeSet</name>
         <load_address>0x152c</load_address>
         <run_address>0x152c</run_address>
         <size>0x56</size>
         <input_file_ref idref="fl-da"/>
      </object_component>
      <object_component id="oc-1aa">
         <name>.text</name>
         <load_address>0x1582</load_address>
         <run_address>0x1582</run_address>
         <size>0x2</size>
         <input_file_ref idref="fl-d8"/>
      </object_component>
      <object_component id="oc-24">
         <name>.text</name>
         <load_address>0x1584</load_address>
         <run_address>0x1584</run_address>
         <size>0x54</size>
         <input_file_ref idref="fl-c3"/>
      </object_component>
      <object_component id="oc-81">
         <name>.text</name>
         <load_address>0x15d8</load_address>
         <run_address>0x15d8</run_address>
         <size>0x54</size>
         <input_file_ref idref="fl-c9"/>
      </object_component>
      <object_component id="oc-1ed">
         <name>.text:ADCSequenceConfigure</name>
         <load_address>0x162c</load_address>
         <run_address>0x162c</run_address>
         <size>0x50</size>
         <input_file_ref idref="fl-d9"/>
      </object_component>
      <object_component id="oc-1a4">
         <name>.text</name>
         <load_address>0x167c</load_address>
         <run_address>0x167c</run_address>
         <size>0x4c</size>
         <input_file_ref idref="fl-d7"/>
      </object_component>
      <object_component id="oc-e9">
         <name>.text:GPIOPinConfigure</name>
         <load_address>0x16c8</load_address>
         <run_address>0x16c8</run_address>
         <size>0x48</size>
         <input_file_ref idref="fl-da"/>
      </object_component>
      <object_component id="oc-fb">
         <name>.text:UARTConfigSetExpClk</name>
         <load_address>0x1710</load_address>
         <run_address>0x1710</run_address>
         <size>0x46</size>
         <input_file_ref idref="fl-e0"/>
      </object_component>
      <object_component id="oc-277">
         <name>.text:_GPIOIntNumberGet</name>
         <load_address>0x1758</load_address>
         <run_address>0x1758</run_address>
         <size>0x44</size>
         <input_file_ref idref="fl-da"/>
      </object_component>
      <object_component id="oc-e3">
         <name>.text:SysCtlPeripheralReady</name>
         <load_address>0x179c</load_address>
         <run_address>0x179c</run_address>
         <size>0x38</size>
         <input_file_ref idref="fl-dd"/>
      </object_component>
      <object_component id="oc-23d">
         <name>.text:IntRegister</name>
         <load_address>0x17d4</load_address>
         <run_address>0x17d4</run_address>
         <size>0x34</size>
         <input_file_ref idref="fl-db"/>
      </object_component>
      <object_component id="oc-dd">
         <name>.text:SysCtlPeripheralEnable</name>
         <load_address>0x1808</load_address>
         <run_address>0x1808</run_address>
         <size>0x34</size>
         <input_file_ref idref="fl-dd"/>
      </object_component>
      <object_component id="oc-21d">
         <name>.text:ADCIntStatus</name>
         <load_address>0x183c</load_address>
         <run_address>0x183c</run_address>
         <size>0x2e</size>
         <input_file_ref idref="fl-d9"/>
      </object_component>
      <object_component id="oc-132">
         <name>.text:GPIODirModeSet</name>
         <load_address>0x186a</load_address>
         <run_address>0x186a</run_address>
         <size>0x2a</size>
         <input_file_ref idref="fl-da"/>
      </object_component>
      <object_component id="oc-1c8">
         <name>.text:PWMGenConfigure</name>
         <load_address>0x1894</load_address>
         <run_address>0x1894</run_address>
         <size>0x22</size>
         <input_file_ref idref="fl-dc"/>
      </object_component>
      <object_component id="oc-25a">
         <name>.text:UARTDisable</name>
         <load_address>0x18b8</load_address>
         <run_address>0x18b8</run_address>
         <size>0x20</size>
         <input_file_ref idref="fl-e0"/>
      </object_component>
      <object_component id="oc-223">
         <name>.text:ADCSequenceDataGet</name>
         <load_address>0x18d8</load_address>
         <run_address>0x18d8</run_address>
         <size>0x1e</size>
         <input_file_ref idref="fl-d9"/>
      </object_component>
      <object_component id="oc-1d4">
         <name>.text:PWMPulseWidthSet</name>
         <load_address>0x18f6</load_address>
         <run_address>0x18f6</run_address>
         <size>0x1e</size>
         <input_file_ref idref="fl-dc"/>
      </object_component>
      <object_component id="oc-bd">
         <name>.text:SysTickIntRegister</name>
         <load_address>0x1914</load_address>
         <run_address>0x1914</run_address>
         <size>0x1c</size>
         <input_file_ref idref="fl-de"/>
      </object_component>
      <object_component id="oc-217">
         <name>.text:ADCProcessorTrigger</name>
         <load_address>0x1930</load_address>
         <run_address>0x1930</run_address>
         <size>0x18</size>
         <input_file_ref idref="fl-d9"/>
      </object_component>
      <object_component id="oc-144">
         <name>.text:GPIOIntRegister</name>
         <load_address>0x1948</load_address>
         <run_address>0x1948</run_address>
         <size>0x18</size>
         <input_file_ref idref="fl-da"/>
      </object_component>
      <object_component id="oc-138">
         <name>.text:GPIOPinTypeGPIOOutput</name>
         <load_address>0x1960</load_address>
         <run_address>0x1960</run_address>
         <size>0x18</size>
         <input_file_ref idref="fl-da"/>
      </object_component>
      <object_component id="oc-7b">
         <name>.text</name>
         <load_address>0x1978</load_address>
         <run_address>0x1978</run_address>
         <size>0x18</size>
         <input_file_ref idref="fl-d5"/>
      </object_component>
      <object_component id="oc-1c2">
         <name>.text:SysCtlPWMClockSet</name>
         <load_address>0x1990</load_address>
         <run_address>0x1990</run_address>
         <size>0x14</size>
         <input_file_ref idref="fl-dd"/>
      </object_component>
      <object_component id="oc-b1">
         <name>.text:SysTickDisable</name>
         <load_address>0x19a4</load_address>
         <run_address>0x19a4</run_address>
         <size>0x14</size>
         <input_file_ref idref="fl-de"/>
      </object_component>
      <object_component id="oc-c3">
         <name>.text:SysTickEnable</name>
         <load_address>0x19b8</load_address>
         <run_address>0x19b8</run_address>
         <size>0x14</size>
         <input_file_ref idref="fl-de"/>
      </object_component>
      <object_component id="oc-260">
         <name>.text:UARTEnable</name>
         <load_address>0x19cc</load_address>
         <run_address>0x19cc</run_address>
         <size>0x14</size>
         <input_file_ref idref="fl-e0"/>
      </object_component>
      <object_component id="oc-2a5">
         <name>.text</name>
         <load_address>0x19e0</load_address>
         <run_address>0x19e0</run_address>
         <size>0x14</size>
         <input_file_ref idref="fl-d4"/>
      </object_component>
      <object_component id="oc-20b">
         <name>.text:GPIOPinTypeADC</name>
         <load_address>0x19f4</load_address>
         <run_address>0x19f4</run_address>
         <size>0x12</size>
         <input_file_ref idref="fl-da"/>
      </object_component>
      <object_component id="oc-205">
         <name>.text:GPIOPinTypeGPIOInput</name>
         <load_address>0x1a06</load_address>
         <run_address>0x1a06</run_address>
         <size>0x12</size>
         <input_file_ref idref="fl-da"/>
      </object_component>
      <object_component id="oc-1e6">
         <name>.text:GPIOPinTypePWM</name>
         <load_address>0x1a18</load_address>
         <run_address>0x1a18</run_address>
         <size>0x12</size>
         <input_file_ref idref="fl-da"/>
      </object_component>
      <object_component id="oc-ef">
         <name>.text:GPIOPinTypeUART</name>
         <load_address>0x1a2a</load_address>
         <run_address>0x1a2a</run_address>
         <size>0x12</size>
         <input_file_ref idref="fl-da"/>
      </object_component>
      <object_component id="oc-1da">
         <name>.text:PWMOutputState</name>
         <load_address>0x1a3c</load_address>
         <run_address>0x1a3c</run_address>
         <size>0x12</size>
         <input_file_ref idref="fl-dc"/>
      </object_component>
      <object_component id="oc-174">
         <name>.text:TimerLoadSet</name>
         <load_address>0x1a4e</load_address>
         <run_address>0x1a4e</run_address>
         <size>0x12</size>
         <input_file_ref idref="fl-df"/>
      </object_component>
      <object_component id="oc-ab">
         <name>.text:IntMasterDisable</name>
         <load_address>0x1a60</load_address>
         <run_address>0x1a60</run_address>
         <size>0x10</size>
         <input_file_ref idref="fl-db"/>
      </object_component>
      <object_component id="oc-c9">
         <name>.text:IntMasterEnable</name>
         <load_address>0x1a70</load_address>
         <run_address>0x1a70</run_address>
         <size>0x10</size>
         <input_file_ref idref="fl-db"/>
      </object_component>
      <object_component id="oc-1ce">
         <name>.text:PWMGenPeriodSet</name>
         <load_address>0x1a80</load_address>
         <run_address>0x1a80</run_address>
         <size>0x10</size>
         <input_file_ref idref="fl-dc"/>
      </object_component>
      <object_component id="oc-b7">
         <name>.text:SysTickPeriodSet</name>
         <load_address>0x1a90</load_address>
         <run_address>0x1a90</run_address>
         <size>0x10</size>
         <input_file_ref idref="fl-de"/>
      </object_component>
      <object_component id="oc-1ff">
         <name>.text:ADCHardwareOversampleConfigure</name>
         <load_address>0x1aa0</load_address>
         <run_address>0x1aa0</run_address>
         <size>0xe</size>
         <input_file_ref idref="fl-d9"/>
      </object_component>
      <object_component id="oc-1f9">
         <name>.text:ADCSequenceEnable</name>
         <load_address>0x1aae</load_address>
         <run_address>0x1aae</run_address>
         <size>0xe</size>
         <input_file_ref idref="fl-d9"/>
      </object_component>
      <object_component id="oc-162">
         <name>.text:TimerEnable</name>
         <load_address>0x1abc</load_address>
         <run_address>0x1abc</run_address>
         <size>0xe</size>
         <input_file_ref idref="fl-df"/>
      </object_component>
      <object_component id="oc-11f">
         <name>.text:UARTCharGetNonBlocking</name>
         <load_address>0x1aca</load_address>
         <run_address>0x1aca</run_address>
         <size>0xe</size>
         <input_file_ref idref="fl-e0"/>
      </object_component>
      <object_component id="oc-125">
         <name>.text:UARTCharPutNonBlocking</name>
         <load_address>0x1ad8</load_address>
         <run_address>0x1ad8</run_address>
         <size>0xe</size>
         <input_file_ref idref="fl-e0"/>
      </object_component>
      <object_component id="oc-12b">
         <name>.text:UARTCharsAvail</name>
         <load_address>0x1ae6</load_address>
         <run_address>0x1ae6</run_address>
         <size>0xe</size>
         <input_file_ref idref="fl-e0"/>
      </object_component>
      <object_component id="oc-18">
         <name>.text:decompress:none</name>
         <load_address>0x1af4</load_address>
         <run_address>0x1af4</run_address>
         <size>0xe</size>
         <input_file_ref idref="fl-c5"/>
      </object_component>
      <object_component id="oc-233">
         <name>.text:CPUcpsid</name>
         <load_address>0x1b02</load_address>
         <run_address>0x1b02</run_address>
         <size>0xc</size>
         <input_file_ref idref="fl-e1"/>
      </object_component>
      <object_component id="oc-245">
         <name>.text:CPUcpsie</name>
         <load_address>0x1b0e</load_address>
         <run_address>0x1b0e</run_address>
         <size>0xc</size>
         <input_file_ref idref="fl-e1"/>
      </object_component>
      <object_component id="oc-150">
         <name>.text:GPIOIntEnable</name>
         <load_address>0x1b1a</load_address>
         <run_address>0x1b1a</run_address>
         <size>0xc</size>
         <input_file_ref idref="fl-da"/>
      </object_component>
      <object_component id="oc-1e0">
         <name>.text:PWMGenEnable</name>
         <load_address>0x1b26</load_address>
         <run_address>0x1b26</run_address>
         <size>0xc</size>
         <input_file_ref idref="fl-dc"/>
      </object_component>
      <object_component id="oc-1e">
         <name>.text:decompress:ZI</name>
         <load_address>0x1b32</load_address>
         <run_address>0x1b32</run_address>
         <size>0xc</size>
         <input_file_ref idref="fl-c6"/>
      </object_component>
      <object_component id="oc-2b">
         <name>.text</name>
         <load_address>0x1b3e</load_address>
         <run_address>0x1b3e</run_address>
         <size>0xc</size>
         <input_file_ref idref="fl-6"/>
      </object_component>
      <object_component id="oc-211">
         <name>.text:ADCIntClear</name>
         <load_address>0x1b4a</load_address>
         <run_address>0x1b4a</run_address>
         <size>0xa</size>
         <input_file_ref idref="fl-d9"/>
      </object_component>
      <object_component id="oc-10d">
         <name>.text:UARTCharPut</name>
         <load_address>0x1b54</load_address>
         <run_address>0x1b54</run_address>
         <size>0xa</size>
         <input_file_ref idref="fl-e0"/>
      </object_component>
      <object_component id="oc-113">
         <name>.text:UARTIntStatus</name>
         <load_address>0x1b5e</load_address>
         <run_address>0x1b5e</run_address>
         <size>0xa</size>
         <input_file_ref idref="fl-e0"/>
      </object_component>
      <object_component id="oc-15c">
         <name>.text:TimerIntEnable</name>
         <load_address>0x1b68</load_address>
         <run_address>0x1b68</run_address>
         <size>0x8</size>
         <input_file_ref idref="fl-df"/>
      </object_component>
      <object_component id="oc-107">
         <name>.text:UARTIntEnable</name>
         <load_address>0x1b70</load_address>
         <run_address>0x1b70</run_address>
         <size>0x8</size>
         <input_file_ref idref="fl-e0"/>
      </object_component>
      <object_component id="oc-16e">
         <name>.text:GPIOIntClear</name>
         <load_address>0x1b78</load_address>
         <run_address>0x1b78</run_address>
         <size>0x6</size>
         <input_file_ref idref="fl-da"/>
      </object_component>
      <object_component id="oc-180">
         <name>.text:GPIOPinRead</name>
         <load_address>0x1b7e</load_address>
         <run_address>0x1b7e</run_address>
         <size>0x6</size>
         <input_file_ref idref="fl-da"/>
      </object_component>
      <object_component id="oc-168">
         <name>.text:GPIOPinWrite</name>
         <load_address>0x1b84</load_address>
         <run_address>0x1b84</run_address>
         <size>0x6</size>
         <input_file_ref idref="fl-da"/>
      </object_component>
      <object_component id="oc-1bf">
         <name>.text:SysCtlDelay</name>
         <load_address>0x1b8a</load_address>
         <run_address>0x1b8a</run_address>
         <size>0x6</size>
         <input_file_ref idref="fl-dd"/>
      </object_component>
      <object_component id="oc-17a">
         <name>.text:TimerIntClear</name>
         <load_address>0x1b90</load_address>
         <run_address>0x1b90</run_address>
         <size>0x4</size>
         <input_file_ref idref="fl-df"/>
      </object_component>
      <object_component id="oc-119">
         <name>.text:UARTIntClear</name>
         <load_address>0x1b94</load_address>
         <run_address>0x1b94</run_address>
         <size>0x4</size>
         <input_file_ref idref="fl-e0"/>
      </object_component>
      <object_component id="oc-6f">
         <name>.text</name>
         <load_address>0x1b98</load_address>
         <run_address>0x1b98</run_address>
         <size>0x4</size>
         <input_file_ref idref="fl-d2"/>
      </object_component>
      <object_component id="oc-a5">
         <name>.const:CirclePosition_X</name>
         <load_address>0x1b9c</load_address>
         <run_address>0x1b9c</run_address>
         <size>0x2d0</size>
         <input_file_ref idref="fl-4"/>
      </object_component>
      <object_component id="oc-a8">
         <name>.const:CirclePosition_Y</name>
         <load_address>0x1e6c</load_address>
         <run_address>0x1e6c</run_address>
         <size>0x2d0</size>
         <input_file_ref idref="fl-4"/>
      </object_component>
      <object_component id="oc-2e7">
         <name>.const:g_ppui32GPIOIntMapSnowflake</name>
         <load_address>0x213c</load_address>
         <run_address>0x213c</run_address>
         <size>0xd8</size>
         <input_file_ref idref="fl-da"/>
      </object_component>
      <object_component id="oc-2e4">
         <name>.const:g_ppui32GPIOIntMapBlizzard</name>
         <load_address>0x2214</load_address>
         <run_address>0x2214</run_address>
         <size>0xc0</size>
         <input_file_ref idref="fl-da"/>
      </object_component>
      <object_component id="oc-250">
         <name>.const:g_pui32GPIOBaseAddrs</name>
         <load_address>0x22d4</load_address>
         <run_address>0x22d4</run_address>
         <size>0x90</size>
         <input_file_ref idref="fl-da"/>
      </object_component>
      <object_component id="oc-268">
         <name>.const</name>
         <load_address>0x2364</load_address>
         <run_address>0x2364</run_address>
         <size>0x70</size>
         <input_file_ref idref="fl-db"/>
      </object_component>
      <object_component id="oc-256">
         <name>.const:g_pui32Xtals</name>
         <load_address>0x23d4</load_address>
         <run_address>0x23d4</run_address>
         <size>0x6c</size>
         <input_file_ref idref="fl-dd"/>
      </object_component>
      <object_component id="oc-cf">
         <name>.const</name>
         <load_address>0x2440</load_address>
         <run_address>0x2440</run_address>
         <size>0x18</size>
         <input_file_ref idref="fl-4"/>
      </object_component>
      <object_component id="oc-328">
         <name>.cinit..data.load</name>
         <load_address>0x2458</load_address>
         <run_address>0x2458</run_address>
         <size>0x2e</size>
      </object_component>
      <object_component id="oc-325">
         <name>__TI_handler_table</name>
         <load_address>0x2488</load_address>
         <run_address>0x2488</run_address>
         <size>0xc</size>
      </object_component>
      <object_component id="oc-329">
         <name>.cinit..bss.load</name>
         <load_address>0x2498</load_address>
         <run_address>0x2498</run_address>
         <size>0x8</size>
      </object_component>
      <object_component id="oc-327">
         <name>.cinit..vtable.load</name>
         <load_address>0x24a0</load_address>
         <run_address>0x24a0</run_address>
         <size>0x8</size>
      </object_component>
      <object_component id="oc-326">
         <name>__TI_cinit_table</name>
         <load_address>0x24a8</load_address>
         <run_address>0x24a8</run_address>
         <size>0x18</size>
      </object_component>
      <object_component id="oc-2d1">
         <name>.vtable</name>
         <uninitialized>true</uninitialized>
         <run_address>0x20000000</run_address>
         <size>0x26c</size>
         <input_file_ref idref="fl-db"/>
      </object_component>
      <object_component id="oc-a2">
         <name>.data</name>
         <load_address>0x2000046c</load_address>
         <run_address>0x2000046c</run_address>
         <size>0x45</size>
         <input_file_ref idref="fl-4"/>
      </object_component>
      <object_component id="oc-1b4">
         <name>.data:$O1$$</name>
         <load_address>0x200004b4</load_address>
         <run_address>0x200004b4</run_address>
         <size>0xc</size>
         <input_file_ref idref="fl-c9"/>
      </object_component>
      <object_component id="oc-87">
         <name>.data</name>
         <load_address>0x200004c8</load_address>
         <run_address>0x200004c8</run_address>
         <size>0x4</size>
         <input_file_ref idref="fl-d3"/>
      </object_component>
      <object_component id="oc-1b7">
         <name>.data:$O1$$</name>
         <load_address>0x200004c0</load_address>
         <run_address>0x200004c0</run_address>
         <size>0x8</size>
         <input_file_ref idref="fl-d4"/>
      </object_component>
      <object_component id="oc-186">
         <name>.common:callBackFunction_ptr</name>
         <uninitialized>true</uninitialized>
         <run_address>0x200004cc</run_address>
         <size>0x4</size>
      </object_component>
      <object_component id="oc-9e">
         <name>.common:degreeAverageX</name>
         <uninitialized>true</uninitialized>
         <run_address>0x200004d0</run_address>
         <size>0x4</size>
      </object_component>
      <object_component id="oc-a1">
         <name>.common:degreeAverageY</name>
         <uninitialized>true</uninitialized>
         <run_address>0x200004d4</run_address>
         <size>0x4</size>
      </object_component>
      <object_component id="oc-2a">
         <name>.stack</name>
         <uninitialized>true</uninitialized>
         <run_address>0x2000026c</run_address>
         <size>0x0</size>
         <input_file_ref idref="fl-c3"/>
      </object_component>
      <object_component id="oc-32a">
         <name>.stack</name>
         <uninitialized>true</uninitialized>
         <run_address>0x2000026c</run_address>
         <size>0x0</size>
      </object_component>
      <object_component id="oc-187">
         <name>.debug_info</name>
         <load_address>0x0</load_address>
         <run_address>0x0</run_address>
         <size>0x655</size>
         <input_file_ref idref="fl-2"/>
      </object_component>
      <object_component id="oc-3e">
         <name>.debug_info</name>
         <load_address>0x655</load_address>
         <run_address>0x655</run_address>
         <size>0x451</size>
         <input_file_ref idref="fl-2"/>
      </object_component>
      <object_component id="oc-d8">
         <name>.debug_info</name>
         <load_address>0xaa6</load_address>
         <run_address>0xaa6</run_address>
         <size>0x8b</size>
         <input_file_ref idref="fl-2"/>
      </object_component>
      <object_component id="oc-d3">
         <name>.debug_info</name>
         <load_address>0xb31</load_address>
         <run_address>0xb31</run_address>
         <size>0x18b</size>
         <input_file_ref idref="fl-2"/>
      </object_component>
      <object_component id="oc-39">
         <name>.debug_info</name>
         <load_address>0xcbc</load_address>
         <run_address>0xcbc</run_address>
         <size>0x448</size>
         <input_file_ref idref="fl-3"/>
      </object_component>
      <object_component id="oc-9f">
         <name>.debug_info</name>
         <load_address>0x1104</load_address>
         <run_address>0x1104</run_address>
         <size>0x5cb</size>
         <input_file_ref idref="fl-4"/>
      </object_component>
      <object_component id="oc-a3">
         <name>.debug_info</name>
         <load_address>0x16cf</load_address>
         <run_address>0x16cf</run_address>
         <size>0x43f</size>
         <input_file_ref idref="fl-4"/>
      </object_component>
      <object_component id="oc-d0">
         <name>.debug_info</name>
         <load_address>0x1b0e</load_address>
         <run_address>0x1b0e</run_address>
         <size>0x12a</size>
         <input_file_ref idref="fl-4"/>
      </object_component>
      <object_component id="oc-a6">
         <name>.debug_info</name>
         <load_address>0x1c38</load_address>
         <run_address>0x1c38</run_address>
         <size>0xdd</size>
         <input_file_ref idref="fl-4"/>
      </object_component>
      <object_component id="oc-a9">
         <name>.debug_info</name>
         <load_address>0x1d15</load_address>
         <run_address>0x1d15</run_address>
         <size>0xdd</size>
         <input_file_ref idref="fl-4"/>
      </object_component>
      <object_component id="oc-35">
         <name>.debug_info</name>
         <load_address>0x1df2</load_address>
         <run_address>0x1df2</run_address>
         <size>0x82b</size>
         <input_file_ref idref="fl-4"/>
      </object_component>
      <object_component id="oc-94">
         <name>.debug_info</name>
         <load_address>0x261d</load_address>
         <run_address>0x261d</run_address>
         <size>0x4fe</size>
         <input_file_ref idref="fl-5"/>
      </object_component>
      <object_component id="oc-45">
         <name>.debug_info</name>
         <load_address>0x2b1b</load_address>
         <run_address>0x2b1b</run_address>
         <size>0x32e</size>
         <input_file_ref idref="fl-6"/>
      </object_component>
      <object_component id="oc-10">
         <name>.debug_info</name>
         <load_address>0x2e49</load_address>
         <run_address>0x2e49</run_address>
         <size>0xe9</size>
         <input_file_ref idref="fl-6"/>
      </object_component>
      <object_component id="oc-2c">
         <name>.debug_info</name>
         <load_address>0x2f32</load_address>
         <run_address>0x2f32</run_address>
         <size>0x265</size>
         <input_file_ref idref="fl-6"/>
      </object_component>
      <object_component id="oc-4c">
         <name>.debug_info</name>
         <load_address>0x3197</load_address>
         <run_address>0x3197</run_address>
         <size>0x84</size>
         <input_file_ref idref="fl-6"/>
      </object_component>
      <object_component id="oc-22a">
         <name>.debug_info</name>
         <load_address>0x321b</load_address>
         <run_address>0x321b</run_address>
         <size>0x6a7</size>
         <input_file_ref idref="fl-7"/>
      </object_component>
      <object_component id="oc-9b">
         <name>.debug_info</name>
         <load_address>0x38c2</load_address>
         <run_address>0x38c2</run_address>
         <size>0xa2f</size>
         <input_file_ref idref="fl-7"/>
      </object_component>
      <object_component id="oc-25">
         <name>.debug_info</name>
         <load_address>0x42f1</load_address>
         <run_address>0x42f1</run_address>
         <size>0x160</size>
         <input_file_ref idref="fl-c3"/>
      </object_component>
      <object_component id="oc-191">
         <name>.debug_info</name>
         <load_address>0x4451</load_address>
         <run_address>0x4451</run_address>
         <size>0x293</size>
         <input_file_ref idref="fl-c4"/>
      </object_component>
      <object_component id="oc-13">
         <name>.debug_info</name>
         <load_address>0x46e4</load_address>
         <run_address>0x46e4</run_address>
         <size>0x245</size>
         <input_file_ref idref="fl-c4"/>
      </object_component>
      <object_component id="oc-47">
         <name>.debug_info</name>
         <load_address>0x4929</load_address>
         <run_address>0x4929</run_address>
         <size>0x60</size>
         <input_file_ref idref="fl-c4"/>
      </object_component>
      <object_component id="oc-18c">
         <name>.debug_info</name>
         <load_address>0x4989</load_address>
         <run_address>0x4989</run_address>
         <size>0x46</size>
         <input_file_ref idref="fl-c4"/>
      </object_component>
      <object_component id="oc-5c">
         <name>.debug_info</name>
         <load_address>0x49cf</load_address>
         <run_address>0x49cf</run_address>
         <size>0x2da</size>
         <input_file_ref idref="fl-c5"/>
      </object_component>
      <object_component id="oc-19">
         <name>.debug_info</name>
         <load_address>0x4ca9</load_address>
         <run_address>0x4ca9</run_address>
         <size>0x1df</size>
         <input_file_ref idref="fl-c5"/>
      </object_component>
      <object_component id="oc-57">
         <name>.debug_info</name>
         <load_address>0x4e88</load_address>
         <run_address>0x4e88</run_address>
         <size>0x46</size>
         <input_file_ref idref="fl-c5"/>
      </object_component>
      <object_component id="oc-193">
         <name>.debug_info</name>
         <load_address>0x4ece</load_address>
         <run_address>0x4ece</run_address>
         <size>0x2c</size>
         <input_file_ref idref="fl-c5"/>
      </object_component>
      <object_component id="oc-68">
         <name>.debug_info</name>
         <load_address>0x4efa</load_address>
         <run_address>0x4efa</run_address>
         <size>0x2c9</size>
         <input_file_ref idref="fl-c6"/>
      </object_component>
      <object_component id="oc-21">
         <name>.debug_info</name>
         <load_address>0x51c3</load_address>
         <run_address>0x51c3</run_address>
         <size>0x1aa</size>
         <input_file_ref idref="fl-c6"/>
      </object_component>
      <object_component id="oc-63">
         <name>.debug_info</name>
         <load_address>0x536d</load_address>
         <run_address>0x536d</run_address>
         <size>0x46</size>
         <input_file_ref idref="fl-c6"/>
      </object_component>
      <object_component id="oc-19b">
         <name>.debug_info</name>
         <load_address>0x53b3</load_address>
         <run_address>0x53b3</run_address>
         <size>0x2c</size>
         <input_file_ref idref="fl-c6"/>
      </object_component>
      <object_component id="oc-1bb">
         <name>.debug_info</name>
         <load_address>0x53df</load_address>
         <run_address>0x53df</run_address>
         <size>0x3ce</size>
         <input_file_ref idref="fl-c9"/>
      </object_component>
      <object_component id="oc-1b5">
         <name>.debug_info</name>
         <load_address>0x57ad</load_address>
         <run_address>0x57ad</run_address>
         <size>0x185</size>
         <input_file_ref idref="fl-c9"/>
      </object_component>
      <object_component id="oc-83">
         <name>.debug_info</name>
         <load_address>0x5932</load_address>
         <run_address>0x5932</run_address>
         <size>0x214</size>
         <input_file_ref idref="fl-c9"/>
      </object_component>
      <object_component id="oc-54">
         <name>.debug_info</name>
         <load_address>0x5b46</load_address>
         <run_address>0x5b46</run_address>
         <size>0x111</size>
         <input_file_ref idref="fl-cf"/>
      </object_component>
      <object_component id="oc-5f">
         <name>.debug_info</name>
         <load_address>0x5c57</load_address>
         <run_address>0x5c57</run_address>
         <size>0x13f</size>
         <input_file_ref idref="fl-d0"/>
      </object_component>
      <object_component id="oc-6a">
         <name>.debug_info</name>
         <load_address>0x5d96</load_address>
         <run_address>0x5d96</run_address>
         <size>0x138</size>
         <input_file_ref idref="fl-d1"/>
      </object_component>
      <object_component id="oc-72">
         <name>.debug_info</name>
         <load_address>0x5ece</load_address>
         <run_address>0x5ece</run_address>
         <size>0x148</size>
         <input_file_ref idref="fl-d2"/>
      </object_component>
      <object_component id="oc-88">
         <name>.debug_info</name>
         <load_address>0x6016</load_address>
         <run_address>0x6016</run_address>
         <size>0x109</size>
         <input_file_ref idref="fl-d3"/>
      </object_component>
      <object_component id="oc-2ad">
         <name>.debug_info</name>
         <load_address>0x611f</load_address>
         <run_address>0x611f</run_address>
         <size>0x2be</size>
         <input_file_ref idref="fl-d4"/>
      </object_component>
      <object_component id="oc-1b8">
         <name>.debug_info</name>
         <load_address>0x63dd</load_address>
         <run_address>0x63dd</run_address>
         <size>0x113</size>
         <input_file_ref idref="fl-d4"/>
      </object_component>
      <object_component id="oc-2a6">
         <name>.debug_info</name>
         <load_address>0x64f0</load_address>
         <run_address>0x64f0</run_address>
         <size>0x21f</size>
         <input_file_ref idref="fl-d4"/>
      </object_component>
      <object_component id="oc-1b3">
         <name>.debug_info</name>
         <load_address>0x670f</load_address>
         <run_address>0x670f</run_address>
         <size>0x300</size>
         <input_file_ref idref="fl-d5"/>
      </object_component>
      <object_component id="oc-7e">
         <name>.debug_info</name>
         <load_address>0x6a0f</load_address>
         <run_address>0x6a0f</run_address>
         <size>0x167</size>
         <input_file_ref idref="fl-d5"/>
      </object_component>
      <object_component id="oc-29e">
         <name>.debug_info</name>
         <load_address>0x6b76</load_address>
         <run_address>0x6b76</run_address>
         <size>0x5e</size>
         <input_file_ref idref="fl-d5"/>
      </object_component>
      <object_component id="oc-1b1">
         <name>.debug_info</name>
         <load_address>0x6bd4</load_address>
         <run_address>0x6bd4</run_address>
         <size>0x483</size>
         <input_file_ref idref="fl-d6"/>
      </object_component>
      <object_component id="oc-76">
         <name>.debug_info</name>
         <load_address>0x7057</load_address>
         <run_address>0x7057</run_address>
         <size>0x190</size>
         <input_file_ref idref="fl-d6"/>
      </object_component>
      <object_component id="oc-292">
         <name>.debug_info</name>
         <load_address>0x71e7</load_address>
         <run_address>0x71e7</run_address>
         <size>0x39</size>
         <input_file_ref idref="fl-d6"/>
      </object_component>
      <object_component id="oc-2f4">
         <name>.debug_info</name>
         <load_address>0x7220</load_address>
         <run_address>0x7220</run_address>
         <size>0x39</size>
         <input_file_ref idref="fl-d6"/>
      </object_component>
      <object_component id="oc-297">
         <name>.debug_info</name>
         <load_address>0x7259</load_address>
         <run_address>0x7259</run_address>
         <size>0xcd</size>
         <input_file_ref idref="fl-d6"/>
      </object_component>
      <object_component id="oc-28e">
         <name>.debug_info</name>
         <load_address>0x7326</load_address>
         <run_address>0x7326</run_address>
         <size>0x37a</size>
         <input_file_ref idref="fl-d7"/>
      </object_component>
      <object_component id="oc-1a7">
         <name>.debug_info</name>
         <load_address>0x76a0</load_address>
         <run_address>0x76a0</run_address>
         <size>0x183</size>
         <input_file_ref idref="fl-d7"/>
      </object_component>
      <object_component id="oc-2ef">
         <name>.debug_info</name>
         <load_address>0x7823</load_address>
         <run_address>0x7823</run_address>
         <size>0x2c</size>
         <input_file_ref idref="fl-d7"/>
      </object_component>
      <object_component id="oc-1ab">
         <name>.debug_info</name>
         <load_address>0x784f</load_address>
         <run_address>0x784f</run_address>
         <size>0x145</size>
         <input_file_ref idref="fl-d8"/>
      </object_component>
      <object_component id="oc-2c1">
         <name>.debug_info</name>
         <load_address>0x7994</load_address>
         <run_address>0x7994</run_address>
         <size>0x24d</size>
         <input_file_ref idref="fl-d9"/>
      </object_component>
      <object_component id="oc-1f5">
         <name>.debug_info</name>
         <load_address>0x7be1</load_address>
         <run_address>0x7be1</run_address>
         <size>0x333</size>
         <input_file_ref idref="fl-d9"/>
      </object_component>
      <object_component id="oc-1fb">
         <name>.debug_info</name>
         <load_address>0x7f14</load_address>
         <run_address>0x7f14</run_address>
         <size>0x2a0</size>
         <input_file_ref idref="fl-d9"/>
      </object_component>
      <object_component id="oc-225">
         <name>.debug_info</name>
         <load_address>0x81b4</load_address>
         <run_address>0x81b4</run_address>
         <size>0x2ff</size>
         <input_file_ref idref="fl-d9"/>
      </object_component>
      <object_component id="oc-1ef">
         <name>.debug_info</name>
         <load_address>0x84b3</load_address>
         <run_address>0x84b3</run_address>
         <size>0x326</size>
         <input_file_ref idref="fl-d9"/>
      </object_component>
      <object_component id="oc-219">
         <name>.debug_info</name>
         <load_address>0x87d9</load_address>
         <run_address>0x87d9</run_address>
         <size>0x2a4</size>
         <input_file_ref idref="fl-d9"/>
      </object_component>
      <object_component id="oc-21f">
         <name>.debug_info</name>
         <load_address>0x8a7d</load_address>
         <run_address>0x8a7d</run_address>
         <size>0x2e7</size>
         <input_file_ref idref="fl-d9"/>
      </object_component>
      <object_component id="oc-213">
         <name>.debug_info</name>
         <load_address>0x8d64</load_address>
         <run_address>0x8d64</run_address>
         <size>0x294</size>
         <input_file_ref idref="fl-d9"/>
      </object_component>
      <object_component id="oc-201">
         <name>.debug_info</name>
         <load_address>0x8ff8</load_address>
         <run_address>0x8ff8</run_address>
         <size>0x2c1</size>
         <input_file_ref idref="fl-d9"/>
      </object_component>
      <object_component id="oc-254">
         <name>.debug_info</name>
         <load_address>0x92b9</load_address>
         <run_address>0x92b9</run_address>
         <size>0x240</size>
         <input_file_ref idref="fl-da"/>
      </object_component>
      <object_component id="oc-2e5">
         <name>.debug_info</name>
         <load_address>0x94f9</load_address>
         <run_address>0x94f9</run_address>
         <size>0x167</size>
         <input_file_ref idref="fl-da"/>
      </object_component>
      <object_component id="oc-2e8">
         <name>.debug_info</name>
         <load_address>0x9660</load_address>
         <run_address>0x9660</run_address>
         <size>0x169</size>
         <input_file_ref idref="fl-da"/>
      </object_component>
      <object_component id="oc-251">
         <name>.debug_info</name>
         <load_address>0x97c9</load_address>
         <run_address>0x97c9</run_address>
         <size>0x15b</size>
         <input_file_ref idref="fl-da"/>
      </object_component>
      <object_component id="oc-16a">
         <name>.debug_info</name>
         <load_address>0x9924</load_address>
         <run_address>0x9924</run_address>
         <size>0x2a3</size>
         <input_file_ref idref="fl-da"/>
      </object_component>
      <object_component id="oc-134">
         <name>.debug_info</name>
         <load_address>0x9bc7</load_address>
         <run_address>0x9bc7</run_address>
         <size>0x2b3</size>
         <input_file_ref idref="fl-da"/>
      </object_component>
      <object_component id="oc-140">
         <name>.debug_info</name>
         <load_address>0x9e7a</load_address>
         <run_address>0x9e7a</run_address>
         <size>0x316</size>
         <input_file_ref idref="fl-da"/>
      </object_component>
      <object_component id="oc-f1">
         <name>.debug_info</name>
         <load_address>0xa190</load_address>
         <run_address>0xa190</run_address>
         <size>0x27b</size>
         <input_file_ref idref="fl-da"/>
      </object_component>
      <object_component id="oc-1e8">
         <name>.debug_info</name>
         <load_address>0xa40b</load_address>
         <run_address>0xa40b</run_address>
         <size>0x279</size>
         <input_file_ref idref="fl-da"/>
      </object_component>
      <object_component id="oc-13a">
         <name>.debug_info</name>
         <load_address>0xa684</load_address>
         <run_address>0xa684</run_address>
         <size>0x2b7</size>
         <input_file_ref idref="fl-da"/>
      </object_component>
      <object_component id="oc-207">
         <name>.debug_info</name>
         <load_address>0xa93b</load_address>
         <run_address>0xa93b</run_address>
         <size>0x285</size>
         <input_file_ref idref="fl-da"/>
      </object_component>
      <object_component id="oc-20d">
         <name>.debug_info</name>
         <load_address>0xabc0</load_address>
         <run_address>0xabc0</run_address>
         <size>0x279</size>
         <input_file_ref idref="fl-da"/>
      </object_component>
      <object_component id="oc-182">
         <name>.debug_info</name>
         <load_address>0xae39</load_address>
         <run_address>0xae39</run_address>
         <size>0x27b</size>
         <input_file_ref idref="fl-da"/>
      </object_component>
      <object_component id="oc-eb">
         <name>.debug_info</name>
         <load_address>0xb0b4</load_address>
         <run_address>0xb0b4</run_address>
         <size>0x280</size>
         <input_file_ref idref="fl-da"/>
      </object_component>
      <object_component id="oc-279">
         <name>.debug_info</name>
         <load_address>0xb334</load_address>
         <run_address>0xb334</run_address>
         <size>0x298</size>
         <input_file_ref idref="fl-da"/>
      </object_component>
      <object_component id="oc-14c">
         <name>.debug_info</name>
         <load_address>0xb5cc</load_address>
         <run_address>0xb5cc</run_address>
         <size>0x2bb</size>
         <input_file_ref idref="fl-da"/>
      </object_component>
      <object_component id="oc-146">
         <name>.debug_info</name>
         <load_address>0xb887</load_address>
         <run_address>0xb887</run_address>
         <size>0x2cf</size>
         <input_file_ref idref="fl-da"/>
      </object_component>
      <object_component id="oc-152">
         <name>.debug_info</name>
         <load_address>0xbb56</load_address>
         <run_address>0xbb56</run_address>
         <size>0x28f</size>
         <input_file_ref idref="fl-da"/>
      </object_component>
      <object_component id="oc-170">
         <name>.debug_info</name>
         <load_address>0xbde5</load_address>
         <run_address>0xbde5</run_address>
         <size>0x28d</size>
         <input_file_ref idref="fl-da"/>
      </object_component>
      <object_component id="oc-26c">
         <name>.debug_info</name>
         <load_address>0xc072</load_address>
         <run_address>0xc072</run_address>
         <size>0x20e</size>
         <input_file_ref idref="fl-db"/>
      </object_component>
      <object_component id="oc-269">
         <name>.debug_info</name>
         <load_address>0xc280</load_address>
         <run_address>0xc280</run_address>
         <size>0x210</size>
         <input_file_ref idref="fl-db"/>
      </object_component>
      <object_component id="oc-2d2">
         <name>.debug_info</name>
         <load_address>0xc490</load_address>
         <run_address>0xc490</run_address>
         <size>0x157</size>
         <input_file_ref idref="fl-db"/>
      </object_component>
      <object_component id="oc-23e">
         <name>.debug_info</name>
         <load_address>0xc5e7</load_address>
         <run_address>0xc5e7</run_address>
         <size>0x2c1</size>
         <input_file_ref idref="fl-db"/>
      </object_component>
      <object_component id="oc-cb">
         <name>.debug_info</name>
         <load_address>0xc8a8</load_address>
         <run_address>0xc8a8</run_address>
         <size>0x23e</size>
         <input_file_ref idref="fl-db"/>
      </object_component>
      <object_component id="oc-ad">
         <name>.debug_info</name>
         <load_address>0xcae6</load_address>
         <run_address>0xcae6</run_address>
         <size>0x240</size>
         <input_file_ref idref="fl-db"/>
      </object_component>
      <object_component id="oc-103">
         <name>.debug_info</name>
         <load_address>0xcd26</load_address>
         <run_address>0xcd26</run_address>
         <size>0x268</size>
         <input_file_ref idref="fl-db"/>
      </object_component>
      <object_component id="oc-2ba">
         <name>.debug_info</name>
         <load_address>0xcf8e</load_address>
         <run_address>0xcf8e</run_address>
         <size>0x1ed</size>
         <input_file_ref idref="fl-dc"/>
      </object_component>
      <object_component id="oc-1d5">
         <name>.debug_info</name>
         <load_address>0xd17b</load_address>
         <run_address>0xd17b</run_address>
         <size>0x2f6</size>
         <input_file_ref idref="fl-dc"/>
      </object_component>
      <object_component id="oc-1db">
         <name>.debug_info</name>
         <load_address>0xd471</load_address>
         <run_address>0xd471</run_address>
         <size>0x2c4</size>
         <input_file_ref idref="fl-dc"/>
      </object_component>
      <object_component id="oc-1cf">
         <name>.debug_info</name>
         <load_address>0xd735</load_address>
         <run_address>0xd735</run_address>
         <size>0x2b6</size>
         <input_file_ref idref="fl-dc"/>
      </object_component>
      <object_component id="oc-1e2">
         <name>.debug_info</name>
         <load_address>0xd9eb</load_address>
         <run_address>0xd9eb</run_address>
         <size>0x276</size>
         <input_file_ref idref="fl-dc"/>
      </object_component>
      <object_component id="oc-1ca">
         <name>.debug_info</name>
         <load_address>0xdc61</load_address>
         <run_address>0xdc61</run_address>
         <size>0x2b3</size>
         <input_file_ref idref="fl-dc"/>
      </object_component>
      <object_component id="oc-1c1">
         <name>.debug_info</name>
         <load_address>0xdf14</load_address>
         <run_address>0xdf14</run_address>
         <size>0x298</size>
         <input_file_ref idref="fl-dd"/>
      </object_component>
      <object_component id="oc-257">
         <name>.debug_info</name>
         <load_address>0xe1ac</load_address>
         <run_address>0xe1ac</run_address>
         <size>0x14d</size>
         <input_file_ref idref="fl-dd"/>
      </object_component>
      <object_component id="oc-e5">
         <name>.debug_info</name>
         <load_address>0xe2f9</load_address>
         <run_address>0xe2f9</run_address>
         <size>0x27f</size>
         <input_file_ref idref="fl-dd"/>
      </object_component>
      <object_component id="oc-df">
         <name>.debug_info</name>
         <load_address>0xe578</load_address>
         <run_address>0xe578</run_address>
         <size>0x27d</size>
         <input_file_ref idref="fl-dd"/>
      </object_component>
      <object_component id="oc-1c4">
         <name>.debug_info</name>
         <load_address>0xe7f5</load_address>
         <run_address>0xe7f5</run_address>
         <size>0x263</size>
         <input_file_ref idref="fl-dd"/>
      </object_component>
      <object_component id="oc-8e">
         <name>.debug_info</name>
         <load_address>0xea58</load_address>
         <run_address>0xea58</run_address>
         <size>0x2db</size>
         <input_file_ref idref="fl-dd"/>
      </object_component>
      <object_component id="oc-f7">
         <name>.debug_info</name>
         <load_address>0xed33</load_address>
         <run_address>0xed33</run_address>
         <size>0x2b5</size>
         <input_file_ref idref="fl-dd"/>
      </object_component>
      <object_component id="oc-2b3">
         <name>.debug_info</name>
         <load_address>0xefe8</load_address>
         <run_address>0xefe8</run_address>
         <size>0x5f</size>
         <input_file_ref idref="fl-dd"/>
      </object_component>
      <object_component id="oc-23c">
         <name>.debug_info</name>
         <load_address>0xf047</load_address>
         <run_address>0xf047</run_address>
         <size>0x19d</size>
         <input_file_ref idref="fl-de"/>
      </object_component>
      <object_component id="oc-bb">
         <name>.debug_info</name>
         <load_address>0xf1e4</load_address>
         <run_address>0xf1e4</run_address>
         <size>0x261</size>
         <input_file_ref idref="fl-de"/>
      </object_component>
      <object_component id="oc-c1">
         <name>.debug_info</name>
         <load_address>0xf445</load_address>
         <run_address>0xf445</run_address>
         <size>0x277</size>
         <input_file_ref idref="fl-de"/>
      </object_component>
      <object_component id="oc-c4">
         <name>.debug_info</name>
         <load_address>0xf6bc</load_address>
         <run_address>0xf6bc</run_address>
         <size>0x221</size>
         <input_file_ref idref="fl-de"/>
      </object_component>
      <object_component id="oc-b3">
         <name>.debug_info</name>
         <load_address>0xf8dd</load_address>
         <run_address>0xf8dd</run_address>
         <size>0x223</size>
         <input_file_ref idref="fl-de"/>
      </object_component>
      <object_component id="oc-281">
         <name>.debug_info</name>
         <load_address>0xfb00</load_address>
         <run_address>0xfb00</run_address>
         <size>0x223</size>
         <input_file_ref idref="fl-df"/>
      </object_component>
      <object_component id="oc-175">
         <name>.debug_info</name>
         <load_address>0xfd23</load_address>
         <run_address>0xfd23</run_address>
         <size>0x2ba</size>
         <input_file_ref idref="fl-df"/>
      </object_component>
      <object_component id="oc-15d">
         <name>.debug_info</name>
         <load_address>0xffdd</load_address>
         <run_address>0xffdd</run_address>
         <size>0x294</size>
         <input_file_ref idref="fl-df"/>
      </object_component>
      <object_component id="oc-17b">
         <name>.debug_info</name>
         <load_address>0x10271</load_address>
         <run_address>0x10271</run_address>
         <size>0x292</size>
         <input_file_ref idref="fl-df"/>
      </object_component>
      <object_component id="oc-163">
         <name>.debug_info</name>
         <load_address>0x10503</load_address>
         <run_address>0x10503</run_address>
         <size>0x27f</size>
         <input_file_ref idref="fl-df"/>
      </object_component>
      <object_component id="oc-157">
         <name>.debug_info</name>
         <load_address>0x10782</load_address>
         <run_address>0x10782</run_address>
         <size>0x28c</size>
         <input_file_ref idref="fl-df"/>
      </object_component>
      <object_component id="oc-267">
         <name>.debug_info</name>
         <load_address>0x10a0e</load_address>
         <run_address>0x10a0e</run_address>
         <size>0x227</size>
         <input_file_ref idref="fl-e0"/>
      </object_component>
      <object_component id="oc-114">
         <name>.debug_info</name>
         <load_address>0x10c35</load_address>
         <run_address>0x10c35</run_address>
         <size>0x27f</size>
         <input_file_ref idref="fl-e0"/>
      </object_component>
      <object_component id="oc-108">
         <name>.debug_info</name>
         <load_address>0x10eb4</load_address>
         <run_address>0x10eb4</run_address>
         <size>0x28f</size>
         <input_file_ref idref="fl-e0"/>
      </object_component>
      <object_component id="oc-11a">
         <name>.debug_info</name>
         <load_address>0x11143</load_address>
         <run_address>0x11143</run_address>
         <size>0x28d</size>
         <input_file_ref idref="fl-e0"/>
      </object_component>
      <object_component id="oc-261">
         <name>.debug_info</name>
         <load_address>0x113d0</load_address>
         <run_address>0x113d0</run_address>
         <size>0x247</size>
         <input_file_ref idref="fl-e0"/>
      </object_component>
      <object_component id="oc-25b">
         <name>.debug_info</name>
         <load_address>0x11617</load_address>
         <run_address>0x11617</run_address>
         <size>0x249</size>
         <input_file_ref idref="fl-e0"/>
      </object_component>
      <object_component id="oc-fc">
         <name>.debug_info</name>
         <load_address>0x11860</load_address>
         <run_address>0x11860</run_address>
         <size>0x326</size>
         <input_file_ref idref="fl-e0"/>
      </object_component>
      <object_component id="oc-12c">
         <name>.debug_info</name>
         <load_address>0x11b86</load_address>
         <run_address>0x11b86</run_address>
         <size>0x253</size>
         <input_file_ref idref="fl-e0"/>
      </object_component>
      <object_component id="oc-126">
         <name>.debug_info</name>
         <load_address>0x11dd9</load_address>
         <run_address>0x11dd9</run_address>
         <size>0x28d</size>
         <input_file_ref idref="fl-e0"/>
      </object_component>
      <object_component id="oc-10e">
         <name>.debug_info</name>
         <load_address>0x12066</load_address>
         <run_address>0x12066</run_address>
         <size>0x273</size>
         <input_file_ref idref="fl-e0"/>
      </object_component>
      <object_component id="oc-120">
         <name>.debug_info</name>
         <load_address>0x122d9</load_address>
         <run_address>0x122d9</run_address>
         <size>0x263</size>
         <input_file_ref idref="fl-e0"/>
      </object_component>
      <object_component id="oc-246">
         <name>.debug_info</name>
         <load_address>0x1253c</load_address>
         <run_address>0x1253c</run_address>
         <size>0x212</size>
         <input_file_ref idref="fl-e1"/>
      </object_component>
      <object_component id="oc-234">
         <name>.debug_info</name>
         <load_address>0x1274e</load_address>
         <run_address>0x1274e</run_address>
         <size>0x20f</size>
         <input_file_ref idref="fl-e1"/>
      </object_component>
      <object_component id="oc-32b">
         <name>.debug_info</name>
         <load_address>0x1295d</load_address>
         <run_address>0x1295d</run_address>
         <size>0x9f</size>
      </object_component>
      <object_component id="oc-28a">
         <name>.debug_line</name>
         <load_address>0x0</load_address>
         <run_address>0x0</run_address>
         <size>0x10f</size>
         <input_file_ref idref="fl-2"/>
      </object_component>
      <object_component id="oc-41">
         <name>.debug_line</name>
         <load_address>0x10f</load_address>
         <run_address>0x10f</run_address>
         <size>0xb9</size>
         <input_file_ref idref="fl-2"/>
      </object_component>
      <object_component id="oc-db">
         <name>.debug_line</name>
         <load_address>0x1c8</load_address>
         <run_address>0x1c8</run_address>
         <size>0x20</size>
         <input_file_ref idref="fl-2"/>
      </object_component>
      <object_component id="oc-d6">
         <name>.debug_line</name>
         <load_address>0x1e8</load_address>
         <run_address>0x1e8</run_address>
         <size>0x65</size>
         <input_file_ref idref="fl-2"/>
      </object_component>
      <object_component id="oc-38">
         <name>.debug_line</name>
         <load_address>0x24d</load_address>
         <run_address>0x24d</run_address>
         <size>0xb0</size>
         <input_file_ref idref="fl-3"/>
      </object_component>
      <object_component id="oc-22c">
         <name>.debug_line</name>
         <load_address>0x2fd</load_address>
         <run_address>0x2fd</run_address>
         <size>0x110</size>
         <input_file_ref idref="fl-4"/>
      </object_component>
      <object_component id="oc-22e">
         <name>.debug_line</name>
         <load_address>0x40d</load_address>
         <run_address>0x40d</run_address>
         <size>0x2d</size>
         <input_file_ref idref="fl-4"/>
      </object_component>
      <object_component id="oc-24d">
         <name>.debug_line</name>
         <load_address>0x43a</load_address>
         <run_address>0x43a</run_address>
         <size>0x2d</size>
         <input_file_ref idref="fl-4"/>
      </object_component>
      <object_component id="oc-230">
         <name>.debug_line</name>
         <load_address>0x467</load_address>
         <run_address>0x467</run_address>
         <size>0x2d</size>
         <input_file_ref idref="fl-4"/>
      </object_component>
      <object_component id="oc-232">
         <name>.debug_line</name>
         <load_address>0x494</load_address>
         <run_address>0x494</run_address>
         <size>0x2d</size>
         <input_file_ref idref="fl-4"/>
      </object_component>
      <object_component id="oc-32">
         <name>.debug_line</name>
         <load_address>0x4c1</load_address>
         <run_address>0x4c1</run_address>
         <size>0x272</size>
         <input_file_ref idref="fl-4"/>
      </object_component>
      <object_component id="oc-97">
         <name>.debug_line</name>
         <load_address>0x733</load_address>
         <run_address>0x733</run_address>
         <size>0xae</size>
         <input_file_ref idref="fl-5"/>
      </object_component>
      <object_component id="oc-18b">
         <name>.debug_line</name>
         <load_address>0x7e1</load_address>
         <run_address>0x7e1</run_address>
         <size>0x41</size>
         <input_file_ref idref="fl-6"/>
      </object_component>
      <object_component id="oc-44">
         <name>.debug_line</name>
         <load_address>0x822</load_address>
         <run_address>0x822</run_address>
         <size>0x41</size>
         <input_file_ref idref="fl-6"/>
      </object_component>
      <object_component id="oc-2f">
         <name>.debug_line</name>
         <load_address>0x863</load_address>
         <run_address>0x863</run_address>
         <size>0xa1</size>
         <input_file_ref idref="fl-6"/>
      </object_component>
      <object_component id="oc-4f">
         <name>.debug_line</name>
         <load_address>0x904</load_address>
         <run_address>0x904</run_address>
         <size>0x20</size>
         <input_file_ref idref="fl-6"/>
      </object_component>
      <object_component id="oc-2cd">
         <name>.debug_line</name>
         <load_address>0x924</load_address>
         <run_address>0x924</run_address>
         <size>0xc3</size>
         <input_file_ref idref="fl-7"/>
      </object_component>
      <object_component id="oc-9a">
         <name>.debug_line</name>
         <load_address>0x9e7</load_address>
         <run_address>0x9e7</run_address>
         <size>0x150</size>
         <input_file_ref idref="fl-7"/>
      </object_component>
      <object_component id="oc-28">
         <name>.debug_line</name>
         <load_address>0xb37</load_address>
         <run_address>0xb37</run_address>
         <size>0x53</size>
         <input_file_ref idref="fl-c3"/>
      </object_component>
      <object_component id="oc-28c">
         <name>.debug_line</name>
         <load_address>0xb8a</load_address>
         <run_address>0xb8a</run_address>
         <size>0x20</size>
         <input_file_ref idref="fl-c4"/>
      </object_component>
      <object_component id="oc-16">
         <name>.debug_line</name>
         <load_address>0xbaa</load_address>
         <run_address>0xbaa</run_address>
         <size>0xa9</size>
         <input_file_ref idref="fl-c4"/>
      </object_component>
      <object_component id="oc-4a">
         <name>.debug_line</name>
         <load_address>0xc53</load_address>
         <run_address>0xc53</run_address>
         <size>0x3a</size>
         <input_file_ref idref="fl-c4"/>
      </object_component>
      <object_component id="oc-18f">
         <name>.debug_line</name>
         <load_address>0xc8d</load_address>
         <run_address>0xc8d</run_address>
         <size>0x8a</size>
         <input_file_ref idref="fl-c4"/>
      </object_component>
      <object_component id="oc-199">
         <name>.debug_line</name>
         <load_address>0xd17</load_address>
         <run_address>0xd17</run_address>
         <size>0x8a</size>
         <input_file_ref idref="fl-c5"/>
      </object_component>
      <object_component id="oc-1d">
         <name>.debug_line</name>
         <load_address>0xda1</load_address>
         <run_address>0xda1</run_address>
         <size>0x55</size>
         <input_file_ref idref="fl-c5"/>
      </object_component>
      <object_component id="oc-5a">
         <name>.debug_line</name>
         <load_address>0xdf6</load_address>
         <run_address>0xdf6</run_address>
         <size>0x3a</size>
         <input_file_ref idref="fl-c5"/>
      </object_component>
      <object_component id="oc-196">
         <name>.debug_line</name>
         <load_address>0xe30</load_address>
         <run_address>0xe30</run_address>
         <size>0x8a</size>
         <input_file_ref idref="fl-c5"/>
      </object_component>
      <object_component id="oc-1a1">
         <name>.debug_line</name>
         <load_address>0xeba</load_address>
         <run_address>0xeba</run_address>
         <size>0x8a</size>
         <input_file_ref idref="fl-c6"/>
      </object_component>
      <object_component id="oc-23">
         <name>.debug_line</name>
         <load_address>0xf44</load_address>
         <run_address>0xf44</run_address>
         <size>0x4f</size>
         <input_file_ref idref="fl-c6"/>
      </object_component>
      <object_component id="oc-66">
         <name>.debug_line</name>
         <load_address>0xf93</load_address>
         <run_address>0xf93</run_address>
         <size>0x34</size>
         <input_file_ref idref="fl-c6"/>
      </object_component>
      <object_component id="oc-19e">
         <name>.debug_line</name>
         <load_address>0xfc7</load_address>
         <run_address>0xfc7</run_address>
         <size>0x8a</size>
         <input_file_ref idref="fl-c6"/>
      </object_component>
      <object_component id="oc-2b0">
         <name>.debug_line</name>
         <load_address>0x1051</load_address>
         <run_address>0x1051</run_address>
         <size>0xf2</size>
         <input_file_ref idref="fl-c9"/>
      </object_component>
      <object_component id="oc-2a4">
         <name>.debug_line</name>
         <load_address>0x1143</load_address>
         <run_address>0x1143</run_address>
         <size>0x2a</size>
         <input_file_ref idref="fl-c9"/>
      </object_component>
      <object_component id="oc-86">
         <name>.debug_line</name>
         <load_address>0x116d</load_address>
         <run_address>0x116d</run_address>
         <size>0x86</size>
         <input_file_ref idref="fl-c9"/>
      </object_component>
      <object_component id="oc-52">
         <name>.debug_line</name>
         <load_address>0x11f3</load_address>
         <run_address>0x11f3</run_address>
         <size>0x88</size>
         <input_file_ref idref="fl-cf"/>
      </object_component>
      <object_component id="oc-5e">
         <name>.debug_line</name>
         <load_address>0x127b</load_address>
         <run_address>0x127b</run_address>
         <size>0x79</size>
         <input_file_ref idref="fl-d0"/>
      </object_component>
      <object_component id="oc-6e">
         <name>.debug_line</name>
         <load_address>0x12f4</load_address>
         <run_address>0x12f4</run_address>
         <size>0x3d</size>
         <input_file_ref idref="fl-d1"/>
      </object_component>
      <object_component id="oc-74">
         <name>.debug_line</name>
         <load_address>0x1331</load_address>
         <run_address>0x1331</run_address>
         <size>0x40</size>
         <input_file_ref idref="fl-d2"/>
      </object_component>
      <object_component id="oc-1be">
         <name>.debug_line</name>
         <load_address>0x1371</load_address>
         <run_address>0x1371</run_address>
         <size>0x33</size>
         <input_file_ref idref="fl-d3"/>
      </object_component>
      <object_component id="oc-2fb">
         <name>.debug_line</name>
         <load_address>0x13a4</load_address>
         <run_address>0x13a4</run_address>
         <size>0x20</size>
         <input_file_ref idref="fl-d4"/>
      </object_component>
      <object_component id="oc-2ac">
         <name>.debug_line</name>
         <load_address>0x13c4</load_address>
         <run_address>0x13c4</run_address>
         <size>0x2b</size>
         <input_file_ref idref="fl-d4"/>
      </object_component>
      <object_component id="oc-2aa">
         <name>.debug_line</name>
         <load_address>0x13ef</load_address>
         <run_address>0x13ef</run_address>
         <size>0x68</size>
         <input_file_ref idref="fl-d4"/>
      </object_component>
      <object_component id="oc-29d">
         <name>.debug_line</name>
         <load_address>0x1457</load_address>
         <run_address>0x1457</run_address>
         <size>0x2b</size>
         <input_file_ref idref="fl-d5"/>
      </object_component>
      <object_component id="oc-7c">
         <name>.debug_line</name>
         <load_address>0x1482</load_address>
         <run_address>0x1482</run_address>
         <size>0x4a</size>
         <input_file_ref idref="fl-d5"/>
      </object_component>
      <object_component id="oc-2a1">
         <name>.debug_line</name>
         <load_address>0x14cc</load_address>
         <run_address>0x14cc</run_address>
         <size>0x2b</size>
         <input_file_ref idref="fl-d5"/>
      </object_component>
      <object_component id="oc-291">
         <name>.debug_line</name>
         <load_address>0x14f7</load_address>
         <run_address>0x14f7</run_address>
         <size>0xa9</size>
         <input_file_ref idref="fl-d6"/>
      </object_component>
      <object_component id="oc-79">
         <name>.debug_line</name>
         <load_address>0x15a0</load_address>
         <run_address>0x15a0</run_address>
         <size>0x8b</size>
         <input_file_ref idref="fl-d6"/>
      </object_component>
      <object_component id="oc-295">
         <name>.debug_line</name>
         <load_address>0x162b</load_address>
         <run_address>0x162b</run_address>
         <size>0x2e</size>
         <input_file_ref idref="fl-d6"/>
      </object_component>
      <object_component id="oc-2f7">
[...]
         <value>0x20000498</value>
         <object_component_ref idref="oc-a2"/>
      </symbol>
      <symbol id="sm-12e">
         <name>currentTime</name>
         <value>0x20000474</value>
         <object_component_ref idref="oc-a2"/>
      </symbol>
      <symbol id="sm-12f">
         <name>ErrorYLast</name>
         <value>0x20000494</value>
         <object_component_ref idref="oc-a2"/>
      </symbol>
      <symbol id="sm-130">
         <name>needMotorUpdate</name>
         <value>0x2000047b</value>
         <object_component_ref idref="oc-a2"/>
      </symbol>
      <symbol id="sm-131">
         <name>Setup</name>
         <value>0x26d</value>
         <object_component_ref idref="oc-31"/>
      </symbol>
      <symbol id="sm-132">
         <name>ErrorXLast</name>
         <value>0x20000488</value>
         <object_component_ref idref="oc-a2"/>
      </symbol>
      <symbol id="sm-133">
         <name>mode</name>
         <value>0x200004b0</value>
         <object_component_ref idref="oc-a2"/>
      </symbol>
      <symbol id="sm-134">
         <name>CircleUpdateRate</name>
         <value>0x200004a0</value>
         <object_component_ref idref="oc-a2"/>
      </symbol>
      <symbol id="sm-135">
         <name>ErrorYDif</name>
         <value>0x2000049c</value>
         <object_component_ref idref="oc-a2"/>
      </symbol>
      <symbol id="sm-136">
         <name>CirclePosition_X</name>
         <value>0x1b9c</value>
         <object_component_ref idref="oc-a5"/>
      </symbol>
      <symbol id="sm-137">
         <name>CirclePosition_Y</name>
         <value>0x1e6c</value>
         <object_component_ref idref="oc-a8"/>
      </symbol>
      <symbol id="sm-138">
         <name>currentYDegrees</name>
         <value>0x20000470</value>
         <object_component_ref idref="oc-a2"/>
      </symbol>
      <symbol id="sm-139">
         <name>UpdateBallPosition</name>
         <value>0x47f</value>
         <object_component_ref idref="oc-31"/>
      </symbol>
      <symbol id="sm-13a">
         <name>needPIDUpdate</name>
         <value>0x2000047a</value>
         <object_component_ref idref="oc-a2"/>
      </symbol>
      <symbol id="sm-13b">
         <name>averageIndex</name>
         <value>0x200004a4</value>
         <object_component_ref idref="oc-a2"/>
      </symbol>
      <symbol id="sm-13c">
         <name>SysTick_Init</name>
         <value>0x6cd</value>
         <object_component_ref idref="oc-31"/>
      </symbol>
      <symbol id="sm-13d">
         <name>Abs</name>
         <value>0x4d1</value>
         <object_component_ref idref="oc-31"/>
      </symbol>
      <symbol id="sm-153">
         <name>Servo_Init</name>
         <value>0x1171</value>
         <object_component_ref idref="oc-92"/>
      </symbol>
      <symbol id="sm-154">
         <name>PWM_Init</name>
         <value>0x1111</value>
         <object_component_ref idref="oc-92"/>
      </symbol>
      <symbol id="sm-155">
         <name>Servo_Set</name>
         <value>0x11af</value>
         <object_component_ref idref="oc-92"/>
      </symbol>
      <symbol id="sm-156">
         <name>Servo_Set_Degrees</name>
         <value>0x11c1</value>
         <object_component_ref idref="oc-92"/>
      </symbol>
      <symbol id="sm-177">
         <name>ResetISR</name>
         <value>0x1b3f</value>
         <object_component_ref idref="oc-2b"/>
      </symbol>
      <symbol id="sm-178">
         <name>g_pfnVectors</name>
         <value>0x0</value>
         <object_component_ref idref="oc-f"/>
      </symbol>
      <symbol id="sm-19d">
         <name>Touch_Present</name>
         <value>0xa67</value>
         <object_component_ref idref="oc-98"/>
      </symbol>
      <symbol id="sm-19e">
         <name>Touch_Config</name>
         <value>0x989</value>
         <object_component_ref idref="oc-98"/>
      </symbol>
      <symbol id="sm-19f">
         <name>ADC_Init</name>
         <value>0x88d</value>
         <object_component_ref idref="oc-98"/>
      </symbol>
      <symbol id="sm-1a0">
         <name>Touch_Read_Y</name>
         <value>0xad9</value>
         <object_component_ref idref="oc-98"/>
      </symbol>
      <symbol id="sm-1a1">
         <name>Touch_Read_X</name>
         <value>0xb1b</value>
         <object_component_ref idref="oc-98"/>
      </symbol>
      <symbol id="sm-1a2">
         <name>GetADCValue</name>
         <value>0xa1f</value>
         <object_component_ref idref="oc-98"/>
      </symbol>
      <symbol id="sm-1a3">
         <name>Touch_Init</name>
         <value>0x8df</value>
         <object_component_ref idref="oc-98"/>
      </symbol>
      <symbol id="sm-1a4">
         <name>Touch_Off</name>
         <value>0x961</value>
         <object_component_ref idref="oc-98"/>
      </symbol>
      <symbol id="sm-1b6">
         <name>_c_int00</name>
         <value>0x1585</value>
         <object_component_ref idref="oc-24"/>
      </symbol>
      <symbol id="sm-1b7">
         <name>__stack</name>
         <value>0x2000026c</value>
         <object_component_ref idref="oc-2a"/>
      </symbol>
      <symbol id="sm-1d5">
         <name>__TI_decompress_lzss</name>
         <value>0x1465</value>
         <object_component_ref idref="oc-12"/>
      </symbol>
      <symbol id="sm-1ec">
         <name>__TI_decompress_none</name>
         <value>0x1af5</value>
         <object_component_ref idref="oc-18"/>
      </symbol>
      <symbol id="sm-203">
         <name>__TI_zero_init</name>
         <value>0x1b33</value>
         <object_component_ref idref="oc-1e"/>
      </symbol>
      <symbol id="sm-226">
         <name>C$$EXIT</name>
         <value>0x15d9</value>
         <object_component_ref idref="oc-81"/>
      </symbol>
      <symbol id="sm-227">
         <name>abort</name>
         <value>0x15dd</value>
         <object_component_ref idref="oc-81"/>
      </symbol>
      <symbol id="sm-228">
         <name>exit</name>
         <value>0x15e5</value>
         <object_component_ref idref="oc-81"/>
      </symbol>
      <symbol id="sm-229">
         <name>__TI_dtors_ptr</name>
         <value>0x200004b8</value>
         <object_component_ref idref="oc-1b4"/>
      </symbol>
      <symbol id="sm-22a">
         <name>__TI_cleanup_ptr</name>
         <value>0x200004b4</value>
         <object_component_ref idref="oc-1b4"/>
      </symbol>
      <symbol id="sm-22b">
         <name>__TI_enable_exit_profile_output</name>
         <value>0x200004bc</value>
         <object_component_ref idref="oc-1b4"/>
      </symbol>
      <symbol id="sm-24b">
         <name>memcpy</name>
         <value>0x11fd</value>
         <object_component_ref idref="oc-51"/>
      </symbol>
      <symbol id="sm-24c">
         <name>__aeabi_memcpy</name>
         <value>0x11fd</value>
         <object_component_ref idref="oc-51"/>
      </symbol>
      <symbol id="sm-24d">
         <name>__aeabi_memcpy8</name>
         <value>0x11fd</value>
         <object_component_ref idref="oc-51"/>
      </symbol>
      <symbol id="sm-24e">
         <name>__aeabi_memcpy4</name>
         <value>0x11fd</value>
         <object_component_ref idref="oc-51"/>
      </symbol>
      <symbol id="sm-25d">
         <name>__aeabi_memset</name>
         <value>0x1315</value>
         <object_component_ref idref="oc-5d"/>
      </symbol>
      <symbol id="sm-25e">
         <name>memset</name>
         <value>0x131b</value>
         <object_component_ref idref="oc-5d"/>
      </symbol>
      <symbol id="sm-25f">
         <name>__aeabi_memset8</name>
         <value>0x1315</value>
         <object_component_ref idref="oc-5d"/>
      </symbol>
      <symbol id="sm-260">
         <name>__aeabi_memset4</name>
         <value>0x1315</value>
         <object_component_ref idref="oc-5d"/>
      </symbol>
      <symbol id="sm-261">
         <name>__aeabi_memclr8</name>
         <value>0x1313</value>
         <object_component_ref idref="oc-5d"/>
      </symbol>
      <symbol id="sm-262">
         <name>__aeabi_memclr4</name>
         <value>0x1313</value>
         <object_component_ref idref="oc-5d"/>
      </symbol>
      <symbol id="sm-263">
         <name>__aeabi_memclr</name>
         <value>0x1313</value>
         <object_component_ref idref="oc-5d"/>
      </symbol>
      <symbol id="sm-26d">
         <name>__mpu_init</name>
         <value>0xcb3</value>
         <object_component_ref idref="oc-69"/>
      </symbol>
      <symbol id="sm-277">
         <name>_system_pre_init</name>
         <value>0x1b99</value>
         <object_component_ref idref="oc-6f"/>
      </symbol>
      <symbol id="sm-27f">
         <name>main_func_sp</name>
         <value>0x200004c8</value>
         <object_component_ref idref="oc-87"/>
      </symbol>
      <symbol id="sm-298">
         <name>_nop</name>
         <value>0x19ef</value>
         <object_component_ref idref="oc-2a5"/>
      </symbol>
      <symbol id="sm-299">
         <name>_lock</name>
         <value>0x200004c0</value>
         <object_component_ref idref="oc-1b7"/>
      </symbol>
      <symbol id="sm-29a">
         <name>_unlock</name>
         <value>0x200004c4</value>
         <object_component_ref idref="oc-1b7"/>
      </symbol>
      <symbol id="sm-29b">
         <name>_register_lock</name>
         <value>0x19e7</value>
         <object_component_ref idref="oc-2a5"/>
      </symbol>
      <symbol id="sm-29c">
         <name>_register_unlock</name>
         <value>0x19e1</value>
         <object_component_ref idref="oc-2a5"/>
      </symbol>
      <symbol id="sm-2b0">
         <name>_args_main</name>
         <value>0x1979</value>
         <object_component_ref idref="oc-7b"/>
      </symbol>
      <symbol id="sm-2da">
         <name>__TI_auto_init</name>
         <value>0x138d</value>
         <object_component_ref idref="oc-75"/>
      </symbol>
      <symbol id="sm-2f4">
         <name>copy_in</name>
         <value>0x167d</value>
         <object_component_ref idref="oc-1a4"/>
      </symbol>
      <symbol id="sm-2fe">
         <name>_system_post_cinit</name>
         <value>0x1583</value>
         <object_component_ref idref="oc-1aa"/>
      </symbol>
      <symbol id="sm-34e">
         <name>ADCProcessorTrigger</name>
         <value>0x1931</value>
         <object_component_ref idref="oc-217"/>
      </symbol>
      <symbol id="sm-34f">
         <name>ADCSequenceEnable</name>
         <value>0x1aaf</value>
         <object_component_ref idref="oc-1f9"/>
      </symbol>
      <symbol id="sm-350">
         <name>ADCSequenceConfigure</name>
         <value>0x162d</value>
         <object_component_ref idref="oc-1ed"/>
      </symbol>
      <symbol id="sm-351">
         <name>ADCSequenceStepConfigure</name>
         <value>0x1299</value>
         <object_component_ref idref="oc-1f3"/>
      </symbol>
      <symbol id="sm-352">
         <name>ADCIntClear</name>
         <value>0x1b4b</value>
         <object_component_ref idref="oc-211"/>
      </symbol>
      <symbol id="sm-353">
         <name>ADCHardwareOversampleConfigure</name>
         <value>0x1aa1</value>
         <object_component_ref idref="oc-1ff"/>
      </symbol>
      <symbol id="sm-354">
         <name>ADCIntStatus</name>
         <value>0x183d</value>
         <object_component_ref idref="oc-21d"/>
      </symbol>
      <symbol id="sm-355">
         <name>ADCSequenceDataGet</name>
         <value>0x18d9</value>
         <object_component_ref idref="oc-223"/>
      </symbol>
      <symbol id="sm-3f6">
         <name>GPIOPinTypePWM</name>
         <value>0x1a19</value>
         <object_component_ref idref="oc-1e6"/>
      </symbol>
      <symbol id="sm-3f7">
         <name>GPIOIntRegister</name>
         <value>0x1949</value>
         <object_component_ref idref="oc-144"/>
      </symbol>
      <symbol id="sm-3f8">
         <name>GPIOPinConfigure</name>
         <value>0x16c9</value>
         <object_component_ref idref="oc-e9"/>
      </symbol>
      <symbol id="sm-3f9">
         <name>GPIOIntEnable</name>
         <value>0x1b1b</value>
         <object_component_ref idref="oc-150"/>
      </symbol>
      <symbol id="sm-3fa">
         <name>GPIOIntTypeSet</name>
         <value>0x152d</value>
         <object_component_ref idref="oc-14a"/>
      </symbol>
      <symbol id="sm-3fb">
         <name>GPIOPinTypeADC</name>
         <value>0x19f5</value>
         <object_component_ref idref="oc-20b"/>
      </symbol>
      <symbol id="sm-3fc">
         <name>GPIOPinTypeGPIOInput</name>
         <value>0x1a07</value>
         <object_component_ref idref="oc-205"/>
      </symbol>
      <symbol id="sm-3fd">
         <name>GPIOIntClear</name>
         <value>0x1b79</value>
         <object_component_ref idref="oc-16e"/>
      </symbol>
      <symbol id="sm-3fe">
         <name>GPIOPinTypeUART</name>
         <value>0x1a2b</value>
         <object_component_ref idref="oc-ef"/>
      </symbol>
      <symbol id="sm-3ff">
         <name>GPIOPinTypeGPIOOutput</name>
         <value>0x1961</value>
         <object_component_ref idref="oc-138"/>
      </symbol>
      <symbol id="sm-400">
         <name>GPIOPinRead</name>
         <value>0x1b7f</value>
         <object_component_ref idref="oc-180"/>
      </symbol>
      <symbol id="sm-401">
         <name>GPIODirModeSet</name>
         <value>0x186b</value>
         <object_component_ref idref="oc-132"/>
      </symbol>
      <symbol id="sm-402">
         <name>GPIOPinWrite</name>
         <value>0x1b85</value>
         <object_component_ref idref="oc-168"/>
      </symbol>
      <symbol id="sm-403">
         <name>GPIOPadConfigSet</name>
         <value>0xb81</value>
         <object_component_ref idref="oc-13e"/>
      </symbol>
      <symbol id="sm-44e">
         <name>IntEnable</name>
         <value>0x13fd</value>
         <object_component_ref idref="oc-101"/>
      </symbol>
      <symbol id="sm-44f">
         <name>IntRegister</name>
         <value>0x17d5</value>
         <object_component_ref idref="oc-23d"/>
      </symbol>
      <symbol id="sm-450">
         <name>IntMasterDisable</name>
         <value>0x1a61</value>
         <object_component_ref idref="oc-ab"/>
      </symbol>
      <symbol id="sm-451">
         <name>g_pfnRAMVectors</name>
         <value>0x20000000</value>
         <object_component_ref idref="oc-2d1"/>
      </symbol>
      <symbol id="sm-452">
         <name>IntMasterEnable</name>
         <value>0x1a71</value>
         <object_component_ref idref="oc-c9"/>
      </symbol>
      <symbol id="sm-47f">
         <name>PWMGenPeriodSet</name>
         <value>0x1a81</value>
         <object_component_ref idref="oc-1ce"/>
      </symbol>
      <symbol id="sm-480">
         <name>PWMPulseWidthSet</name>
         <value>0x18f7</value>
         <object_component_ref idref="oc-1d4"/>
      </symbol>
      <symbol id="sm-481">
         <name>PWMOutputState</name>
         <value>0x1a3d</value>
         <object_component_ref idref="oc-1da"/>
      </symbol>
      <symbol id="sm-482">
         <name>PWMGenEnable</name>
         <value>0x1b27</value>
         <object_component_ref idref="oc-1e0"/>
      </symbol>
      <symbol id="sm-483">
         <name>PWMGenConfigure</name>
         <value>0x1895</value>
         <object_component_ref idref="oc-1c8"/>
      </symbol>
      <symbol id="sm-4ea">
         <name>SysCtlClockSet</name>
         <value>0x101d</value>
         <object_component_ref idref="oc-8c"/>
      </symbol>
      <symbol id="sm-4eb">
         <name>SysCtlDelay</name>
         <value>0x1b8b</value>
         <object_component_ref idref="oc-1bf"/>
      </symbol>
      <symbol id="sm-4ec">
         <name>SysCtlPeripheralEnable</name>
         <value>0x1809</value>
         <object_component_ref idref="oc-dd"/>
      </symbol>
      <symbol id="sm-4ed">
         <name>SysCtlClockGet</name>
         <value>0xf0d</value>
         <object_component_ref idref="oc-f5"/>
      </symbol>
      <symbol id="sm-4ee">
         <name>SysCtlPWMClockSet</name>
         <value>0x1991</value>
         <object_component_ref idref="oc-1c2"/>
      </symbol>
      <symbol id="sm-4ef">
         <name>SysCtlPeripheralReady</name>
         <value>0x179d</value>
         <object_component_ref idref="oc-e3"/>
      </symbol>
      <symbol id="sm-51c">
         <name>SysTickEnable</name>
         <value>0x19b9</value>
         <object_component_ref idref="oc-c3"/>
      </symbol>
      <symbol id="sm-51d">
         <name>SysTickIntRegister</name>
         <value>0x1915</value>
         <object_component_ref idref="oc-bd"/>
      </symbol>
      <symbol id="sm-51e">
         <name>SysTickPeriodSet</name>
         <value>0x1a91</value>
         <object_component_ref idref="oc-b7"/>
      </symbol>
      <symbol id="sm-51f">
         <name>SysTickDisable</name>
         <value>0x19a5</value>
         <object_component_ref idref="oc-b1"/>
      </symbol>
      <symbol id="sm-553">
         <name>TimerLoadSet</name>
         <value>0x1a4f</value>
         <object_component_ref idref="oc-174"/>
      </symbol>
      <symbol id="sm-554">
         <name>TimerEnable</name>
         <value>0x1abd</value>
         <object_component_ref idref="oc-162"/>
      </symbol>
      <symbol id="sm-555">
         <name>TimerIntEnable</name>
         <value>0x1b69</value>
         <object_component_ref idref="oc-15c"/>
      </symbol>
      <symbol id="sm-556">
         <name>TimerConfigure</name>
         <value>0x14cd</value>
         <object_component_ref idref="oc-156"/>
      </symbol>
      <symbol id="sm-557">
         <name>TimerIntClear</name>
         <value>0x1b91</value>
         <object_component_ref idref="oc-17a"/>
      </symbol>
      <symbol id="sm-5b1">
         <name>UARTCharPutNonBlocking</name>
         <value>0x1ad9</value>
         <object_component_ref idref="oc-125"/>
      </symbol>
      <symbol id="sm-5b2">
         <name>UARTConfigSetExpClk</name>
         <value>0x1711</value>
         <object_component_ref idref="oc-fb"/>
      </symbol>
      <symbol id="sm-5b3">
         <name>UARTDisable</name>
         <value>0x18b9</value>
         <object_component_ref idref="oc-25a"/>
      </symbol>
      <symbol id="sm-5b4">
         <name>UARTIntEnable</name>
         <value>0x1b71</value>
         <object_component_ref idref="oc-107"/>
      </symbol>
      <symbol id="sm-5b5">
         <name>UARTCharsAvail</name>
         <value>0x1ae7</value>
         <object_component_ref idref="oc-12b"/>
      </symbol>
      <symbol id="sm-5b6">
         <name>UARTCharGetNonBlocking</name>
         <value>0x1acb</value>
         <object_component_ref idref="oc-11f"/>
      </symbol>
      <symbol id="sm-5b7">
         <name>UARTCharPut</name>
         <value>0x1b55</value>
         <object_component_ref idref="oc-10d"/>
      </symbol>
      <symbol id="sm-5b8">
         <name>UARTEnable</name>
         <value>0x19cd</value>
         <object_component_ref idref="oc-260"/>
      </symbol>
      <symbol id="sm-5b9">
         <name>UARTIntClear</name>
         <value>0x1b95</value>
         <object_component_ref idref="oc-119"/>
      </symbol>
      <symbol id="sm-5ba">
         <name>UARTIntStatus</name>
         <value>0x1b5f</value>
         <object_component_ref idref="oc-113"/>
      </symbol>
      <symbol id="sm-5cc">
         <name>CPUcpsie</name>
         <value>0x1b0f</value>
         <object_component_ref idref="oc-245"/>
      </symbol>
      <symbol id="sm-5cd">
         <name>CPUcpsid</name>
         <value>0x1b03</value>
         <object_component_ref idref="oc-233"/>
      </symbol>
      <symbol id="sm-5ce">
         <name>__TI_static_base__</name>
         <value>0x0</value>
      </symbol>
      <symbol id="sm-5d1">
         <name>SHT$$INIT_ARRAY$$Limit</name>
         <value>0x0</value>
      </symbol>
      <symbol id="sm-5d2">
         <name>SHT$$INIT_ARRAY$$Base</name>
         <value>0x0</value>
      </symbol>
   </symbol_table>
   <title>Link successful</title>
</link_info>
